Component: ARM Compiler 5.05 update 1 (build 106) Tool: armlink [4d0efa]

==============================================================================

Section Cross References

    startup_stm32f10x_hd.o(STACK) refers (Special) to heapauxi.o(.text) for __use_two_region_memory
    startup_stm32f10x_hd.o(HEAP) refers (Special) to heapauxi.o(.text) for __use_two_region_memory
    startup_stm32f10x_hd.o(RESET) refers (Special) to heapauxi.o(.text) for __use_two_region_memory
    startup_stm32f10x_hd.o(RESET) refers to startup_stm32f10x_hd.o(STACK) for __initial_sp
    startup_stm32f10x_hd.o(RESET) refers to startup_stm32f10x_hd.o(.text) for Reset_Handler
    startup_stm32f10x_hd.o(RESET) refers to stm32f10x_it.o(.text) for NMI_Handler
    startup_stm32f10x_hd.o(RESET) refers to lora_app.o(.text) for EXTI4_IRQHandler
    startup_stm32f10x_hd.o(RESET) refers to fan.o(.text) for TIM2_IRQHandler
    startup_stm32f10x_hd.o(RESET) refers to timer.o(.text) for TIM3_IRQHandler
    startup_stm32f10x_hd.o(RESET) refers to usart.o(.text) for USART1_IRQHandler
    startup_stm32f10x_hd.o(RESET) refers to usart3.o(.text) for USART3_IRQHandler
    startup_stm32f10x_hd.o(.text) refers (Special) to heapauxi.o(.text) for __use_two_region_memory
    startup_stm32f10x_hd.o(.text) refers to system_stm32f10x.o(.text) for SystemInit
    startup_stm32f10x_hd.o(.text) refers to __main.o(!!!main) for __main
    startup_stm32f10x_hd.o(.text) refers to startup_stm32f10x_hd.o(HEAP) for Heap_Mem
    startup_stm32f10x_hd.o(.text) refers to startup_stm32f10x_hd.o(STACK) for Stack_Mem
    oled.o(.text) refers to stm32f10x_gpio.o(.text) for GPIO_ResetBits
    oled.o(.text) refers to oled.o(.bss) for OLED_GRAM
    oled.o(.text) refers to oled.o(.constdata) for asc2_0806
    oled.o(.text) refers to oled.o(.data) for F16x16
    oled.o(.text) refers to stm32f10x_rcc.o(.text) for RCC_APB2PeriphClockCmd
    stm32f10x_adc.o(.text) refers to stm32f10x_rcc.o(.text) for RCC_APB2PeriphResetCmd
    stm32f10x_bkp.o(.text) refers to stm32f10x_rcc.o(.text) for RCC_BackupResetCmd
    stm32f10x_can.o(.text) refers to stm32f10x_rcc.o(.text) for RCC_APB1PeriphResetCmd
    stm32f10x_cec.o(.text) refers to stm32f10x_rcc.o(.text) for RCC_APB1PeriphResetCmd
    stm32f10x_dac.o(.text) refers to stm32f10x_rcc.o(.text) for RCC_APB1PeriphResetCmd
    stm32f10x_gpio.o(.text) refers to stm32f10x_rcc.o(.text) for RCC_APB2PeriphResetCmd
    stm32f10x_i2c.o(.text) refers to stm32f10x_rcc.o(.text) for RCC_APB1PeriphResetCmd
    stm32f10x_pwr.o(.text) refers to stm32f10x_rcc.o(.text) for RCC_APB1PeriphResetCmd
    stm32f10x_rcc.o(.text) refers to stm32f10x_rcc.o(.data) for APBAHBPrescTable
    stm32f10x_spi.o(.text) refers to stm32f10x_rcc.o(.text) for RCC_APB2PeriphResetCmd
    stm32f10x_tim.o(.text) refers to stm32f10x_rcc.o(.text) for RCC_APB2PeriphResetCmd
    stm32f10x_usart.o(.text) refers to stm32f10x_rcc.o(.text) for RCC_APB2PeriphResetCmd
    stm32f10x_wwdg.o(.text) refers to stm32f10x_rcc.o(.text) for RCC_APB1PeriphResetCmd
    delay.o(.text) refers to misc.o(.text) for SysTick_CLKSourceConfig
    delay.o(.text) refers to system_stm32f10x.o(.data) for SystemCoreClock
    delay.o(.text) refers to delay.o(.data) for fac_us
    sys.o(.text) refers to misc.o(.text) for NVIC_PriorityGroupConfig
    usart.o(.text) refers (Special) to use_no_semi_2.o(.text) for __use_no_semihosting
    usart.o(.text) refers to stm32f10x_rcc.o(.text) for RCC_APB2PeriphClockCmd
    usart.o(.text) refers to stm32f10x_gpio.o(.text) for GPIO_Init
    usart.o(.text) refers to misc.o(.text) for NVIC_Init
    usart.o(.text) refers to stm32f10x_usart.o(.text) for USART_Init
    usart.o(.text) refers to usart.o(.data) for USART_RX_STA
    usart.o(.text) refers to usart.o(.bss) for USART_RX_BUF
    usart.o(.bss) refers (Special) to use_no_semi_2.o(.text) for __use_no_semihosting
    usart.o(.data) refers (Special) to use_no_semi_2.o(.text) for __use_no_semihosting
    stm32f10x_it.o(.text) refers to stm32f10x_rtc.o(.text) for RTC_GetITStatus
    stm32f10x_it.o(.text) refers to bsp_rtc.o(.data) for TimeDisplay
    system_stm32f10x.o(.text) refers to system_stm32f10x.o(.data) for SystemCoreClock
    main.o(.text) refers to _printf_pad.o(.text) for _printf_pre_padding
    main.o(.text) refers to _printf_percent.o(.ARM.Collect$$_printf_percent$$00000000) for _printf_percent
    main.o(.text) refers to _printf_d.o(.ARM.Collect$$_printf_percent$$00000009) for _printf_d
    main.o(.text) refers to _printf_dec.o(.text) for _printf_int_dec
    main.o(.text) refers to _printf_s.o(.ARM.Collect$$_printf_percent$$00000014) for _printf_s
    main.o(.text) refers to _printf_str.o(.text) for _printf_str
    main.o(.text) refers to stm32f10x_rcc.o(.text) for RCC_APB2PeriphClockCmd
    main.o(.text) refers to stm32f10x_gpio.o(.text) for GPIO_Init
    main.o(.text) refers to misc.o(.text) for NVIC_PriorityGroupConfig
    main.o(.text) refers to delay.o(.text) for delay_init
[...]
    .constdata                               0x08007c20   Section       17  __printf_flags_ss_wp.o(.constdata)
    maptable                                 0x08007c20   Data          17  __printf_flags_ss_wp.o(.constdata)
    .constdata                               0x08007c34   Section        8  _printf_wctomb.o(.constdata)
    initial_mbstate                          0x08007c34   Data           8  _printf_wctomb.o(.constdata)
    .constdata                               0x08007c3c   Section       38  _printf_fp_hex.o(.constdata)
    lc_hextab                                0x08007c3c   Data          19  _printf_fp_hex.o(.constdata)
    uc_hextab                                0x08007c4f   Data          19  _printf_fp_hex.o(.constdata)
    .constdata                               0x08007c64   Section      148  bigflt0.o(.constdata)
    tenpwrs_x                                0x08007c64   Data          60  bigflt0.o(.constdata)
    tenpwrs_i                                0x08007ca0   Data          64  bigflt0.o(.constdata)
    .conststring                             0x08007cf8   Section       19  lora_app.o(.conststring)
    .conststring                             0x08007d0c   Section      223  bsp_rtc.o(.conststring)
    locale$$data                             0x08007e0c   Section       28  lc_numeric_c.o(locale$$data)
    __lcnum_c_name                           0x08007e10   Data           2  lc_numeric_c.o(locale$$data)
    __lcnum_c_start                          0x08007e18   Data           0  lc_numeric_c.o(locale$$data)
    __lcnum_c_point                          0x08007e24   Data           0  lc_numeric_c.o(locale$$data)
    __lcnum_c_thousands                      0x08007e26   Data           0  lc_numeric_c.o(locale$$data)
    __lcnum_c_grouping                       0x08007e27   Data           0  lc_numeric_c.o(locale$$data)
    locale$$data                             0x08007e28   Section      272  lc_ctype_c.o(locale$$data)
    __lcnum_c_end                            0x08007e28   Data           0  lc_numeric_c.o(locale$$data)
    __lcctype_c_name                         0x08007e2c   Data           2  lc_ctype_c.o(locale$$data)
    __lcctype_c_start                        0x08007e34   Data           0  lc_ctype_c.o(locale$$data)
    __lcctype_c_end                          0x08007f38   Data           0  lc_ctype_c.o(locale$$data)
    .data                                    0x20000000   Section      416  oled.o(.data)
    .data                                    0x200001a0   Section       20  stm32f10x_rcc.o(.data)
    APBAHBPrescTable                         0x200001a0   Data          16  stm32f10x_rcc.o(.data)
    ADCPrescTable                            0x200001b0   Data           4  stm32f10x_rcc.o(.data)
    .data                                    0x200001b4   Section        4  delay.o(.data)
    fac_us                                   0x200001b4   Data           1  delay.o(.data)
    fac_ms                                   0x200001b6   Data           2  delay.o(.data)
    .data                                    0x200001b8   Section        6  usart.o(.data)
    .data                                    0x200001c0   Section       20  system_stm32f10x.o(.data)
    .data                                    0x200001d4   Section        4  dht11.o(.data)
    .data                                    0x200001d8   Section      128  lora_app.o(.data)
    Int_mode                                 0x20000251   Data           1  lora_app.o(.data)
    .data                                    0x20000258   Section        8  usart3.o(.data)
    bound                                    0x2000025c   Data           4  usart3.o(.data)
    .data                                    0x20000260   Section       16  fan.o(.data)
    .data                                    0x20000270   Section       48  bsp_date.o(.data)
    month_days                               0x20000270   Data          48  bsp_date.o(.data)
    .data                                    0x200002a0   Section      160  bsp_rtc.o(.data)
    FirstDisplay                             0x2000033c   Data           4  bsp_rtc.o(.data)
    .bss                                     0x20000340   Section     1152  oled.o(.bss)
    .bss                                     0x200007c0   Section      200  usart.o(.bss)
    .bss                                     0x20000888   Section      200  lora_app.o(.bss)
    .bss                                     0x20000950   Section     1640  usart3.o(.bss)
    .bss                                     0x20000fb8   Section       96  libspace.o(.bss)
    HEAP                                     0x20001018   Section      512  startup_stm32f10x_hd.o(HEAP)
    Heap_Mem                                 0x20001018   Data         512  startup_stm32f10x_hd.o(HEAP)
    STACK                                    0x20001218   Section     1024  startup_stm32f10x_hd.o(STACK)
    Stack_Mem                                0x20001218   Data        1024  startup_stm32f10x_hd.o(STACK)
    __initial_sp                             0x20001618   Data           0  startup_stm32f10x_hd.o(STACK)

    Global Symbols

    Symbol Name                              Value     Ov Type        Size  Object(Section)

    BuildAttributes$$THM_ISAv4$P$D$K$B$S$PE$A:L22UL41UL21$X:L11$S22US41US21$IEEE1$IW$USESV6$~STKCKD$USESV7$~SHL$OTIME$ROPI$IEEEJ$EBA8$UX$STANDARDLIB$REQ8$PRES8$EABIv2 0x00000000   Number         0  anon$$obj.o ABSOLUTE
    __ARM_use_no_argv                        0x00000000   Number         0  main.o ABSOLUTE
    _printf_flags                            0x00000000   Number         0  printf_stubs.o ABSOLUTE
    _printf_return_value                     0x00000000   Number         0  printf_stubs.o ABSOLUTE
    _printf_sizespec                         0x00000000   Number         0  printf_stubs.o ABSOLUTE
    _printf_widthprec                        0x00000000   Number         0  printf_stubs.o ABSOLUTE
    __ARM_exceptions_init                     - Undefined Weak Reference
    __alloca_initialize                       - Undefined Weak Reference
    __arm_preinit_                            - Undefined Weak Reference
    __cpp_initialize__aeabi_                  - Undefined Weak Reference
    __cxa_finalize                            - Undefined Weak Reference
    __sigvec_lookup                           - Undefined Weak Reference
    _atexit_init                              - Undefined Weak Reference
    _call_atexit_fns                          - Undefined Weak Reference
    _clock_init                               - Undefined Weak Reference
    _fp_trap_init                             - Undefined Weak Reference
    _fp_trap_shutdown                         - Undefined Weak Reference
    _get_lc_collate                           - Undefined Weak Reference
    _get_lc_monetary                          - Undefined Weak Reference
    _get_lc_time                              - Undefined Weak Reference
    _getenv_init                              - Undefined Weak Reference
    _handle_redirection                       - Undefined Weak Reference
    _init_alloc                               - Undefined Weak Reference
    _init_user_alloc                          - Undefined Weak Reference
    _initio                                   - Undefined Weak Reference
    _mutex_acquire                            - Undefined Weak Reference
    _mutex_release                            - Undefined Weak Reference
    _printf_mbtowc                            - Undefined Weak Reference
    _printf_wc                                - Undefined Weak Reference
    _rand_init                                - Undefined Weak Reference
    _signal_finish                            - Undefined Weak Reference
    _signal_init                              - Undefined Weak Reference
    _terminate_alloc                          - Undefined Weak Reference
    _terminate_user_alloc                     - Undefined Weak Reference
    _terminateio                              - Undefined Weak Reference
    __Vectors_Size                           0x00000130   Number         0  startup_stm32f10x_hd.o ABSOLUTE
    __Vectors                                0x08000000   Data           4  startup_stm32f10x_hd.o(RESET)
    __Vectors_End                            0x08000130   Data           0  startup_stm32f10x_hd.o(RESET)
    __main                                   0x08000131   Thumb Code     8  __main.o(!!!main)
    __scatterload                            0x08000139   Thumb Code     0  __scatter.o(!!!scatter)
    __scatterload_rt2                        0x08000139   Thumb Code    44  __scatter.o(!!!scatter)
    __scatterload_rt2_thumb_only             0x08000139   Thumb Code     0  __scatter.o(!!!scatter)
    __scatterload_null                       0x08000147   Thumb Code     0  __scatter.o(!!!scatter)
    __decompress                             0x0800016d   Thumb Code    90  __dczerorl2.o(!!dczerorl2)
    __decompress1                            0x0800016d   Thumb Code     0  __dczerorl2.o(!!dczerorl2)
    __scatterload_zeroinit                   0x080001c9   Thumb Code    28  __scatter_zi.o(!!handler_zi)
    _printf_n                                0x080001e5   Thumb Code     0  _printf_n.o(.ARM.Collect$$_printf_percent$$00000001)
    _printf_percent                          0x080001e5   Thumb Code     0  _printf_percent.o(.ARM.Collect$$_printf_percent$$00000000)
    _printf_p                                0x080001eb   Thumb Code     0  _printf_p.o(.ARM.Collect$$_printf_percent$$00000002)
    _printf_f                                0x080001f1   Thumb Code     0  _printf_f.o(.ARM.Collect$$_printf_percent$$00000003)
    _printf_e                                0x080001f7   Thumb Code     0  _printf_e.o(.ARM.Collect$$_printf_percent$$00000004)
    _printf_g                                0x080001fd   Thumb Code     0  _printf_g.o(.ARM.Collect$$_printf_percent$$00000005)
    _printf_a                                0x08000203   Thumb Code     0  _printf_a.o(.ARM.Collect$$_printf_percent$$00000006)
    _printf_ll                               0x08000209   Thumb Code     0  _printf_ll.o(.ARM.Collect$$_printf_percent$$00000007)
    _printf_i                                0x08000213   Thumb Code     0  _printf_i.o(.ARM.Collect$$_printf_percent$$00000008)
    _printf_d                                0x08000219   Thumb Code     0  _printf_d.o(.ARM.Collect$$_printf_percent$$00000009)
    _printf_u                                0x0800021f   Thumb Code     0  _printf_u.o(.ARM.Collect$$_printf_percent$$0000000A)
    _printf_o                                0x08000225   Thumb Code     0  _printf_o.o(.ARM.Collect$$_printf_percent$$0000000B)
    _printf_x                                0x0800022b   Thumb Code     0  _printf_x.o(.ARM.Collect$$_printf_percent$$0000000C)
    _printf_lli                              0x08000231   Thumb Code     0  _printf_lli.o(.ARM.Collect$$_printf_percent$$0000000D)
    _printf_lld                              0x08000237   Thumb Code     0  _printf_lld.o(.ARM.Collect$$_printf_percent$$0000000E)
    _printf_llu                              0x0800023d   Thumb Code     0  _printf_llu.o(.ARM.Collect$$_printf_percent$$0000000F)
    _printf_llo                              0x08000243   Thumb Code     0  _printf_llo.o(.ARM.Collect$$_printf_percent$$00000010)
    _printf_llx                              0x08000249   Thumb Code     0  _printf_llx.o(.ARM.Collect$$_printf_percent$$00000011)
    _printf_l                                0x0800024f   Thumb Code     0  _printf_l.o(.ARM.Collect$$_printf_percent$$00000012)
    _printf_c                                0x08000259   Thumb Code     0  _printf_c.o(.ARM.Collect$$_printf_percent$$00000013)
    _printf_s                                0x0800025f   Thumb Code     0  _printf_s.o(.ARM.Collect$$_printf_percent$$00000014)
    _printf_lc                               0x08000265   Thumb Code     0  _printf_lc.o(.ARM.Collect$$_printf_percent$$00000015)
    _printf_ls                               0x0800026b   Thumb Code     0  _printf_ls.o(.ARM.Collect$$_printf_percent$$00000016)
    _printf_percent_end                      0x08000271   Thumb Code     0  _printf_percent_end.o(.ARM.Collect$$_printf_percent$$00000017)
    __rt_lib_init                            0x08000275   Thumb Code     0  libinit.o(.ARM.Collect$$libinit$$00000000)
    __rt_lib_init_fp_1                       0x08000277   Thumb Code     0  libinit2.o(.ARM.Collect$$libinit$$00000002)
    __rt_lib_init_heap_1                     0x08000277   Thumb Code     0  libinit2.o(.ARM.Collect$$libinit$$0000000A)
    __rt_lib_init_lc_common                  0x08000277   Thumb Code     0  libinit2.o(.ARM.Collect$$libinit$$0000000F)
    __rt_lib_init_preinit_1                  0x08000277   Thumb Code     0  libinit2.o(.ARM.Collect$$libinit$$00000004)
    __rt_lib_init_rand_1                     0x08000277   Thumb Code     0  libinit2.o(.ARM.Collect$$libinit$$0000000E)
    __rt_lib_init_user_alloc_1               0x08000277   Thumb Code     0  libinit2.o(.ARM.Collect$$libinit$$0000000C)
    __rt_lib_init_lc_collate_1               0x0800027d   Thumb Code     0  libinit2.o(.ARM.Collect$$libinit$$00000011)
    __rt_lib_init_lc_ctype_2                 0x0800027d   Thumb Code     0  libinit2.o(.ARM.Collect$$libinit$$00000012)
    __rt_lib_init_lc_ctype_1                 0x08000289   Thumb Code     0  libinit2.o(.ARM.Collect$$libinit$$00000013)
    __rt_lib_init_lc_monetary_1              0x08000289   Thumb Code     0  libinit2.o(.ARM.Collect$$libinit$$00000015)
    __rt_lib_init_lc_numeric_2               0x08000289   Thumb Code     0  libinit2.o(.ARM.Collect$$libinit$$00000016)
    __rt_lib_init_alloca_1                   0x08000293   Thumb Code     0  libinit2.o(.ARM.Collect$$libinit$$0000002E)
    __rt_lib_init_argv_1                     0x08000293   Thumb Code     0  libinit2.o(.ARM.Collect$$libinit$$0000002C)
    __rt_lib_init_atexit_1                   0x08000293   Thumb Code     0  libinit2.o(.ARM.Collect$$libinit$$0000001B)
    __rt_lib_init_clock_1                    0x08000293   Thumb Code     0  libinit2.o(.ARM.Collect$$libinit$$00000021)
    __rt_lib_init_cpp_1                      0x08000293   Thumb Code     0  libinit2.o(.ARM.Collect$$libinit$$00000032)
    __rt_lib_init_exceptions_1               0x08000293   Thumb Code     0  libinit2.o(.ARM.Collect$$libinit$$00000030)
    __rt_lib_init_fp_trap_1                  0x08000293   Thumb Code     0  libinit2.o(.ARM.Collect$$libinit$$0000001F)
    __rt_lib_init_getenv_1                   0x08000293   Thumb Code     0  libinit2.o(.ARM.Collect$$libinit$$00000023)
    __rt_lib_init_lc_numeric_1               0x08000293   Thumb Code     0  libinit2.o(.ARM.Collect$$libinit$$00000017)
    __rt_lib_init_lc_time_1                  0x08000293   Thumb Code     0  libinit2.o(.ARM.Collect$$libinit$$00000019)
    __rt_lib_init_return                     0x08000293   Thumb Code     0  libinit2.o(.ARM.Collect$$libinit$$00000033)
    __rt_lib_init_signal_1                   0x08000293   Thumb Code     0  libinit2.o(.ARM.Collect$$libinit$$0000001D)
    __rt_lib_init_stdio_1                    0x08000293   Thumb Code     0  libinit2.o(.ARM.Collect$$libinit$$00000025)
    __rt_lib_shutdown                        0x08000295   Thumb Code     0  libshutdown.o(.ARM.Collect$$libshutdown$$00000000)
    __rt_lib_shutdown_fp_trap_1              0x08000297   Thumb Code     0  libshutdown2.o(.ARM.Collect$$libshutdown$$00000006)
    __rt_lib_shutdown_heap_1                 0x08000297   Thumb Code     0  libshutdown2.o(.ARM.Collect$$libshutdown$$0000000E)
    __rt_lib_shutdown_return                 0x08000297   Thumb Code     0  libshutdown2.o(.ARM.Collect$$libshutdown$$0000000F)
    __rt_lib_shutdown_signal_1               0x08000297   Thumb Code     0  libshutdown2.o(.ARM.Collect$$libshutdown$$00000009)
    __rt_lib_shutdown_stdio_1                0x08000297   Thumb Code     0  libshutdown2.o(.ARM.Collect$$libshutdown$$00000003)
    __rt_lib_shutdown_user_alloc_1           0x08000297   Thumb Code     0  libshutdown2.o(.ARM.Collect$$libshutdown$$0000000B)
    __rt_entry                               0x08000299   Thumb Code     0  __rtentry.o(.ARM.Collect$$rtentry$$00000000)
    __rt_entry_presh_1                       0x08000299   Thumb Code     0  __rtentry2.o(.ARM.Collect$$rtentry$$00000002)
    __rt_entry_sh                            0x08000299   Thumb Code     0  __rtentry4.o(.ARM.Collect$$rtentry$$00000004)
    __rt_entry_li                            0x0800029f   Thumb Code     0  __rtentry2.o(.ARM.Collect$$rtentry$$0000000A)
    __rt_entry_postsh_1                      0x0800029f   Thumb Code     0  __rtentry2.o(.ARM.Collect$$rtentry$$00000009)
    __rt_entry_main                          0x080002a3   Thumb Code     0  __rtentry2.o(.ARM.Collect$$rtentry$$0000000D)
    __rt_entry_postli_1                      0x080002a3   Thumb Code     0  __rtentry2.o(.ARM.Collect$$rtentry$$0000000C)
    __rt_exit                                0x080002ab   Thumb Code     0  rtexit.o(.ARM.Collect$$rtexit$$00000000)
    __rt_exit_ls                             0x080002ad   Thumb Code     0  rtexit2.o(.ARM.Collect$$rtexit$$00000003)
    __rt_exit_prels_1                        0x080002ad   Thumb Code     0  rtexit2.o(.ARM.Collect$$rtexit$$00000002)
    __rt_exit_exit                           0x080002b1   Thumb Code     0  rtexit2.o(.ARM.Collect$$rtexit$$00000004)
    Reset_Handler                            0x080002b9   Thumb Code     8  startup_stm32f10x_hd.o(.text)
    ADC1_2_IRQHandler                        0x080002d3   Thumb Code     0  startup_stm32f10x_hd.o(.text)
    ADC3_IRQHandler                          0x080002d3   Thumb Code     0  startup_stm32f10x_hd.o(.text)
    CAN1_RX1_IRQHandler                      0x080002d3   Thumb Code     0  startup_stm32f10x_hd.o(.text)
    CAN1_SCE_IRQHandler                      0x080002d3   Thumb Code     0  startup_stm32f10x_hd.o(.text)
    DMA1_Channel1_IRQHandler                 0x080002d3   Thumb Code     0  startup_stm32f10x_hd.o(.text)
    DMA1_Channel2_IRQHandler                 0x080002d3   Thumb Code     0  startup_stm32f10x_hd.o(.text)
    DMA1_Channel3_IRQHandler                 0x080002d3   Thumb Code     0  startup_stm32f10x_hd.o(.text)
    DMA1_Channel4_IRQHandler                 0x080002d3   Thumb Code     0  startup_stm32f10x_hd.o(.text)
    DMA1_Channel5_IRQHandler                 0x080002d3   Thumb Code     0  startup_stm32f10x_hd.o(.text)
    DMA1_Channel6_IRQHandler                 0x080002d3   Thumb Code     0  startup_stm32f10x_hd.o(.text)
    DMA1_Channel7_IRQHandler                 0x080002d3   Thumb Code     0  startup_stm32f10x_hd.o(.text)
    DMA2_Channel1_IRQHandler                 0x080002d3   Thumb Code     0  startup_stm32f10x_hd.o(.text)
    DMA2_Channel2_IRQHandler                 0x080002d3   Thumb Code     0  startup_stm32f10x_hd.o(.text)
    DMA2_Channel3_IRQHandler                 0x080002d3   Thumb Code     0  startup_stm32f10x_hd.o(.text)
    DMA2_Channel4_5_IRQHandler               0x080002d3   Thumb Code     0  startup_stm32f10x_hd.o(.text)
    EXTI0_IRQHandler                         0x080002d3   Thumb Code     0  startup_stm32f10x_hd.o(.text)
    EXTI15_10_IRQHandler                     0x080002d3   Thumb Code     0  startup_stm32f10x_hd.o(.text)
    EXTI1_IRQHandler                         0x080002d3   Thumb Code     0  startup_stm32f10x_hd.o(.text)
    EXTI2_IRQHandler                         0x080002d3   Thumb Code     0  startup_stm32f10x_hd.o(.text)
    EXTI3_IRQHandler                         0x080002d3   Thumb Code     0  startup_stm32f10x_hd.o(.text)
    EXTI9_5_IRQHandler                       0x080002d3   Thumb Code     0  startup_stm32f10x_hd.o(.text)
    FLASH_IRQHandler                         0x080002d3   Thumb Code     0  startup_stm32f10x_hd.o(.text)
    FSMC_IRQHandler                          0x080002d3   Thumb Code     0  startup_stm32f10x_hd.o(.text)
    I2C1_ER_IRQHandler                       0x080002d3   Thumb Code     0  startup_stm32f10x_hd.o(.text)
    I2C1_EV_IRQHandler                       0x080002d3   Thumb Code     0  startup_stm32f10x_hd.o(.text)
    I2C2_ER_IRQHandler                       0x080002d3   Thumb Code     0  startup_stm32f10x_hd.o(.text)
    I2C2_EV_IRQHandler                       0x080002d3   Thumb Code     0  startup_stm32f10x_hd.o(.text)
    PVD_IRQHandler                           0x080002d3   Thumb Code     0  startup_stm32f10x_hd.o(.text)
    RCC_IRQHandler                           0x080002d3   Thumb Code     0  startup_stm32f10x_hd.o(.text)
    RTCAlarm_IRQHandler                      0x080002d3   Thumb Code     0  startup_stm32f10x_hd.o(.text)
    SDIO_IRQHandler                          0x080002d3   Thumb Code     0  startup_stm32f10x_hd.o(.text)
    SPI1_IRQHandler                          0x080002d3   Thumb Code     0  startup_stm32f10x_hd.o(.text)
    SPI2_IRQHandler                          0x080002d3   Thumb Code     0  startup_stm32f10x_hd.o(.text)
    SPI3_IRQHandler                          0x080002d3   Thumb Code     0  startup_stm32f10x_hd.o(.text)
    TAMPER_IRQHandler                        0x080002d3   Thumb Code     0  startup_stm32f10x_hd.o(.text)
    TIM1_BRK_IRQHandler                      0x080002d3   Thumb Code     0  startup_stm32f10x_hd.o(.text)
    TIM1_CC_IRQHandler                       0x080002d3   Thumb Code     0  startup_stm32f10x_hd.o(.text)
    TIM1_TRG_COM_IRQHandler                  0x080002d3   Thumb Code     0  startup_stm32f10x_hd.o(.text)
    TIM1_UP_IRQHandler                       0x080002d3   Thumb Code     0  startup_stm32f10x_hd.o(.text)
    TIM5_IRQHandler                          0x080002d3   Thumb Code     0  startup_stm32f10x_hd.o(.text)
    TIM6_IRQHandler                          0x080002d3   Thumb Code     0  startup_stm32f10x_hd.o(.text)
    TIM7_IRQHandler                          0x080002d3   Thumb Code     0  startup_stm32f10x_hd.o(.text)
    TIM8_BRK_IRQHandler                      0x080002d3   Thumb Code     0  startup_stm32f10x_hd.o(.text)
    TIM8_CC_IRQHandler                       0x080002d3   Thumb Code     0  startup_stm32f10x_hd.o(.text)
    TIM8_TRG_COM_IRQHandler                  0x080002d3   Thumb Code     0  startup_stm32f10x_hd.o(.text)
    TIM8_UP_IRQHandler                       0x080002d3   Thumb Code     0  startup_stm32f10x_hd.o(.text)
    UART4_IRQHandler                         0x080002d3   Thumb Code     0  startup_stm32f10x_hd.o(.text)
    UART5_IRQHandler                         0x080002d3   Thumb Code     0  startup_stm32f10x_hd.o(.text)
    USART2_IRQHandler                        0x080002d3   Thumb Code     0  startup_stm32f10x_hd.o(.text)
    USBWakeUp_IRQHandler                     0x080002d3   Thumb Code     0  startup_stm32f10x_hd.o(.text)
    USB_HP_CAN1_TX_IRQHandler                0x080002d3   Thumb Code     0  startup_stm32f10x_hd.o(.text)
    USB_LP_CAN1_RX0_IRQHandler               0x080002d3   Thumb Code     0  startup_stm32f10x_hd.o(.text)
    WWDG_IRQHandler                          0x080002d3   Thumb Code     0  startup_stm32f10x_hd.o(.text)
    __user_initial_stackheap                 0x080002d5   Thumb Code     0  startup_stm32f10x_hd.o(.text)
    OLED_DrawPoint                           0x080002f9   Thumb Code   114  oled.o(.text)
    OLED_ShowChar                            0x0800036b   Thumb Code   300  oled.o(.text)
    OLED_ShowString                          0x08000497   Thumb Code    74  oled.o(.text)
    OLED_ShowChinese                         0x080004e1   Thumb Code   240  oled.o(.text)
    show_led                                 0x080005d1   Thumb Code    60  oled.o(.text)
    OLED_Clear                               0x0800060d   Thumb Code    36  oled.o(.text)
    IIC_delay                                0x08000631   Thumb Code    16  oled.o(.text)
    I2C_Stop                                 0x08000641   Thumb Code    38  oled.o(.text)
    I2C_WaitAck                              0x08000667   Thumb Code    46  oled.o(.text)
    Send_Byte                                0x08000695   Thumb Code    78  oled.o(.text)
    I2C_Start                                0x080006e3   Thumb Code    88  oled.o(.text)
    OLED_WR_Byte                             0x0800073b   Thumb Code    56  oled.o(.text)
    OLED_Refresh                             0x08000773   Thumb Code   100  oled.o(.text)
    show_rtc                                 0x080007d7   Thumb Code    30  oled.o(.text)
    OLED_ColorTurn                           0x080007f5   Thumb Code    28  oled.o(.text)
    OLED_DisplayTurn                         0x08000811   Thumb Code    44  oled.o(.text)
    OLED_DisPlay_On                          0x0800083d   Thumb Code    28  oled.o(.text)
    OLED_DisPlay_Off                         0x08000859   Thumb Code    28  oled.o(.text)
    OLED_DrawLine                            0x08000875   Thumb Code   172  oled.o(.text)
    OLED_DrawCircle                          0x08000921   Thumb Code   168  oled.o(.text)
    OLED_Pow                                 0x080009c9   Thumb Code    22  oled.o(.text)
    OLED_ShowNum                             0x080009df   Thumb Code   140  oled.o(.text)
    OLED_ScrollDisplay                       0x08000a6b   Thumb Code   168  oled.o(.text)
    OLED_ShowPicture                         0x08000b13   Thumb Code   220  oled.o(.text)
    OLED_Init                                0x08000bef   Thumb Code   278  oled.o(.text)
    NVIC_PriorityGroupConfig                 0x08000d09   Thumb Code    10  misc.o(.text)
    NVIC_Init                                0x08000d13   Thumb Code   100  misc.o(.text)
    NVIC_SetVectorTable                      0x08000d77   Thumb Code    14  misc.o(.text)
    NVIC_SystemLPConfig                      0x08000d85   Thumb Code    34  misc.o(.text)
    SysTick_CLKSourceConfig                  0x08000da7   Thumb Code    40  misc.o(.text)
    BKP_DeInit                               0x08000de5   Thumb Code    16  stm32f10x_bkp.o(.text)
    BKP_TamperPinLevelConfig                 0x08000df5   Thumb Code     6  stm32f10x_bkp.o(.text)
    BKP_TamperPinCmd                         0x08000dfb   Thumb Code     8  stm32f10x_bkp.o(.text)
    BKP_ITConfig                             0x08000e03   Thumb Code     8  stm32f10x_bkp.o(.text)
    BKP_RTCOutputConfig                      0x08000e0b   Thumb Code    22  stm32f10x_bkp.o(.text)
    BKP_SetRTCCalibrationValue               0x08000e21   Thumb Code    22  stm32f10x_bkp.o(.text)
    BKP_WriteBackupRegister                  0x08000e37   Thumb Code    24  stm32f10x_bkp.o(.text)
    BKP_ReadBackupRegister                   0x08000e4f   Thumb Code    26  stm32f10x_bkp.o(.text)
    BKP_GetFlagStatus                        0x08000e69   Thumb Code    10  stm32f10x_bkp.o(.text)
    BKP_ClearFlag                            0x08000e73   Thumb Code    18  stm32f10x_bkp.o(.text)
    BKP_GetITStatus                          0x08000e85   Thumb Code    10  stm32f10x_bkp.o(.text)
    BKP_ClearITPendingBit                    0x08000e8f   Thumb Code    18  stm32f10x_bkp.o(.text)
    EXTI_DeInit                              0x08000ea9   Thumb Code    28  stm32f10x_exti.o(.text)
    EXTI_Init                                0x08000ec5   Thumb Code   142  stm32f10x_exti.o(.text)
    EXTI_StructInit                          0x08000f53   Thumb Code    16  stm32f10x_exti.o(.text)
    EXTI_GenerateSWInterrupt                 0x08000f63   Thumb Code    16  stm32f10x_exti.o(.text)
    EXTI_GetFlagStatus                       0x08000f73   Thumb Code    22  stm32f10x_exti.o(.text)
    EXTI_ClearFlag                           0x08000f89   Thumb Code     8  stm32f10x_exti.o(.text)
    EXTI_GetITStatus                         0x08000f91   Thumb Code    34  stm32f10x_exti.o(.text)
    EXTI_ClearITPendingBit                   0x08000fb3   Thumb Code     8  stm32f10x_exti.o(.text)
    GPIO_DeInit                              0x08000fc5   Thumb Code   172  stm32f10x_gpio.o(.text)
    GPIO_AFIODeInit                          0x08001071   Thumb Code    20  stm32f10x_gpio.o(.text)
    GPIO_Init                                0x08001085   Thumb Code   278  stm32f10x_gpio.o(.text)
    GPIO_StructInit                          0x0800119b   Thumb Code    16  stm32f10x_gpio.o(.text)
    GPIO_ReadInputDataBit                    0x080011ab   Thumb Code    18  stm32f10x_gpio.o(.text)
    GPIO_ReadInputData                       0x080011bd   Thumb Code     8  stm32f10x_gpio.o(.text)
    GPIO_ReadOutputDataBit                   0x080011c5   Thumb Code    18  stm32f10x_gpio.o(.text)
    GPIO_ReadOutputData                      0x080011d7   Thumb Code     8  stm32f10x_gpio.o(.text)
    GPIO_SetBits                             0x080011df   Thumb Code     4  stm32f10x_gpio.o(.text)
    GPIO_ResetBits                           0x080011e3   Thumb Code     4  stm32f10x_gpio.o(.text)
    GPIO_WriteBit                            0x080011e7   Thumb Code    10  stm32f10x_gpio.o(.text)
    GPIO_Write                               0x080011f1   Thumb Code     4  stm32f10x_gpio.o(.text)
    GPIO_PinLockConfig                       0x080011f5   Thumb Code    18  stm32f10x_gpio.o(.text)
    GPIO_EventOutputConfig                   0x08001207   Thumb Code    26  stm32f10x_gpio.o(.text)
    GPIO_EventOutputCmd                      0x08001221   Thumb Code     6  stm32f10x_gpio.o(.text)
    GPIO_PinRemapConfig                      0x08001227   Thumb Code   138  stm32f10x_gpio.o(.text)
    GPIO_EXTILineConfig                      0x080012b1   Thumb Code    66  stm32f10x_gpio.o(.text)
    GPIO_ETH_MediaInterfaceConfig            0x080012f3   Thumb Code     8  stm32f10x_gpio.o(.text)
    PWR_DeInit                               0x08001321   Thumb Code    22  stm32f10x_pwr.o(.text)
    PWR_BackupAccessCmd                      0x08001337   Thumb Code     6  stm32f10x_pwr.o(.text)
    PWR_PVDCmd                               0x0800133d   Thumb Code     6  stm32f10x_pwr.o(.text)
    PWR_PVDLevelConfig                       0x08001343   Thumb Code    18  stm32f10x_pwr.o(.text)
    PWR_WakeUpPinCmd                         0x08001355   Thumb Code     8  stm32f10x_pwr.o(.text)
    PWR_EnterSTOPMode                        0x0800135d   Thumb Code    54  stm32f10x_pwr.o(.text)
    PWR_EnterSTANDBYMode                     0x08001393   Thumb Code    42  stm32f10x_pwr.o(.text)
    PWR_GetFlagStatus                        0x080013bd   Thumb Code    20  stm32f10x_pwr.o(.text)
    PWR_ClearFlag                            0x080013d1   Thumb Code    14  stm32f10x_pwr.o(.text)
    RCC_DeInit                               0x080013ed   Thumb Code    64  stm32f10x_rcc.o(.text)
    RCC_HSEConfig                            0x0800142d   Thumb Code    70  stm32f10x_rcc.o(.text)
    RCC_GetFlagStatus                        0x08001473   Thumb Code    56  stm32f10x_rcc.o(.text)
    RCC_WaitForHSEStartUp                    0x080014ab   Thumb Code    56  stm32f10x_rcc.o(.text)
    RCC_AdjustHSICalibrationValue            0x080014e3   Thumb Code    20  stm32f10x_rcc.o(.text)
    RCC_HSICmd                               0x080014f7   Thumb Code     6  stm32f10x_rcc.o(.text)
    RCC_PLLConfig                            0x080014fd   Thumb Code    24  stm32f10x_rcc.o(.text)
    RCC_PLLCmd                               0x08001515   Thumb Code     6  stm32f10x_rcc.o(.text)
    RCC_SYSCLKConfig                         0x0800151b   Thumb Code    18  stm32f10x_rcc.o(.text)
    RCC_GetSYSCLKSource                      0x0800152d   Thumb Code    10  stm32f10x_rcc.o(.text)
    RCC_HCLKConfig                           0x08001537   Thumb Code    18  stm32f10x_rcc.o(.text)
    RCC_PCLK1Config                          0x08001549   Thumb Code    18  stm32f10x_rcc.o(.text)
    RCC_PCLK2Config                          0x0800155b   Thumb Code    20  stm32f10x_rcc.o(.text)
    RCC_ITConfig                             0x0800156f   Thumb Code    26  stm32f10x_rcc.o(.text)
    RCC_USBCLKConfig                         0x08001589   Thumb Code     8  stm32f10x_rcc.o(.text)
    RCC_ADCCLKConfig                         0x08001591   Thumb Code    18  stm32f10x_rcc.o(.text)
    RCC_LSEConfig                            0x080015a3   Thumb Code    50  stm32f10x_rcc.o(.text)
    RCC_LSICmd                               0x080015d5   Thumb Code     6  stm32f10x_rcc.o(.text)
    RCC_RTCCLKConfig                         0x080015db   Thumb Code    12  stm32f10x_rcc.o(.text)
    RCC_RTCCLKCmd                            0x080015e7   Thumb Code     8  stm32f10x_rcc.o(.text)
    RCC_GetClocksFreq                        0x080015ef   Thumb Code   192  stm32f10x_rcc.o(.text)
    RCC_AHBPeriphClockCmd                    0x080016af   Thumb Code    26  stm32f10x_rcc.o(.text)
    RCC_APB2PeriphClockCmd                   0x080016c9   Thumb Code    26  stm32f10x_rcc.o(.text)
    RCC_APB1PeriphClockCmd                   0x080016e3   Thumb Code    26  stm32f10x_rcc.o(.text)
    RCC_APB2PeriphResetCmd                   0x080016fd   Thumb Code    26  stm32f10x_rcc.o(.text)
    RCC_APB1PeriphResetCmd                   0x08001717   Thumb Code    26  stm32f10x_rcc.o(.text)
    RCC_BackupResetCmd                       0x08001731   Thumb Code     8  stm32f10x_rcc.o(.text)
    RCC_ClockSecuritySystemCmd               0x08001739   Thumb Code     6  stm32f10x_rcc.o(.text)
    RCC_MCOConfig                            0x0800173f   Thumb Code     6  stm32f10x_rcc.o(.text)
    RCC_ClearFlag                            0x08001745   Thumb Code    14  stm32f10x_rcc.o(.text)
    RCC_GetITStatus                          0x08001753   Thumb Code    20  stm32f10x_rcc.o(.text)
    RCC_ClearITPendingBit                    0x08001767   Thumb Code     6  stm32f10x_rcc.o(.text)
    RTC_ITConfig                             0x08001791   Thumb Code    26  stm32f10x_rtc.o(.text)
    RTC_EnterConfigMode                      0x080017ab   Thumb Code    18  stm32f10x_rtc.o(.text)
    RTC_ExitConfigMode                       0x080017bd   Thumb Code    20  stm32f10x_rtc.o(.text)
    RTC_GetCounter                           0x080017d1   Thumb Code    18  stm32f10x_rtc.o(.text)
    RTC_SetCounter                           0x080017e3   Thumb Code    26  stm32f10x_rtc.o(.text)
    RTC_SetPrescaler                         0x080017fd   Thumb Code    28  stm32f10x_rtc.o(.text)
    RTC_SetAlarm                             0x08001819   Thumb Code    26  stm32f10x_rtc.o(.text)
    RTC_GetDivider                           0x08001833   Thumb Code    22  stm32f10x_rtc.o(.text)
    RTC_WaitForLastTask                      0x08001849   Thumb Code    18  stm32f10x_rtc.o(.text)
    RTC_WaitForSynchro                       0x0800185b   Thumb Code    36  stm32f10x_rtc.o(.text)
    RTC_GetFlagStatus                        0x0800187f   Thumb Code    22  stm32f10x_rtc.o(.text)
    RTC_ClearFlag                            0x08001895   Thumb Code    16  stm32f10x_rtc.o(.text)
    RTC_GetITStatus                          0x080018a5   Thumb Code    32  stm32f10x_rtc.o(.text)
    RTC_ClearITPendingBit                    0x080018c5   Thumb Code    16  stm32f10x_rtc.o(.text)
    TIM_DeInit                               0x080018d9   Thumb Code   424  stm32f10x_tim.o(.text)
    TIM_TimeBaseInit                         0x08001a81   Thumb Code   122  stm32f10x_tim.o(.text)
    TIM_OC1Init                              0x08001afb   Thumb Code   132  stm32f10x_tim.o(.text)
    TIM_OC2Init                              0x08001b7f   Thumb Code   154  stm32f10x_tim.o(.text)
    TIM_OC3Init                              0x08001c19   Thumb Code   150  stm32f10x_tim.o(.text)
    TIM_OC4Init                              0x08001caf   Thumb Code   182  stm32f10x_tim.o(.text)
    TIM_SetIC4Prescaler                      0x08001d65   Thumb Code    26  stm32f10x_tim.o(.text)
    TIM_SetIC3Prescaler                      0x08001e01   Thumb Code    18  stm32f10x_tim.o(.text)
    TIM_SetIC2Prescaler                      0x08001e8d   Thumb Code    26  stm32f10x_tim.o(.text)
    TIM_SetIC1Prescaler                      0x08001f29   Thumb Code    18  stm32f10x_tim.o(.text)
    TIM_ICInit                               0x08001fa7   Thumb Code   150  stm32f10x_tim.o(.text)
    TIM_PWMIConfig                           0x0800203d   Thumb Code   124  stm32f10x_tim.o(.text)
    TIM_BDTRConfig                           0x080020b9   Thumb Code    32  stm32f10x_tim.o(.text)
    TIM_TimeBaseStructInit                   0x080020d9   Thumb Code    18  stm32f10x_tim.o(.text)
    TIM_OCStructInit                         0x080020eb   Thumb Code    20  stm32f10x_tim.o(.text)
    TIM_ICStructInit                         0x080020ff   Thumb Code    18  stm32f10x_tim.o(.text)
    TIM_BDTRStructInit                       0x08002111   Thumb Code    40  stm32f10x_tim.o(.text)
    TIM_Cmd                                  0x08002139   Thumb Code    24  stm32f10x_tim.o(.text)
    TIM_CtrlPWMOutputs                       0x08002151   Thumb Code    30  stm32f10x_tim.o(.text)
    TIM_ITConfig                             0x0800216f   Thumb Code    18  stm32f10x_tim.o(.text)
    TIM_GenerateEvent                        0x08002181   Thumb Code     4  stm32f10x_tim.o(.text)
    TIM_DMAConfig                            0x08002185   Thumb Code    10  stm32f10x_tim.o(.text)
    TIM_DMACmd                               0x0800218f   Thumb Code    18  stm32f10x_tim.o(.text)
    TIM_InternalClockConfig                  0x080021a1   Thumb Code    12  stm32f10x_tim.o(.text)
    TIM_SelectInputTrigger                   0x080021ad   Thumb Code    18  stm32f10x_tim.o(.text)
    TIM_ITRxExternalClockConfig              0x080021bf   Thumb Code    24  stm32f10x_tim.o(.text)
    TIM_TIxExternalClockConfig               0x080021d7   Thumb Code    62  stm32f10x_tim.o(.text)
    TIM_ETRConfig                            0x08002215   Thumb Code    28  stm32f10x_tim.o(.text)
    TIM_ETRClockMode1Config                  0x08002231   Thumb Code    54  stm32f10x_tim.o(.text)
    TIM_ETRClockMode2Config                  0x08002267   Thumb Code    32  stm32f10x_tim.o(.text)
    TIM_PrescalerConfig                      0x08002287   Thumb Code     6  stm32f10x_tim.o(.text)
    TIM_CounterModeConfig                    0x0800228d   Thumb Code    18  stm32f10x_tim.o(.text)
    TIM_EncoderInterfaceConfig               0x0800229f   Thumb Code    66  stm32f10x_tim.o(.text)
    TIM_ForcedOC1Config                      0x080022e1   Thumb Code    18  stm32f10x_tim.o(.text)
    TIM_ForcedOC2Config                      0x080022f3   Thumb Code    26  stm32f10x_tim.o(.text)
    TIM_ForcedOC3Config                      0x0800230d   Thumb Code    18  stm32f10x_tim.o(.text)
    TIM_ForcedOC4Config                      0x0800231f   Thumb Code    26  stm32f10x_tim.o(.text)
    TIM_ARRPreloadConfig                     0x08002339   Thumb Code    24  stm32f10x_tim.o(.text)
    TIM_SelectCOM                            0x08002351   Thumb Code    24  stm32f10x_tim.o(.text)
    TIM_SelectCCDMA                          0x08002369   Thumb Code    24  stm32f10x_tim.o(.text)
    TIM_CCPreloadControl                     0x08002381   Thumb Code    24  stm32f10x_tim.o(.text)
    TIM_OC1PreloadConfig                     0x08002399   Thumb Code    18  stm32f10x_tim.o(.text)
    TIM_OC2PreloadConfig                     0x080023ab   Thumb Code    26  stm32f10x_tim.o(.text)
    TIM_OC3PreloadConfig                     0x080023c5   Thumb Code    18  stm32f10x_tim.o(.text)
    TIM_OC4PreloadConfig                     0x080023d7   Thumb Code    26  stm32f10x_tim.o(.text)
    TIM_OC1FastConfig                        0x080023f1   Thumb Code    18  stm32f10x_tim.o(.text)
    TIM_OC2FastConfig                        0x08002403   Thumb Code    26  stm32f10x_tim.o(.text)
    TIM_OC3FastConfig                        0x0800241d   Thumb Code    18  stm32f10x_tim.o(.text)
    TIM_OC4FastConfig                        0x0800242f   Thumb Code    26  stm32f10x_tim.o(.text)
    TIM_ClearOC1Ref                          0x08002449   Thumb Code    18  stm32f10x_tim.o(.text)
    TIM_ClearOC2Ref                          0x0800245b   Thumb Code    24  stm32f10x_tim.o(.text)
    TIM_ClearOC3Ref                          0x08002473   Thumb Code    18  stm32f10x_tim.o(.text)
    TIM_ClearOC4Ref                          0x08002485   Thumb Code    24  stm32f10x_tim.o(.text)
    TIM_OC1PolarityConfig                    0x0800249d   Thumb Code    18  stm32f10x_tim.o(.text)
    TIM_OC1NPolarityConfig                   0x080024af   Thumb Code    18  stm32f10x_tim.o(.text)
    TIM_OC2PolarityConfig                    0x080024c1   Thumb Code    26  stm32f10x_tim.o(.text)
    TIM_OC2NPolarityConfig                   0x080024db   Thumb Code    26  stm32f10x_tim.o(.text)
    TIM_OC3PolarityConfig                    0x080024f5   Thumb Code    26  stm32f10x_tim.o(.text)
    TIM_OC3NPolarityConfig                   0x0800250f   Thumb Code    26  stm32f10x_tim.o(.text)
    TIM_OC4PolarityConfig                    0x08002529   Thumb Code    26  stm32f10x_tim.o(.text)
    TIM_CCxCmd                               0x08002543   Thumb Code    30  stm32f10x_tim.o(.text)
    TIM_CCxNCmd                              0x08002561   Thumb Code    30  stm32f10x_tim.o(.text)
    TIM_SelectOCxM                           0x0800257f   Thumb Code    82  stm32f10x_tim.o(.text)
    TIM_UpdateDisableConfig                  0x080025d1   Thumb Code    24  stm32f10x_tim.o(.text)
    TIM_UpdateRequestConfig                  0x080025e9   Thumb Code    24  stm32f10x_tim.o(.text)
    TIM_SelectHallSensor                     0x08002601   Thumb Code    24  stm32f10x_tim.o(.text)
    TIM_SelectOnePulseMode                   0x08002619   Thumb Code    18  stm32f10x_tim.o(.text)
    TIM_SelectOutputTrigger                  0x0800262b   Thumb Code    18  stm32f10x_tim.o(.text)
    TIM_SelectSlaveMode                      0x0800263d   Thumb Code    18  stm32f10x_tim.o(.text)
    TIM_SelectMasterSlaveMode                0x0800264f   Thumb Code    18  stm32f10x_tim.o(.text)
    TIM_SetCounter                           0x08002661   Thumb Code     4  stm32f10x_tim.o(.text)
    TIM_SetAutoreload                        0x08002665   Thumb Code     4  stm32f10x_tim.o(.text)
    TIM_SetCompare1                          0x08002669   Thumb Code     4  stm32f10x_tim.o(.text)
    TIM_SetCompare2                          0x0800266d   Thumb Code     4  stm32f10x_tim.o(.text)
    TIM_SetCompare3                          0x08002671   Thumb Code     4  stm32f10x_tim.o(.text)
    TIM_SetCompare4                          0x08002675   Thumb Code     6  stm32f10x_tim.o(.text)
    TIM_SetClockDivision                     0x0800267b   Thumb Code    18  stm32f10x_tim.o(.text)
    TIM_GetCapture1                          0x0800268d   Thumb Code     6  stm32f10x_tim.o(.text)
    TIM_GetCapture2                          0x08002693   Thumb Code     6  stm32f10x_tim.o(.text)
    TIM_GetCapture3                          0x08002699   Thumb Code     6  stm32f10x_tim.o(.text)
    TIM_GetCapture4                          0x0800269f   Thumb Code     8  stm32f10x_tim.o(.text)
    TIM_GetCounter                           0x080026a7   Thumb Code     6  stm32f10x_tim.o(.text)
    TIM_GetPrescaler                         0x080026ad   Thumb Code     6  stm32f10x_tim.o(.text)
    TIM_GetFlagStatus                        0x080026b3   Thumb Code    18  stm32f10x_tim.o(.text)
    TIM_ClearFlag                            0x080026c5   Thumb Code     6  stm32f10x_tim.o(.text)
    TIM_GetITStatus                          0x080026cb   Thumb Code    34  stm32f10x_tim.o(.text)
    TIM_ClearITPendingBit                    0x080026ed   Thumb Code     6  stm32f10x_tim.o(.text)
    USART_DeInit                             0x080026f5   Thumb Code   134  stm32f10x_usart.o(.text)
    USART_Init                               0x0800277b   Thumb Code   210  stm32f10x_usart.o(.text)
    USART_StructInit                         0x0800284d   Thumb Code    24  stm32f10x_usart.o(.text)
    USART_ClockInit                          0x08002865   Thumb Code    34  stm32f10x_usart.o(.text)
    USART_ClockStructInit                    0x08002887   Thumb Code    12  stm32f10x_usart.o(.text)
    USART_Cmd                                0x08002893   Thumb Code    24  stm32f10x_usart.o(.text)
    USART_ITConfig                           0x080028ab   Thumb Code    74  stm32f10x_usart.o(.text)
    USART_DMACmd                             0x080028f5   Thumb Code    18  stm32f10x_usart.o(.text)
    USART_SetAddress                         0x08002907   Thumb Code    18  stm32f10x_usart.o(.text)
    USART_WakeUpConfig                       0x08002919   Thumb Code    18  stm32f10x_usart.o(.text)
    USART_ReceiverWakeUpCmd                  0x0800292b   Thumb Code    24  stm32f10x_usart.o(.text)
    USART_LINBreakDetectLengthConfig         0x08002943   Thumb Code    18  stm32f10x_usart.o(.text)
    USART_LINCmd                             0x08002955   Thumb Code    24  stm32f10x_usart.o(.text)
    USART_SendData                           0x0800296d   Thumb Code     8  stm32f10x_usart.o(.text)
    USART_ReceiveData                        0x08002975   Thumb Code    10  stm32f10x_usart.o(.text)
    USART_SendBreak                          0x0800297f   Thumb Code    10  stm32f10x_usart.o(.text)
    USART_SetGuardTime                       0x08002989   Thumb Code    16  stm32f10x_usart.o(.text)
    USART_SetPrescaler                       0x08002999   Thumb Code    16  stm32f10x_usart.o(.text)
    USART_SmartCardCmd                       0x080029a9   Thumb Code    24  stm32f10x_usart.o(.text)
    USART_SmartCardNACKCmd                   0x080029c1   Thumb Code    24  stm32f10x_usart.o(.text)
    USART_HalfDuplexCmd                      0x080029d9   Thumb Code    24  stm32f10x_usart.o(.text)
    USART_OverSampling8Cmd                   0x080029f1   Thumb Code    22  stm32f10x_usart.o(.text)
    USART_OneBitMethodCmd                    0x08002a07   Thumb Code    24  stm32f10x_usart.o(.text)
    USART_IrDAConfig                         0x08002a1f   Thumb Code    18  stm32f10x_usart.o(.text)
    USART_IrDACmd                            0x08002a31   Thumb Code    24  stm32f10x_usart.o(.text)
    USART_GetFlagStatus                      0x08002a49   Thumb Code    26  stm32f10x_usart.o(.text)
    USART_ClearFlag                          0x08002a63   Thumb Code    18  stm32f10x_usart.o(.text)
    USART_GetITStatus                        0x08002a75   Thumb Code    84  stm32f10x_usart.o(.text)
    USART_ClearITPendingBit                  0x08002ac9   Thumb Code    52  stm32f10x_usart.o(.text)
    delay_init                               0x08002afd   Thumb Code    50  delay.o(.text)
    delay_us                                 0x08002b2f   Thumb Code    72  delay.o(.text)
    delay_ms                                 0x08002b77   Thumb Code    72  delay.o(.text)
    _sys_exit                                0x08002bd1   Thumb Code     4  usart.o(.text)
    fputc                                    0x08002bd5   Thumb Code    24  usart.o(.text)
    uart_init                                0x08002bed   Thumb Code   152  usart.o(.text)
    USART1_IRQHandler                        0x08002c85   Thumb Code   122  usart.o(.text)
    NMI_Handler                              0x08002d11   Thumb Code     2  stm32f10x_it.o(.text)
    HardFault_Handler                        0x08002d13   Thumb Code     4  stm32f10x_it.o(.text)
    MemManage_Handler                        0x08002d17   Thumb Code     4  stm32f10x_it.o(.text)
    BusFault_Handler                         0x08002d1b   Thumb Code     4  stm32f10x_it.o(.text)
    UsageFault_Handler                       0x08002d1f   Thumb Code     4  stm32f10x_it.o(.text)
    SVC_Handler                              0x08002d23   Thumb Code     2  stm32f10x_it.o(.text)
    DebugMon_Handler                         0x08002d25   Thumb Code     2  stm32f10x_it.o(.text)
    PendSV_Handler                           0x08002d27   Thumb Code     2  stm32f10x_it.o(.text)
    SysTick_Handler                          0x08002d29   Thumb Code     2  stm32f10x_it.o(.text)
    RTC_IRQHandler                           0x08002d2b   Thumb Code    28  stm32f10x_it.o(.text)
    SystemInit                               0x08002e2b   Thumb Code    78  system_stm32f10x.o(.text)
    SystemCoreClockUpdate                    0x08002e79   Thumb Code   142  system_stm32f10x.o(.text)
    infrared_init                            0x08002f2d   Thumb Code    58  main.o(.text)
    main                                     0x08002f67   Thumb Code   246  main.o(.text)
    DHT11_Init                               0x08003137   Thumb Code    40  dht11.o(.text)
    DHT11_Read_Data                          0x080031cf   Thumb Code    90  dht11.o(.text)
    Aux_Int                                  0x08003231   Thumb Code    68  lora_app.o(.text)
    EXTI4_IRQHandler                         0x08003275   Thumb Code   106  lora_app.o(.text)
    LoRa_Init                                0x080032df   Thumb Code   236  lora_app.o(.text)
    LoRa_Set                                 0x080033cb   Thumb Code   292  lora_app.o(.text)
    LoRa_SendData                            0x080034ef   Thumb Code    44  lora_app.o(.text)
    LoRa_ReceData                            0x0800351b   Thumb Code   222  lora_app.o(.text)
    Lora_Test                                0x080035f9   Thumb Code   466  lora_app.o(.text)
    lora_at_response                         0x080037d1   Thumb Code    46  lora_ui.o(.text)
    lora_check_cmd                           0x080037ff   Thumb Code    48  lora_ui.o(.text)
    lora_send_cmd                            0x0800382f   Thumb Code   118  lora_ui.o(.text)
    USART3_IRQHandler                        0x080038c5   Thumb Code   100  usart3.o(.text)
    usart3_init                              0x08003929   Thumb Code   178  usart3.o(.text)
    u3_printf                                0x080039db   Thumb Code    72  usart3.o(.text)
    usart3_set                               0x08003a23   Thumb Code   182  usart3.o(.text)
    usart3_rx                                0x08003ad9   Thumb Code    46  usart3.o(.text)
    TIM3_SetARR                              0x08003b2d   Thumb Code    36  timer.o(.text)
    TIM3_IRQHandler                          0x08003b51   Thumb Code    42  timer.o(.text)
    TIM3_Int_Init                            0x08003b7b   Thumb Code    90  timer.o(.text)
    TIM4_Int_Init                            0x08003bd5   Thumb Code    90  timer.o(.text)
    TIM4_IRQHandler                          0x08003c2f   Thumb Code    22  timer.o(.text)
    TIM1_PWM_Init                            0x08003c51   Thumb Code   188  fan.o(.text)
    TIM2_Config                              0x08003d0d   Thumb Code   100  fan.o(.text)
    TIM2_IRQHandler                          0x08003d71   Thumb Code    32  fan.o(.text)
    GregorianDay                             0x08003d9d   Thumb Code   146  bsp_date.o(.text)
    mktimev                                  0x08003e2f   Thumb Code   120  bsp_date.o(.text)
    to_tm                                    0x08003ea7   Thumb Code   194  bsp_date.o(.text)
    RTC_NVIC_Config                          0x08003f79   Thumb Code    42  bsp_rtc.o(.text)
    RTC_Configuration                        0x08003fa3   Thumb Code    88  bsp_rtc.o(.text)
    Time_Adjust                              0x08003ffb   Thumb Code    40  bsp_rtc.o(.text)
    RTC_CheckAndConfig                       0x08004023   Thumb Code   140  bsp_rtc.o(.text)
    Time_Display                             0x080040af   Thumb Code    50  bsp_rtc.o(.text)
    Read_rtc                                 0x080040e1   Thumb Code   112  bsp_rtc.o(.text)
    JSON_LORA                                0x080041fd   Thumb Code   116  my_json.o(.text)
    Json_time                                0x08004271   Thumb Code   132  my_json.o(.text)
    __use_no_semihosting                     0x080042f5   Thumb Code     2  use_no_semi_2.o(.text)
    vsprintf                                 0x080042f9   Thumb Code    32  vsprintf.o(.text)
    __2printf                                0x0800431d   Thumb Code    20  __2printf.o(.text)
    __2sprintf                               0x08004335   Thumb Code    38  __2sprintf.o(.text)
    _printf_pre_padding                      0x08004361   Thumb Code    44  _printf_pad.o(.text)
    _printf_post_padding                     0x0800438d   Thumb Code    34  _printf_pad.o(.text)
    _printf_str                              0x080043af   Thumb Code    82  _printf_str.o(.text)
    _printf_int_dec                          0x08004401   Thumb Code   104  _printf_dec.o(.text)
    _printf_longlong_hex                     0x08004479   Thumb Code    86  _printf_hex_int_ll_ptr.o(.text)
    _printf_int_hex                          0x080044cf   Thumb Code    28  _printf_hex_int_ll_ptr.o(.text)
    _printf_ll_hex                           0x080044eb   Thumb Code    12  _printf_hex_int_ll_ptr.o(.text)
    _printf_hex_ptr                          0x080044f7   Thumb Code    18  _printf_hex_int_ll_ptr.o(.text)
    __printf                                 0x0800450d   Thumb Code   388  __printf_flags_ss_wp.o(.text)
    strstr                                   0x08004695   Thumb Code    36  strstr.o(.text)
    strlen                                   0x080046b9   Thumb Code    62  strlen.o(.text)
    __aeabi_memcpy4                          0x080046f7   Thumb Code     0  rt_memcpy_w.o(.text)
    __aeabi_memcpy8                          0x080046f7   Thumb Code     0  rt_memcpy_w.o(.text)
    __rt_memcpy_w                            0x080046f7   Thumb Code   100  rt_memcpy_w.o(.text)
    _memcpy_lastbytes_aligned                0x0800473f   Thumb Code     0  rt_memcpy_w.o(.text)
    __aeabi_memclr                           0x0800475b   Thumb Code     0  rt_memclr.o(.text)
    __rt_memclr                              0x0800475b   Thumb Code    68  rt_memclr.o(.text)
    _memset                                  0x0800475f   Thumb Code     0  rt_memclr.o(.text)
    __aeabi_memclr4                          0x0800479f   Thumb Code     0  rt_memclr_w.o(.text)
    __aeabi_memclr8                          0x0800479f   Thumb Code     0  rt_memclr_w.o(.text)
    __rt_memclr_w                            0x0800479f   Thumb Code    78  rt_memclr_w.o(.text)
    _memset_w                                0x080047a3   Thumb Code     0  rt_memclr_w.o(.text)
    __use_two_region_memory                  0x080047ed   Thumb Code     2  heapauxi.o(.text)
    __rt_heap_escrow$2region                 0x080047ef   Thumb Code     2  heapauxi.o(.text)
    __rt_heap_expand$2region                 0x080047f1   Thumb Code     2  heapauxi.o(.text)
    __I$use$semihosting                      0x080047f3   Thumb Code     0  use_no_semi.o(.text)
    __use_no_semihosting_swi                 0x080047f3   Thumb Code     2  use_no_semi.o(.text)
    _printf_truncate_signed                  0x080047f5   Thumb Code    18  _printf_truncate.o(.text)
    _printf_truncate_unsigned                0x08004807   Thumb Code    18  _printf_truncate.o(.text)
    _printf_int_common                       0x08004819   Thumb Code   178  _printf_intcommon.o(.text)
    _printf_charcount                        0x080048cb   Thumb Code    40  _printf_charcount.o(.text)
    _printf_char_common                      0x080048ff   Thumb Code    32  _printf_char_common.o(.text)
    _sputc                                   0x08004925   Thumb Code    10  _sputc.o(.text)
    _printf_cs_common                        0x0800492f   Thumb Code    20  _printf_char.o(.text)
    _printf_char                             0x08004943   Thumb Code    16  _printf_char.o(.text)
    _printf_string                           0x08004953   Thumb Code     8  _printf_char.o(.text)
    _printf_char_file                        0x0800495d   Thumb Code    32  _printf_char_file.o(.text)
    _printf_wctomb                           0x08004981   Thumb Code   182  _printf_wctomb.o(.text)
    _printf_longlong_dec                     0x08004a3d   Thumb Code   108  _printf_longlong_dec.o(.text)
    _printf_longlong_oct                     0x08004ab9   Thumb Code    68  _printf_oct_int_ll.o(.text)
    _printf_int_oct                          0x08004afd   Thumb Code    24  _printf_oct_int_ll.o(.text)
    _printf_ll_oct                           0x08004b15   Thumb Code    12  _printf_oct_int_ll.o(.text)
    _ll_udiv10                               0x08004b29   Thumb Code   138  lludiv10.o(.text)
    __lib_sel_fp_printf                      0x08004bb3   Thumb Code     2  _printf_fp_dec.o(.text)
    _printf_fp_dec_real                      0x08004d61   Thumb Code   620  _printf_fp_dec.o(.text)
    _printf_fp_hex_real                      0x08004fcd   Thumb Code   754  _printf_fp_hex.o(.text)
    _printf_lcs_common                       0x080052c9   Thumb Code    20  _printf_wchar.o(.text)
    _printf_wchar                            0x080052dd   Thumb Code    16  _printf_wchar.o(.text)
    _printf_wstring                          0x080052ed   Thumb Code     8  _printf_wchar.o(.text)
    ferror                                   0x080052f5   Thumb Code     8  ferror.o(.text)
    _wcrtomb                                 0x080052fd   Thumb Code    64  _wcrtomb.o(.text)
    __user_setup_stackheap                   0x0800533d   Thumb Code    74  sys_stackheap_outer.o(.text)
    __rt_ctype_table                         0x08005389   Thumb Code    16  rt_ctype_table.o(.text)
    __rt_locale                              0x08005399   Thumb Code     8  rt_locale_intlibspace.o(.text)
    _printf_fp_infnan                        0x080053a1   Thumb Code   112  _printf_fp_infnan.o(.text)
    _btod_etento                             0x08005421   Thumb Code   216  bigflt0.o(.text)
    exit                                     0x080054fd   Thumb Code    12  exit.o(.text)
    __user_libspace                          0x08005509   Thumb Code     8  libspace.o(.text)
    __user_perproc_libspace                  0x08005509   Thumb Code     0  libspace.o(.text)
    __user_perthread_libspace                0x08005509   Thumb Code     0  libspace.o(.text)
    strcmp                                   0x08005511   Thumb Code   128  strcmpv7m.o(.text)
    _btod_d2e                                0x08005591   Thumb Code    62  btod.o(CL$$btod_d2e)
    _d2e_denorm_low                          0x080055cf   Thumb Code    70  btod.o(CL$$btod_d2e_denorm_low)
    _d2e_norm_op1                            0x08005615   Thumb Code    96  btod.o(CL$$btod_d2e_norm_op1)
    __btod_div_common                        0x08005675   Thumb Code   696  btod.o(CL$$btod_div_common)
    _e2e                                     0x080059ad   Thumb Code   198  btod.o(CL$$btod_e2e)
    _btod_ediv                               0x08005a73   Thumb Code    40  btod.o(CL$$btod_ediv)
    _btod_emul                               0x08005a9b   Thumb Code    40  btod.o(CL$$btod_emul)
    __btod_mult_common                       0x08005ac3   Thumb Code   580  btod.o(CL$$btod_mult_common)
    __ARM_fpclassify                         0x08005d07   Thumb Code    40  fpclassify.o(i.__ARM_fpclassify)
    _is_digit                                0x08005d2f   Thumb Code    14  __printf_wp.o(i._is_digit)
    _get_lc_numeric                          0x08005d3d   Thumb Code    44  lc_numeric_c.o(locale$$code)
    _get_lc_ctype                            0x08005d69   Thumb Code    44  lc_ctype_c.o(locale$$code)
    _printf_fp_dec                           0x08005d95   Thumb Code     4  printf1.o(x$fpl$printf1)
    _printf_fp_hex                           0x08005d99   Thumb Code     4  printf2.o(x$fpl$printf2)
    __I$use$fp                               0x08005d9c   Number         0  usenofp.o(x$fpl$usenofp)
    asc2_0806                                0x08005d9c   Data         552  oled.o(.constdata)
    asc2_1206                                0x08005fc4   Data        1140  oled.o(.constdata)
    asc2_1608                                0x08006438   Data        1520  oled.o(.constdata)
    asc2_2412                                0x08006a28   Data        3420  oled.o(.constdata)
    Hzk1                                     0x08007784   Data         352  oled.o(.constdata)
    Hzk2                                     0x080078e4   Data          72  oled.o(.constdata)
    Hzk3                                     0x0800792c   Data         128  oled.o(.constdata)
    Hzk4                                     0x080079ac   Data         512  oled.o(.constdata)
    Region$$Table$$Base                      0x08007dec   Number         0  anon$$obj.o(Region$$Table)
    Region$$Table$$Limit                     0x08007e0c   Number         0  anon$$obj.o(Region$$Table)
    __ctype                                  0x08007e35   Data           0  lc_ctype_c.o(locale$$data)
    F16x16                                   0x20000000   Data         416  oled.o(.data)
    __stdout                                 0x200001b8   Data           4  usart.o(.data)
    USART_RX_STA                             0x200001bc   Data           2  usart.o(.data)
    SystemCoreClock                          0x200001c0   Data           4  system_stm32f10x.o(.data)
    AHBPrescTable                            0x200001c4   Data          16  system_stm32f10x.o(.data)
    GPIO_InitStructure                       0x200001d4   Data           4  dht11.o(.data)
    Fan                                      0x200001d8   Data          32  lora_app.o(.data)
    tep                                      0x200001f8   Data          32  lora_app.o(.data)
    time                                     0x20000218   Data          32  lora_app.o(.data)
    LoRa_CFG                                 0x20000238   Data          10  lora_app.o(.data)
    EXTI_InitStructure                       0x20000244   Data           8  lora_app.o(.data)
    NVIC_InitStructure                       0x2000024c   Data           4  lora_app.o(.data)
    Lora_mode                                0x20000250   Data           1  lora_app.o(.data)
    TH                                       0x20000254   Data           4  lora_app.o(.data)
    USART3_RX_STA                            0x20000258   Data           2  usart3.o(.data)
    SendFlag                                 0x20000260   Data           4  fan.o(.data)
    humidity                                 0x20000264   Data           1  fan.o(.data)
    temperature                              0x20000265   Data           1  fan.o(.data)
    illumination                             0x20000268   Data           4  fan.o(.data)
    smoke                                    0x2000026c   Data           4  fan.o(.data)
    TimeDisplay                              0x200002a0   Data           4  bsp_rtc.o(.data)
    WEEK_STR                                 0x200002a4   Data          28  bsp_rtc.o(.data)
    zodiac_sign                              0x200002c0   Data          48  bsp_rtc.o(.data)
    en_WEEK_STR                              0x200002f0   Data          28  bsp_rtc.o(.data)
    en_zodiac_sign                           0x2000030c   Data          48  bsp_rtc.o(.data)
    OLED_GRAM                                0x20000340   Data        1152  oled.o(.bss)
    USART_RX_BUF                             0x200007c0   Data         200  usart.o(.bss)
    Tran_Data                                0x20000888   Data         200  lora_app.o(.bss)
    USART3_RX_BUF                            0x20000950   Data        1024  usart3.o(.bss)
    USART3_TX_BUF                            0x20000d50   Data         600  usart3.o(.bss)
    USART_InitStructure                      0x20000fa8   Data          16  usart3.o(.bss)
    __libspace_start                         0x20000fb8   Data          96  libspace.o(.bss)
    __temporary_stack_top$libspace           0x20001018   Data           0  libspace.o(.bss)



==============================================================================

Memory Map of the image

  Image Entry point : 0x08000131

  Load Region LR_IROM1 (Base: 0x08000000, Size: 0x00008278, Max: 0x00010000, ABSOLUTE, COMPRESSED[0x00008104])

    Execution Region ER_IROM1 (Base: 0x08000000, Size: 0x00007f38, Max: 0x00010000, ABSOLUTE)

    Base Addr    Size         Type   Attr      Idx    E Section Name        Object

    0x08000000   0x00000130   Data   RO           19    RESET               startup_stm32f10x_hd.o
    0x08000130   0x00000008   Code   RO          903  * !!!main             c_w.l(__main.o)
    0x08000138   0x00000034   Code   RO         1196    !!!scatter          c_w.l(__scatter.o)
    0x0800016c   0x0000005a   Code   RO         1194    !!dczerorl2         c_w.l(__dczerorl2.o)
    0x080001c6   0x00000002   PAD
    0x080001c8   0x0000001c   Code   RO         1198    !!handler_zi        c_w.l(__scatter_zi.o)
    0x080001e4   0x00000000   Code   RO          890    .ARM.Collect$$_printf_percent$$00000000  c_w.l(_printf_percent.o)
    0x080001e4   0x00000006   Code   RO          950    .ARM.Collect$$_printf_percent$$00000001  c_w.l(_printf_n.o)
    0x080001ea   0x00000006   Code   RO          951    .ARM.Collect$$_printf_percent$$00000002  c_w.l(_printf_p.o)
    0x080001f0   0x00000006   Code   RO          955    .ARM.Collect$$_printf_percent$$00000003  c_w.l(_printf_f.o)
    0x080001f6   0x00000006   Code   RO          956    .ARM.Collect$$_printf_percent$$00000004  c_w.l(_printf_e.o)
    0x080001fc   0x00000006   Code   RO          957    .ARM.Collect$$_printf_percent$$00000005  c_w.l(_printf_g.o)
    0x08000202   0x00000006   Code   RO          958    .ARM.Collect$$_printf_percent$$00000006  c_w.l(_printf_a.o)
    0x08000208   0x0000000a   Code   RO          963    .ARM.Collect$$_printf_percent$$00000007  c_w.l(_printf_ll.o)
    0x08000212   0x00000006   Code   RO          953    .ARM.Collect$$_printf_percent$$00000008  c_w.l(_printf_i.o)
    0x08000218   0x00000006   Code   RO          889    .ARM.Collect$$_printf_percent$$00000009  c_w.l(_printf_d.o)
    0x0800021e   0x00000006   Code   RO          954    .ARM.Collect$$_printf_percent$$0000000A  c_w.l(_printf_u.o)
    0x08000224   0x00000006   Code   RO          952    .ARM.Collect$$_printf_percent$$0000000B  c_w.l(_printf_o.o)
    0x0800022a   0x00000006   Code   RO          888    .ARM.Collect$$_printf_percent$$0000000C  c_w.l(_printf_x.o)
    0x08000230   0x00000006   Code   RO          960    .ARM.Collect$$_printf_percent$$0000000D  c_w.l(_printf_lli.o)
    0x08000236   0x00000006   Code   RO          961    .ARM.Collect$$_printf_percent$$0000000E  c_w.l(_printf_lld.o)
    0x0800023c   0x00000006   Code   RO          962    .ARM.Collect$$_printf_percent$$0000000F  c_w.l(_printf_llu.o)
    0x08000242   0x00000006   Code   RO          967    .ARM.Collect$$_printf_percent$$00000010  c_w.l(_printf_llo.o)
    0x08000248   0x00000006   Code   RO          968    .ARM.Collect$$_printf_percent$$00000011  c_w.l(_printf_llx.o)
    0x0800024e   0x0000000a   Code   RO          964    .ARM.Collect$$_printf_percent$$00000012  c_w.l(_printf_l.o)
    0x08000258   0x00000006   Code   RO          949    .ARM.Collect$$_printf_percent$$00000013  c_w.l(_printf_c.o)
    0x0800025e   0x00000006   Code   RO          887    .ARM.Collect$$_printf_percent$$00000014  c_w.l(_printf_s.o)
    0x08000264   0x00000006   Code   RO          965    .ARM.Collect$$_printf_percent$$00000015  c_w.l(_printf_lc.o)
    0x0800026a   0x00000006   Code   RO          966    .ARM.Collect$$_printf_percent$$00000016  c_w.l(_printf_ls.o)
    0x08000270   0x00000004   Code   RO          959    .ARM.Collect$$_printf_percent$$00000017  c_w.l(_printf_percent_end.o)
    0x08000274   0x00000002   Code   RO         1060    .ARM.Collect$$libinit$$00000000  c_w.l(libinit.o)
    0x08000276   0x00000000   Code   RO         1076    .ARM.Collect$$libinit$$00000002  c_w.l(libinit2.o)
    0x08000276   0x00000000   Code   RO         1078    .ARM.Collect$$libinit$$00000004  c_w.l(libinit2.o)
    0x08000276   0x00000000   Code   RO         1081    .ARM.Collect$$libinit$$0000000A  c_w.l(libinit2.o)
    0x08000276   0x00000000   Code   RO         1083    .ARM.Collect$$libinit$$0000000C  c_w.l(libinit2.o)
    0x08000276   0x00000000   Code   RO         1085    .ARM.Collect$$libinit$$0000000E  c_w.l(libinit2.o)
    0x08000276   0x00000006   Code   RO         1086    .ARM.Collect$$libinit$$0000000F  c_w.l(libinit2.o)
    0x0800027c   0x00000000   Code   RO         1088    .ARM.Collect$$libinit$$00000011  c_w.l(libinit2.o)
    0x0800027c   0x0000000c   Code   RO         1089    .ARM.Collect$$libinit$$00000012  c_w.l(libinit2.o)
    0x08000288   0x00000000   Code   RO         1090    .ARM.Collect$$libinit$$00000013  c_w.l(libinit2.o)
    0x08000288   0x00000000   Code   RO         1092    .ARM.Collect$$libinit$$00000015  c_w.l(libinit2.o)
    0x08000288   0x0000000a   Code   RO         1093    .ARM.Collect$$libinit$$00000016  c_w.l(libinit2.o)
    0x08000292   0x00000000   Code   RO         1094    .ARM.Collect$$libinit$$00000017  c_w.l(libinit2.o)
    0x08000292   0x00000000   Code   RO         1096    .ARM.Collect$$libinit$$00000019  c_w.l(libinit2.o)
    0x08000292   0x00000000   Code   RO         1098    .ARM.Collect$$libinit$$0000001B  c_w.l(libinit2.o)
    0x08000292   0x00000000   Code   RO         1100    .ARM.Collect$$libinit$$0000001D  c_w.l(libinit2.o)
    0x08000292   0x00000000   Code   RO         1102    .ARM.Collect$$libinit$$0000001F  c_w.l(libinit2.o)
    0x08000292   0x00000000   Code   RO         1104    .ARM.Collect$$libinit$$00000021  c_w.l(libinit2.o)
    0x08000292   0x00000000   Code   RO         1106    .ARM.Collect$$libinit$$00000023  c_w.l(libinit2.o)
    0x08000292   0x00000000   Code   RO         1108    .ARM.Collect$$libinit$$00000025  c_w.l(libinit2.o)
    0x08000292   0x00000000   Code   RO         1112    .ARM.Collect$$libinit$$0000002C  c_w.l(libinit2.o)
    0x08000292   0x00000000   Code   RO         1114    .ARM.Collect$$libinit$$0000002E  c_w.l(libinit2.o)
    0x08000292   0x00000000   Code   RO         1116    .ARM.Collect$$libinit$$00000030  c_w.l(libinit2.o)
    0x08000292   0x00000000   Code   RO         1118    .ARM.Collect$$libinit$$00000032  c_w.l(libinit2.o)
    0x08000292   0x00000002   Code   RO         1119    .ARM.Collect$$libinit$$00000033  c_w.l(libinit2.o)
    0x08000294   0x00000002   Code   RO         1137    .ARM.Collect$$libshutdown$$00000000  c_w.l(libshutdown.o)
    0x08000296   0x00000000   Code   RO         1148    .ARM.Collect$$libshutdown$$00000003  c_w.l(libshutdown2.o)
    0x08000296   0x00000000   Code   RO         1151    .ARM.Collect$$libshutdown$$00000006  c_w.l(libshutdown2.o)
    0x08000296   0x00000000   Code   RO         1154    .ARM.Collect$$libshutdown$$00000009  c_w.l(libshutdown2.o)
    0x08000296   0x00000000   Code   RO         1156    .ARM.Collect$$libshutdown$$0000000B  c_w.l(libshutdown2.o)
    0x08000296   0x00000000   Code   RO         1159    .ARM.Collect$$libshutdown$$0000000E  c_w.l(libshutdown2.o)
    0x08000296   0x00000002   Code   RO         1160    .ARM.Collect$$libshutdown$$0000000F  c_w.l(libshutdown2.o)
    0x08000298   0x00000000   Code   RO          923    .ARM.Collect$$rtentry$$00000000  c_w.l(__rtentry.o)
    0x08000298   0x00000000   Code   RO          983    .ARM.Collect$$rtentry$$00000002  c_w.l(__rtentry2.o)
    0x08000298   0x00000006   Code   RO          995    .ARM.Collect$$rtentry$$00000004  c_w.l(__rtentry4.o)
    0x0800029e   0x00000000   Code   RO          985    .ARM.Collect$$rtentry$$00000009  c_w.l(__rtentry2.o)
    0x0800029e   0x00000004   Code   RO          986    .ARM.Collect$$rtentry$$0000000A  c_w.l(__rtentry2.o)
    0x080002a2   0x00000000   Code   RO          988    .ARM.Collect$$rtentry$$0000000C  c_w.l(__rtentry2.o)
    0x080002a2   0x00000008   Code   RO          989    .ARM.Collect$$rtentry$$0000000D  c_w.l(__rtentry2.o)
    0x080002aa   0x00000002   Code   RO         1068    .ARM.Collect$$rtexit$$00000000  c_w.l(rtexit.o)
    0x080002ac   0x00000000   Code   RO         1121    .ARM.Collect$$rtexit$$00000002  c_w.l(rtexit2.o)
    0x080002ac   0x00000004   Code   RO         1122    .ARM.Collect$$rtexit$$00000003  c_w.l(rtexit2.o)
    0x080002b0   0x00000006   Code   RO         1123    .ARM.Collect$$rtexit$$00000004  c_w.l(rtexit2.o)
    0x080002b6   0x00000002   PAD
    0x080002b8   0x00000040   Code   RO           20    .text               startup_stm32f10x_hd.o
    0x080002f8   0x00000a10   Code   RO           24    .text               oled.o
    0x08000d08   0x000000dc   Code   RO          139    .text               misc.o
    0x08000de4   0x000000c4   Code   RO          163    .text               stm32f10x_bkp.o
    0x08000ea8   0x0000011c   Code   RO          247    .text               stm32f10x_exti.o
    0x08000fc4   0x0000035c   Code   RO          283    .text               stm32f10x_gpio.o
    0x08001320   0x000000cc   Code   RO          319    .text               stm32f10x_pwr.o
    0x080013ec   0x000003a4   Code   RO          331    .text               stm32f10x_rcc.o
    0x08001790   0x00000148   Code   RO          345    .text               stm32f10x_rtc.o
    0x080018d8   0x00000e1a   Code   RO          381    .text               stm32f10x_tim.o
    0x080026f2   0x00000002   PAD
    0x080026f4   0x00000408   Code   RO          393    .text               stm32f10x_usart.o
    0x08002afc   0x000000d4   Code   RO          417    .text               delay.o
    0x08002bd0   0x00000140   Code   RO          443    .text               usart.o
    0x08002d10   0x0000003c   Code   RO          466    .text               stm32f10x_it.o
    0x08002d4c   0x000001e0   Code   RO          517    .text               system_stm32f10x.o
    0x08002f2c   0x00000174   Code   RO          535    .text               main.o
    0x080030a0   0x00000190   Code   RO          607    .text               dht11.o
    0x08003230   0x000005a0   Code   RO          625    .text               lora_app.o
    0x080037d0   0x000000f4   Code   RO          661    .text               lora_ui.o
    0x080038c4   0x00000268   Code   RO          684    .text               usart3.o
    0x08003b2c   0x00000124   Code   RO          710    .text               timer.o
    0x08003c50   0x0000014c   Code   RO          738    .text               fan.o
    0x08003d9c   0x000001dc   Code   RO          773    .text               bsp_date.o
    0x08003f78   0x00000284   Code   RO          788    .text               bsp_rtc.o
    0x080041fc   0x000000f8   Code   RO          812    .text               my_json.o
    0x080042f4   0x00000002   Code   RO          826    .text               c_w.l(use_no_semi_2.o)
    0x080042f6   0x00000002   PAD
    0x080042f8   0x00000024   Code   RO          828    .text               c_w.l(vsprintf.o)
    0x0800431c   0x00000018   Code   RO          830    .text               c_w.l(__2printf.o)
    0x08004334   0x0000002c   Code   RO          832    .text               c_w.l(__2sprintf.o)
    0x08004360   0x0000004e   Code   RO          840    .text               c_w.l(_printf_pad.o)
    0x080043ae   0x00000052   Code   RO          842    .text               c_w.l(_printf_str.o)
    0x08004400   0x00000078   Code   RO          844    .text               c_w.l(_printf_dec.o)
    0x08004478   0x00000094   Code   RO          864    .text               c_w.l(_printf_hex_int_ll_ptr.o)
    0x0800450c   0x00000188   Code   RO          884    .text               c_w.l(__printf_flags_ss_wp.o)
    0x08004694   0x00000024   Code   RO          891    .text               c_w.l(strstr.o)
    0x080046b8   0x0000003e   Code   RO          893    .text               c_w.l(strlen.o)
    0x080046f6   0x00000064   Code   RO          895    .text               c_w.l(rt_memcpy_w.o)
    0x0800475a   0x00000044   Code   RO          897    .text               c_w.l(rt_memclr.o)
    0x0800479e   0x0000004e   Code   RO          899    .text               c_w.l(rt_memclr_w.o)
    0x080047ec   0x00000006   Code   RO          901    .text               c_w.l(heapauxi.o)
    0x080047f2   0x00000002   Code   RO          921    .text               c_w.l(use_no_semi.o)
    0x080047f4   0x00000024   Code   RO          924    .text               c_w.l(_printf_truncate.o)
    0x08004818   0x000000b2   Code   RO          926    .text               c_w.l(_printf_intcommon.o)
    0x080048ca   0x00000028   Code   RO          928    .text               c_w.l(_printf_charcount.o)
    0x080048f2   0x00000002   PAD
    0x080048f4   0x00000030   Code   RO          930    .text               c_w.l(_printf_char_common.o)
    0x08004924   0x0000000a   Code   RO          932    .text               c_w.l(_sputc.o)
    0x0800492e   0x0000002c   Code   RO          934    .text               c_w.l(_printf_char.o)
    0x0800495a   0x00000002   PAD
    0x0800495c   0x00000024   Code   RO          936    .text               c_w.l(_printf_char_file.o)
    0x08004980   0x000000bc   Code   RO          938    .text               c_w.l(_printf_wctomb.o)
    0x08004a3c   0x0000007c   Code   RO          941    .text               c_w.l(_printf_longlong_dec.o)
    0x08004ab8   0x00000070   Code   RO          947    .text               c_w.l(_printf_oct_int_ll.o)
    0x08004b28   0x0000008a   Code   RO          997    .text               c_w.l(lludiv10.o)
    0x08004bb2   0x0000041a   Code   RO          999    .text               c_w.l(_printf_fp_dec.o)
    0x08004fcc   0x000002fc   Code   RO         1001    .text               c_w.l(_printf_fp_hex.o)
    0x080052c8   0x0000002c   Code   RO         1006    .text               c_w.l(_printf_wchar.o)
    0x080052f4   0x00000008   Code   RO         1008    .text               c_w.l(ferror.o)
    0x080052fc   0x00000040   Code   RO         1012    .text               c_w.l(_wcrtomb.o)
    0x0800533c   0x0000004a   Code   RO         1014    .text               c_w.l(sys_stackheap_outer.o)
    0x08005386   0x00000002   PAD
    0x08005388   0x00000010   Code   RO         1016    .text               c_w.l(rt_ctype_table.o)
    0x08005398   0x00000008   Code   RO         1021    .text               c_w.l(rt_locale_intlibspace.o)
    0x080053a0   0x00000080   Code   RO         1023    .text               c_w.l(_printf_fp_infnan.o)
    0x08005420   0x000000dc   Code   RO         1025    .text               c_w.l(bigflt0.o)
    0x080054fc   0x0000000c   Code   RO         1053    .text               c_w.l(exit.o)
    0x08005508   0x00000008   Code   RO         1065    .text               c_w.l(libspace.o)
    0x08005510   0x00000080   Code   RO         1073    .text               c_w.l(strcmpv7m.o)
    0x08005590   0x0000003e   Code   RO         1028    CL$$btod_d2e        c_w.l(btod.o)
    0x080055ce   0x00000046   Code   RO         1030    CL$$btod_d2e_denorm_low  c_w.l(btod.o)
    0x08005614   0x00000060   Code   RO         1029    CL$$btod_d2e_norm_op1  c_w.l(btod.o)
    0x08005674   0x00000338   Code   RO         1038    CL$$btod_div_common  c_w.l(btod.o)
    0x080059ac   0x000000c6   Code   RO         1035    CL$$btod_e2e        c_w.l(btod.o)
    0x08005a72   0x00000028   Code   RO         1032    CL$$btod_ediv       c_w.l(btod.o)
    0x08005a9a   0x00000028   Code   RO         1031    CL$$btod_emul       c_w.l(btod.o)
    0x08005ac2   0x00000244   Code   RO         1037    CL$$btod_mult_common  c_w.l(btod.o)
    0x08005d06   0x00000028   Code   RO         1063    i.__ARM_fpclassify  m_ws.l(fpclassify.o)
    0x08005d2e   0x0000000e   Code   RO          877    i._is_digit         c_w.l(__printf_wp.o)
    0x08005d3c   0x0000002c   Code   RO         1051    locale$$code        c_w.l(lc_numeric_c.o)
    0x08005d68   0x0000002c   Code   RO         1071    locale$$code        c_w.l(lc_ctype_c.o)
    0x08005d94   0x00000004   Code   RO          973    x$fpl$printf1       fz_ws.l(printf1.o)
    0x08005d98   0x00000004   Code   RO          975    x$fpl$printf2       fz_ws.l(printf2.o)
    0x08005d9c   0x00000000   Code   RO          981    x$fpl$usenofp       fz_ws.l(usenofp.o)
    0x08005d9c   0x00001e10   Data   RO           26    .constdata          oled.o
    0x08007bac   0x00000030   Data   RO          774    .constdata          bsp_date.o
    0x08007bdc   0x0000001c   Data   RO          789    .constdata          bsp_rtc.o
    0x08007bf8   0x00000028   Data   RO          865    .constdata          c_w.l(_printf_hex_int_ll_ptr.o)
    0x08007c20   0x00000011   Data   RO          885    .constdata          c_w.l(__printf_flags_ss_wp.o)
    0x08007c31   0x00000003   PAD
    0x08007c34   0x00000008   Data   RO          939    .constdata          c_w.l(_printf_wctomb.o)
    0x08007c3c   0x00000026   Data   RO         1002    .constdata          c_w.l(_printf_fp_hex.o)
    0x08007c62   0x00000002   PAD
    0x08007c64   0x00000094   Data   RO         1026    .constdata          c_w.l(bigflt0.o)
    0x08007cf8   0x00000013   Data   RO          627    .conststring        lora_app.o
    0x08007d0b   0x00000001   PAD
    0x08007d0c   0x000000df   Data   RO          790    .conststring        bsp_rtc.o
    0x08007deb   0x00000001   PAD
    0x08007dec   0x00000020   Data   RO         1192    Region$$Table       anon$$obj.o
    0x08007e0c   0x0000001c   Data   RO         1050    locale$$data        c_w.l(lc_numeric_c.o)
    0x08007e28   0x00000110   Data   RO         1070    locale$$data        c_w.l(lc_ctype_c.o)


    Execution Region RW_IRAM1 (Base: 0x20000000, Size: 0x00001618, Max: 0x00005000, ABSOLUTE, COMPRESSED[0x000001cc])

    Base Addr    Size         Type   Attr      Idx    E Section Name        Object

    0x20000000   0x000001a0   Data   RW           27    .data               oled.o
    0x200001a0   0x00000014   Data   RW          332    .data               stm32f10x_rcc.o
    0x200001b4   0x00000004   Data   RW          418    .data               delay.o
    0x200001b8   0x00000006   Data   RW          445    .data               usart.o
    0x200001be   0x00000002   PAD
    0x200001c0   0x00000014   Data   RW          518    .data               system_stm32f10x.o
    0x200001d4   0x00000004   Data   RW          608    .data               dht11.o
    0x200001d8   0x00000080   Data   RW          628    .data               lora_app.o
    0x20000258   0x00000008   Data   RW          686    .data               usart3.o
    0x20000260   0x00000010   Data   RW          739    .data               fan.o
    0x20000270   0x00000030   Data   RW          775    .data               bsp_date.o
    0x200002a0   0x000000a0   Data   RW          791    .data               bsp_rtc.o
    0x20000340   0x00000480   Zero   RW           25    .bss                oled.o
    0x200007c0   0x000000c8   Zero   RW          444    .bss                usart.o
    0x20000888   0x000000c8   Zero   RW          626    .bss                lora_app.o
    0x20000950   0x00000668   Zero   RW          685    .bss                usart3.o
    0x20000fb8   0x00000060   Zero   RW         1066    .bss                c_w.l(libspace.o)
    0x20001018   0x00000200   Zero   RW           18    HEAP                startup_stm32f10x_hd.o
    0x20001218   0x00000400   Zero   RW           17    STACK               startup_stm32f10x_hd.o


==============================================================================

Image component sizes


      Code (inc. data)   RO Data    RW Data    ZI Data      Debug   Object Name

       476         16         48         48          0       1765   bsp_date.o
       644        172        251        160          0       3002   bsp_rtc.o
         0          0          0          0          0       4536   core_cm3.o
       212         18          0          4          0        967   delay.o
       400          8          0          4          0       2314   dht11.o
       332         12          0         16          0       1483   fan.o
      1440        356         19        128        200       4673   lora_app.o
       244         32          0          0          0       1528   lora_ui.o
       372         68          0          0          0        969   main.o
       220         22          0          0          0       1753   misc.o
       248          0          0          0          0       1218   my_json.o
      2576         40       7696        416       1152     258112   oled.o
        64         26        304          0       1536        780   startup_stm32f10x_hd.o
       196          8          0          0          0       3416   stm32f10x_bkp.o
       284         10          0          0          0       2183   stm32f10x_exti.o
       860         38          0          0          0       5597   stm32f10x_gpio.o
        60          6          0          0          0       1721   stm32f10x_it.o
       204         14          0          0          0       1895   stm32f10x_pwr.o
       932         36          0         20          0       8744   stm32f10x_rcc.o
       328          4          0          0          0       2646   stm32f10x_rtc.o
      3610         88          0          0          0      22080   stm32f10x_tim.o
      1032         22          0          0          0       8324   stm32f10x_usart.o
       480         38          0         20          0       1671   system_stm32f10x.o
       292         12          0          0          0       1318   timer.o
       320         18          0          6        200       3058   usart.o
       616         46          0          8       1640       2999   usart3.o

    ----------------------------------------------------------------------
     16444       1110       8352        832       4728     348752   Object Totals
         0          0         32          0          0          0   (incl. Generated)
         2          0          2          2          0          0   (incl. Padding)

    ----------------------------------------------------------------------

      Code (inc. data)   RO Data    RW Data    ZI Data      Debug   Library Member Name

        24          4          0          0          0         84   __2printf.o
        44          6          0          0          0         84   __2sprintf.o
        90          0          0          0          0          0   __dczerorl2.o
         8          0          0          0          0         68   __main.o
       392          4         17          0          0         92   __printf_flags_ss_wp.o
        14          0          0          0          0         68   __printf_wp.o
         0          0          0          0          0          0   __rtentry.o
        12          0          0          0          0          0   __rtentry2.o
         6          0          0          0          0          0   __rtentry4.o
        52          8          0          0          0          0   __scatter.o
        28          0          0          0          0          0   __scatter_zi.o
         6          0          0          0          0          0   _printf_a.o
         6          0          0          0          0          0   _printf_c.o
        44          0          0          0          0        108   _printf_char.o
        48          6          0          0          0         96   _printf_char_common.o
        36          4          0          0          0         80   _printf_char_file.o
        40          0          0          0          0         68   _printf_charcount.o
         6          0          0          0          0          0   _printf_d.o
       120         16          0          0          0         92   _printf_dec.o
         6          0          0          0          0          0   _printf_e.o
         6          0          0          0          0          0   _printf_f.o
      1050          0          0          0          0        216   _printf_fp_dec.o
       764         10         38          0          0        100   _printf_fp_hex.o
       128         16          0          0          0         84   _printf_fp_infnan.o
         6          0          0          0          0          0   _printf_g.o
       148          4         40          0          0        160   _printf_hex_int_ll_ptr.o
         6          0          0          0          0          0   _printf_i.o
       178          0          0          0          0         88   _printf_intcommon.o
        10          0          0          0          0          0   _printf_l.o
         6          0          0          0          0          0   _printf_lc.o
        10          0          0          0          0          0   _printf_ll.o
         6          0          0          0          0          0   _printf_lld.o
         6          0          0          0          0          0   _printf_lli.o
         6          0          0          0          0          0   _printf_llo.o
         6          0          0          0          0          0   _printf_llu.o
         6          0          0          0          0          0   _printf_llx.o
       124         16          0          0          0         92   _printf_longlong_dec.o
         6          0          0          0          0          0   _printf_ls.o
         6          0          0          0          0          0   _printf_n.o
         6          0          0          0          0          0   _printf_o.o
       112          8          0          0          0        124   _printf_oct_int_ll.o
         6          0          0          0          0          0   _printf_p.o
        78          0          0          0          0        108   _printf_pad.o
         0          0          0          0          0          0   _printf_percent.o
         4          0          0          0          0          0   _printf_percent_end.o
         6          0          0          0          0          0   _printf_s.o
        82          0          0          0          0         80   _printf_str.o
        36          0          0          0          0         84   _printf_truncate.o
         6          0          0          0          0          0   _printf_u.o
        44          0          0          0          0        108   _printf_wchar.o
       188          6          8          0          0         92   _printf_wctomb.o
         6          0          0          0          0          0   _printf_x.o
        10          0          0          0          0         68   _sputc.o
        64          0          0          0          0         92   _wcrtomb.o
       220          4        148          0          0         96   bigflt0.o
      1910        128          0          0          0        672   btod.o
        12          0          0          0          0         72   exit.o
         8          0          0          0          0         68   ferror.o
         6          0          0          0          0        152   heapauxi.o
        44         10        272          0          0         76   lc_ctype_c.o
        44         10         28          0          0         76   lc_numeric_c.o
         2          0          0          0          0          0   libinit.o
        30          0          0          0          0          0   libinit2.o
         2          0          0          0          0          0   libshutdown.o
         2          0          0          0          0          0   libshutdown2.o
         8          4          0          0         96         68   libspace.o
       138          0          0          0          0         80   lludiv10.o
        16          4          0          0          0         76   rt_ctype_table.o
         8          4          0          0          0         68   rt_locale_intlibspace.o
        68          0          0          0          0         68   rt_memclr.o
        78          0          0          0          0         80   rt_memclr_w.o
       100          0          0          0          0         80   rt_memcpy_w.o
         2          0          0          0          0          0   rtexit.o
        10          0          0          0          0          0   rtexit2.o
       128          0          0          0          0         68   strcmpv7m.o
        62          0          0          0          0         76   strlen.o
        36          0          0          0          0         80   strstr.o
        74          0          0          0          0         80   sys_stackheap_outer.o
         2          0          0          0          0         68   use_no_semi.o
         2          0          0          0          0         68   use_no_semi_2.o
        36          4          0          0          0         76   vsprintf.o
         4          0          0          0          0         68   printf1.o
         4          0          0          0          0         68   printf2.o
         0          0          0          0          0          0   usenofp.o
        40          0          0          0          0         68   fpclassify.o

    ----------------------------------------------------------------------
      7216        276        556          0         96       4788   Library Totals
        12          0          5          0          0          0   (incl. Padding)

    ----------------------------------------------------------------------

      Code (inc. data)   RO Data    RW Data    ZI Data      Debug   Library Name

      7156        276        551          0         96       4584   c_w.l
         8          0          0          0          0        136   fz_ws.l
        40          0          0          0          0         68   m_ws.l

    ----------------------------------------------------------------------
      7216        276        556          0         96       4788   Library Totals

    ----------------------------------------------------------------------

==============================================================================


      Code (inc. data)   RO Data    RW Data    ZI Data      Debug   

     23660       1386       8908        832       4824     348648   Grand Totals
     23660       1386       8908        460       4824     348648   ELF Image Totals (compressed)
     23660       1386       8908        460          0          0   ROM Totals

==============================================================================

    Total RO  Size (Code + RO Data)                32568 (  31.80kB)
    Total RW  Size (RW Data + ZI Data)              5656 (   5.52kB)
    Total ROM Size (Code + RO Data + RW Data)      33028 (  32.25kB)

==============================================================================

