Component: ARM Compiler 5.05 update 1 (build 106) Tool: armlink [4d0efa]

==============================================================================

Section Cross References

    main.o(.text) refers to misc.o(.text) for NVIC_PriorityGroupConfig
    main.o(.text) refers to systick.o(.text) for SYSTICK_init
    main.o(.text) refers to delay.o(.text) for delay_init
    main.o(.text) refers to usart3.o(.text) for usart3_init
    main.o(.text) refers to usart.o(.text) for uart_init
    main.o(.text) refers to bsp_uart4.o(.text) for UART4_Init
    main.o(.text) refers to hal_wifitocloud.o(.text) for ESP8266_init
    main.o(.text) refers to __2printf.o(.text) for __2printf
    main.o(.text) refers to app_cloud.o(.text) for cloud_task
    main.o(.text) refers to lora_app.o(.text) for Lora_task
    hal_core.o(.text) refers to misc.o(.text) for NVIC_PriorityGroupConfig
    hal_core.o(.text) refers to hal_core.o(.data) for is_rtc_update
    hal_iic.o(.text) refers to sys.o(.text) for STM32_GPIOx_Init
    hal_iic.o(.text) refers to delay.o(.text) for delay_us
    hardwarevariables.o(.text) refers to _printf_percent.o(.ARM.Collect$$_printf_percent$$00000000) for _printf_percent
    hardwarevariables.o(.text) refers to _printf_d.o(.ARM.Collect$$_printf_percent$$00000009) for _printf_d
    hardwarevariables.o(.text) refers to _printf_s.o(.ARM.Collect$$_printf_percent$$00000014) for _printf_s
    hardwarevariables.o(.text) refers to _printf_dec.o(.text) for _printf_int_dec
    hardwarevariables.o(.text) refers to _printf_str.o(.text) for _printf_str
    hardwarevariables.o(.text) refers to strcmpv7m.o(.text) for strcmp
    hardwarevariables.o(.text) refers to __2sprintf.o(.text) for __2sprintf
    hardwarevariables.o(.text) refers to strcat.o(.text) for strcat
    hardwarevariables.o(.text) refers to strlen.o(.text) for strlen
    hardwarevariables.o(.text) refers to __2printf.o(.text) for __2printf
    hardwarevariables.o(.text) refers to hardwarevariables.o(.data) for minT1
    hardwarevariables.o(.text) refers to lora_app.o(.data) for lightStatus
    hardwarevariables.o(.text) refers to hardwarevariables.o(.bss) for offlineMessage
    hal_wifitocloud.o(.text) refers to _printf_pad.o(.text) for _printf_pre_padding
    hal_wifitocloud.o(.text) refers to _printf_percent.o(.ARM.Collect$$_printf_percent$$00000000) for _printf_percent
    hal_wifitocloud.o(.text) refers to _printf_d.o(.ARM.Collect$$_printf_percent$$00000009) for _printf_d
    hal_wifitocloud.o(.text) refers to _printf_s.o(.ARM.Collect$$_printf_percent$$00000014) for _printf_s
    hal_wifitocloud.o(.text) refers to _printf_dec.o(.text) for _printf_int_dec
    hal_wifitocloud.o(.text) refers to _printf_str.o(.text) for _printf_str
    hal_wifitocloud.o(.text) refers to rt_memclr.o(.text) for __aeabi_memclr
    hal_wifitocloud.o(.text) refers to bsp_uart4.o(.text) for UART4_SendStrlen
    hal_wifitocloud.o(.text) refers to wifitocloud.o(.text) for ConnectToServer
    hal_wifitocloud.o(.text) refers to strrchr.o(.text) for strrchr
    hal_wifitocloud.o(.text) refers to systick.o(.text) for SYSTICK_get_time
    hal_wifitocloud.o(.text) refers to __2printf.o(.text) for __2printf
    hal_wifitocloud.o(.text) refers to hardwarevariables.o(.text) for allToJSON
    hal_wifitocloud.o(.text) refers to strlen.o(.text) for strlen
    hal_wifitocloud.o(.text) refers to bsp_uart4.o(.bss) for UART4_RX_BUF
    hal_wifitocloud.o(.text) refers to bsp_uart4.o(.data) for UART4_RX_COUNT
    hal_wifitocloud.o(.text) refers to hal_wifitocloud.o(.constdata) for __FUNCTION__
    hal_wifitocloud.o(.text) refers to lora_app.o(.data) for server
    hal_wifitocloud.o(.text) refers to hardwarevariables.o(.bss) for offlineMessage
    hal_wifitocloud.o(.text) refers to hardwarevariables.o(.data) for offlineMessageCounts
    wifitocloud.o(.text) refers to _printf_percent.o(.ARM.Collect$$_printf_percent$$00000000) for _printf_percent
    wifitocloud.o(.text) refers to _printf_s.o(.ARM.Collect$$_printf_percent$$00000014) for _printf_s
    wifitocloud.o(.text) refers to _printf_str.o(.text) for _printf_str
    wifitocloud.o(.text) refers to _printf_d.o(.ARM.Collect$$_printf_percent$$00000009) for _printf_d
    wifitocloud.o(.text) refers to _printf_dec.o(.text) for _printf_int_dec
    wifitocloud.o(.text) refers to hal_wifitocloud.o(.text) for ClrAtRxBuf
    wifitocloud.o(.text) refers to delay.o(.text) for delay_us
    wifitocloud.o(.text) refers to strstr.o(.text) for strstr
    wifitocloud.o(.text) refers to rt_memclr_w.o(.text) for __aeabi_memclr4
    wifitocloud.o(.text) refers to __2sprintf.o(.text) for __2sprintf
    wifitocloud.o(.text) refers to strlen.o(.text) for strlen
    wifitocloud.o(.text) refers to __2printf.o(.text) for __2printf
    wifitocloud.o(.text) refers to bsp_uart4.o(.bss) for UART4_RX_BUF
    wifitocloud.o(.text) refers to lora_app.o(.data) for wifi
    wifitocloud.o(.text) refers to hardwarevariables.o(.data) for MQTTSendErrorTimes
[...]
    __rt_lib_init_lc_monetary_1              0x08000289   Thumb Code     0  libinit2.o(.ARM.Collect$$libinit$$00000015)
    __rt_lib_init_lc_numeric_2               0x08000289   Thumb Code     0  libinit2.o(.ARM.Collect$$libinit$$00000016)
    __rt_lib_init_alloca_1                   0x08000293   Thumb Code     0  libinit2.o(.ARM.Collect$$libinit$$0000002E)
    __rt_lib_init_argv_1                     0x08000293   Thumb Code     0  libinit2.o(.ARM.Collect$$libinit$$0000002C)
    __rt_lib_init_atexit_1                   0x08000293   Thumb Code     0  libinit2.o(.ARM.Collect$$libinit$$0000001B)
    __rt_lib_init_clock_1                    0x08000293   Thumb Code     0  libinit2.o(.ARM.Collect$$libinit$$00000021)
    __rt_lib_init_cpp_1                      0x08000293   Thumb Code     0  libinit2.o(.ARM.Collect$$libinit$$00000032)
    __rt_lib_init_exceptions_1               0x08000293   Thumb Code     0  libinit2.o(.ARM.Collect$$libinit$$00000030)
    __rt_lib_init_fp_trap_1                  0x08000293   Thumb Code     0  libinit2.o(.ARM.Collect$$libinit$$0000001F)
    __rt_lib_init_getenv_1                   0x08000293   Thumb Code     0  libinit2.o(.ARM.Collect$$libinit$$00000023)
    __rt_lib_init_lc_numeric_1               0x08000293   Thumb Code     0  libinit2.o(.ARM.Collect$$libinit$$00000017)
    __rt_lib_init_lc_time_1                  0x08000293   Thumb Code     0  libinit2.o(.ARM.Collect$$libinit$$00000019)
    __rt_lib_init_return                     0x08000293   Thumb Code     0  libinit2.o(.ARM.Collect$$libinit$$00000033)
    __rt_lib_init_signal_1                   0x08000293   Thumb Code     0  libinit2.o(.ARM.Collect$$libinit$$0000001D)
    __rt_lib_init_stdio_1                    0x08000293   Thumb Code     0  libinit2.o(.ARM.Collect$$libinit$$00000025)
    __rt_lib_shutdown                        0x08000295   Thumb Code     0  libshutdown.o(.ARM.Collect$$libshutdown$$00000000)
    __rt_lib_shutdown_fp_trap_1              0x08000297   Thumb Code     0  libshutdown2.o(.ARM.Collect$$libshutdown$$00000006)
    __rt_lib_shutdown_heap_1                 0x08000297   Thumb Code     0  libshutdown2.o(.ARM.Collect$$libshutdown$$0000000E)
    __rt_lib_shutdown_return                 0x08000297   Thumb Code     0  libshutdown2.o(.ARM.Collect$$libshutdown$$0000000F)
    __rt_lib_shutdown_signal_1               0x08000297   Thumb Code     0  libshutdown2.o(.ARM.Collect$$libshutdown$$00000009)
    __rt_lib_shutdown_stdio_1                0x08000297   Thumb Code     0  libshutdown2.o(.ARM.Collect$$libshutdown$$00000003)
    __rt_lib_shutdown_user_alloc_1           0x08000297   Thumb Code     0  libshutdown2.o(.ARM.Collect$$libshutdown$$0000000B)
    __rt_entry                               0x08000299   Thumb Code     0  __rtentry.o(.ARM.Collect$$rtentry$$00000000)
    __rt_entry_presh_1                       0x08000299   Thumb Code     0  __rtentry2.o(.ARM.Collect$$rtentry$$00000002)
    __rt_entry_sh                            0x08000299   Thumb Code     0  __rtentry4.o(.ARM.Collect$$rtentry$$00000004)
    __rt_entry_li                            0x0800029f   Thumb Code     0  __rtentry2.o(.ARM.Collect$$rtentry$$0000000A)
    __rt_entry_postsh_1                      0x0800029f   Thumb Code     0  __rtentry2.o(.ARM.Collect$$rtentry$$00000009)
    __rt_entry_main                          0x080002a3   Thumb Code     0  __rtentry2.o(.ARM.Collect$$rtentry$$0000000D)
    __rt_entry_postli_1                      0x080002a3   Thumb Code     0  __rtentry2.o(.ARM.Collect$$rtentry$$0000000C)
    __rt_exit                                0x080002ab   Thumb Code     0  rtexit.o(.ARM.Collect$$rtexit$$00000000)
    __rt_exit_ls                             0x080002ad   Thumb Code     0  rtexit2.o(.ARM.Collect$$rtexit$$00000003)
    __rt_exit_prels_1                        0x080002ad   Thumb Code     0  rtexit2.o(.ARM.Collect$$rtexit$$00000002)
    __rt_exit_exit                           0x080002b1   Thumb Code     0  rtexit2.o(.ARM.Collect$$rtexit$$00000004)
    WFI_SET                                  0x080002b9   Thumb Code     2  sys.o(.emb_text)
    main                                     0x080002bd   Thumb Code    62  main.o(.text)
    getAllDataAttribute                      0x08000309   Thumb Code   728  hardwarevariables.o(.text)
    allToJSON                                0x080005e1   Thumb Code    98  hardwarevariables.o(.text)
    allToJSON2                               0x08000643   Thumb Code    98  hardwarevariables.o(.text)
    demo                                     0x080006a5   Thumb Code    36  hardwarevariables.o(.text)
    recordOfflineMessage                     0x080006c9   Thumb Code   750  hardwarevariables.o(.text)
    readOfflineMessage                       0x080009b7   Thumb Code     2  hardwarevariables.o(.text)
    ClrAtRxBuf                               0x080009c5   Thumb Code    22  hal_wifitocloud.o(.text)
    SendAtCmd                                0x080009db   Thumb Code    24  hal_wifitocloud.o(.text)
    SendStrLen                               0x080009f3   Thumb Code    16  hal_wifitocloud.o(.text)
    ESP8266_init                             0x08000a03   Thumb Code   522  hal_wifitocloud.o(.text)
    ESP8266_SetStation                       0x08000dc9   Thumb Code    40  wifitocloud.o(.text)
    ESP8266_SetAP                            0x08000df1   Thumb Code    76  wifitocloud.o(.text)
    ESP8266_IpStart                          0x08000e3d   Thumb Code   186  wifitocloud.o(.text)
    ESP8266_IpSend                           0x08000ef7   Thumb Code   144  wifitocloud.o(.text)
    ESP8266_MQTT_Sub                         0x08000f87   Thumb Code    80  wifitocloud.o(.text)
    ConnectToServer                          0x08000fd7   Thumb Code   190  wifitocloud.o(.text)
    ESP8266_MQTT_Pub                         0x08001095   Thumb Code   164  wifitocloud.o(.text)
    ESP8266_SendSensor                       0x08001139   Thumb Code   584  wifitocloud.o(.text)
    ESP8266_GetIpData                        0x08001381   Thumb Code    88  wifitocloud.o(.text)
    ESP8266_Get_MQTT_Data                    0x080013d9   Thumb Code   204  wifitocloud.o(.text)
    ESP8266_DataAnalysisProcess              0x080014a5   Thumb Code   114  wifitocloud.o(.text)
    SE_SendSensor                            0x080015b9   Thumb Code   142  app_cloud.o(.text)
    USER_GetJsonValue                        0x08001647   Thumb Code   170  app_cloud.o(.text)
    USER_GetSteeringEngineJsonValue          0x080016f1   Thumb Code   236  app_cloud.o(.text)
    USER_DataAnalysisProcess                 0x080017dd   Thumb Code  2712  app_cloud.o(.text)
    USER_Datatoplayer                        0x08002275   Thumb Code   112  app_cloud.o(.text)
    cloud_task                               0x080022e5   Thumb Code  1302  app_cloud.o(.text)
    usart3_init                              0x080028d1   Thumb Code   154  usart3.o(.text)
    u3_printf                                0x0800296b   Thumb Code    72  usart3.o(.text)
    TIM7_Int_Init                            0x080029c5   Thumb Code    90  timer.o(.text)
    TIM5_SetARR                              0x08002a1f   Thumb Code    36  timer.o(.text)
    TIM5_Int_Init                            0x08002a43   Thumb Code    90  timer.o(.text)
    TIM4_SetARR                              0x08002a9d   Thumb Code    36  timer.o(.text)
    TIM4_Int_Init                            0x08002ac1   Thumb Code    90  timer.o(.text)
    UART4_Init                               0x08002b29   Thumb Code   198  bsp_uart4.o(.text)
    UART4_SendData                           0x08002bef   Thumb Code    32  bsp_uart4.o(.text)
    UART4_SendStr                            0x08002c0f   Thumb Code    22  bsp_uart4.o(.text)
    UART4_SendStrlen                         0x08002c25   Thumb Code    28  bsp_uart4.o(.text)
    Is_Leap_Year                             0x08002c4d   Thumb Code    58  bsp_rtc.o(.text)
    Time_Adjust                              0x08002c87   Thumb Code   186  bsp_rtc.o(.text)
    RTC_Configuration                        0x08002d41   Thumb Code    88  bsp_rtc.o(.text)
    RTC_NVIC_Configuration                   0x08002d99   Thumb Code    34  bsp_rtc.o(.text)
    rtc_init                                 0x08002dbb   Thumb Code    98  bsp_rtc.o(.text)
    RTC_Get                                  0x08002e1d   Thumb Code   224  bsp_rtc.o(.text)
    RTC_IRQHandler                           0x08002efd   Thumb Code    34  bsp_rtc.o(.text)
    usart2_init                              0x08002f41   Thumb Code   174  usart2.o(.text)
    u2_printf                                0x08002fef   Thumb Code    72  usart2.o(.text)
    usart2_set                               0x08003037   Thumb Code   182  usart2.o(.text)
    usart2_rx                                0x080030ed   Thumb Code    46  usart2.o(.text)
    _sys_exit                                0x08003139   Thumb Code     4  usart.o(.text)
    fputc                                    0x0800313d   Thumb Code    24  usart.o(.text)
    _ttywrch                                 0x08003155   Thumb Code     4  usart.o(.text)
    uart_init                                0x08003159   Thumb Code   152  usart.o(.text)
    NMI_Handler                              0x080031f9   Thumb Code     2  stm32f10x_it.o(.text)
    HardFault_Handler                        0x080031fb   Thumb Code    10  stm32f10x_it.o(.text)
    MemManage_Handler                        0x08003205   Thumb Code     4  stm32f10x_it.o(.text)
    BusFault_Handler                         0x08003209   Thumb Code     4  stm32f10x_it.o(.text)
    UsageFault_Handler                       0x0800320d   Thumb Code     4  stm32f10x_it.o(.text)
    SVC_Handler                              0x08003211   Thumb Code     2  stm32f10x_it.o(.text)
    DebugMon_Handler                         0x08003213   Thumb Code     2  stm32f10x_it.o(.text)
    USART1_IRQHandler                        0x08003215   Thumb Code   122  stm32f10x_it.o(.text)
    USART2_IRQHandler                        0x0800328f   Thumb Code   100  stm32f10x_it.o(.text)
    USART3_IRQHandler                        0x080032f3   Thumb Code    88  stm32f10x_it.o(.text)
    UART4_IRQHandler                         0x0800334b   Thumb Code    64  stm32f10x_it.o(.text)
    TIM4_IRQHandler                          0x0800338b   Thumb Code    42  stm32f10x_it.o(.text)
    TIM5_IRQHandler                          0x080033b5   Thumb Code    42  stm32f10x_it.o(.text)
    TIM7_IRQHandler                          0x080033df   Thumb Code    62  stm32f10x_it.o(.text)
    SystemInit                               0x08003563   Thumb Code    78  system_stm32f10x.o(.text)
    SystemCoreClockUpdate                    0x080035b1   Thumb Code   142  system_stm32f10x.o(.text)
    Reset_Handler                            0x08003665   Thumb Code     8  startup_stm32f10x_hd.o(.text)
    PendSV_Handler                           0x0800367b   Thumb Code     2  startup_stm32f10x_hd.o(.text)
    ADC1_2_IRQHandler                        0x0800367f   Thumb Code     0  startup_stm32f10x_hd.o(.text)
    ADC3_IRQHandler                          0x0800367f   Thumb Code     0  startup_stm32f10x_hd.o(.text)
    CAN1_RX1_IRQHandler                      0x0800367f   Thumb Code     0  startup_stm32f10x_hd.o(.text)
    CAN1_SCE_IRQHandler                      0x0800367f   Thumb Code     0  startup_stm32f10x_hd.o(.text)
    DMA1_Channel1_IRQHandler                 0x0800367f   Thumb Code     0  startup_stm32f10x_hd.o(.text)
    DMA1_Channel2_IRQHandler                 0x0800367f   Thumb Code     0  startup_stm32f10x_hd.o(.text)
    DMA1_Channel3_IRQHandler                 0x0800367f   Thumb Code     0  startup_stm32f10x_hd.o(.text)
    DMA1_Channel4_IRQHandler                 0x0800367f   Thumb Code     0  startup_stm32f10x_hd.o(.text)
    DMA1_Channel5_IRQHandler                 0x0800367f   Thumb Code     0  startup_stm32f10x_hd.o(.text)
    DMA1_Channel6_IRQHandler                 0x0800367f   Thumb Code     0  startup_stm32f10x_hd.o(.text)
    DMA1_Channel7_IRQHandler                 0x0800367f   Thumb Code     0  startup_stm32f10x_hd.o(.text)
    DMA2_Channel1_IRQHandler                 0x0800367f   Thumb Code     0  startup_stm32f10x_hd.o(.text)
    DMA2_Channel2_IRQHandler                 0x0800367f   Thumb Code     0  startup_stm32f10x_hd.o(.text)
    DMA2_Channel3_IRQHandler                 0x0800367f   Thumb Code     0  startup_stm32f10x_hd.o(.text)
    DMA2_Channel4_5_IRQHandler               0x0800367f   Thumb Code     0  startup_stm32f10x_hd.o(.text)
    EXTI0_IRQHandler                         0x0800367f   Thumb Code     0  startup_stm32f10x_hd.o(.text)
    EXTI15_10_IRQHandler                     0x0800367f   Thumb Code     0  startup_stm32f10x_hd.o(.text)
    EXTI1_IRQHandler                         0x0800367f   Thumb Code     0  startup_stm32f10x_hd.o(.text)
    EXTI2_IRQHandler                         0x0800367f   Thumb Code     0  startup_stm32f10x_hd.o(.text)
    EXTI3_IRQHandler                         0x0800367f   Thumb Code     0  startup_stm32f10x_hd.o(.text)
    EXTI9_5_IRQHandler                       0x0800367f   Thumb Code     0  startup_stm32f10x_hd.o(.text)
    FLASH_IRQHandler                         0x0800367f   Thumb Code     0  startup_stm32f10x_hd.o(.text)
    FSMC_IRQHandler                          0x0800367f   Thumb Code     0  startup_stm32f10x_hd.o(.text)
    I2C1_ER_IRQHandler                       0x0800367f   Thumb Code     0  startup_stm32f10x_hd.o(.text)
    I2C1_EV_IRQHandler                       0x0800367f   Thumb Code     0  startup_stm32f10x_hd.o(.text)
    I2C2_ER_IRQHandler                       0x0800367f   Thumb Code     0  startup_stm32f10x_hd.o(.text)
    I2C2_EV_IRQHandler                       0x0800367f   Thumb Code     0  startup_stm32f10x_hd.o(.text)
    PVD_IRQHandler                           0x0800367f   Thumb Code     0  startup_stm32f10x_hd.o(.text)
    RCC_IRQHandler                           0x0800367f   Thumb Code     0  startup_stm32f10x_hd.o(.text)
    RTCAlarm_IRQHandler                      0x0800367f   Thumb Code     0  startup_stm32f10x_hd.o(.text)
    SDIO_IRQHandler                          0x0800367f   Thumb Code     0  startup_stm32f10x_hd.o(.text)
    SPI1_IRQHandler                          0x0800367f   Thumb Code     0  startup_stm32f10x_hd.o(.text)
    SPI2_IRQHandler                          0x0800367f   Thumb Code     0  startup_stm32f10x_hd.o(.text)
    SPI3_IRQHandler                          0x0800367f   Thumb Code     0  startup_stm32f10x_hd.o(.text)
    TAMPER_IRQHandler                        0x0800367f   Thumb Code     0  startup_stm32f10x_hd.o(.text)
    TIM1_BRK_IRQHandler                      0x0800367f   Thumb Code     0  startup_stm32f10x_hd.o(.text)
    TIM1_CC_IRQHandler                       0x0800367f   Thumb Code     0  startup_stm32f10x_hd.o(.text)
    TIM1_TRG_COM_IRQHandler                  0x0800367f   Thumb Code     0  startup_stm32f10x_hd.o(.text)
    TIM1_UP_IRQHandler                       0x0800367f   Thumb Code     0  startup_stm32f10x_hd.o(.text)
    TIM2_IRQHandler                          0x0800367f   Thumb Code     0  startup_stm32f10x_hd.o(.text)
    TIM3_IRQHandler                          0x0800367f   Thumb Code     0  startup_stm32f10x_hd.o(.text)
    TIM6_IRQHandler                          0x0800367f   Thumb Code     0  startup_stm32f10x_hd.o(.text)
    TIM8_BRK_IRQHandler                      0x0800367f   Thumb Code     0  startup_stm32f10x_hd.o(.text)
    TIM8_CC_IRQHandler                       0x0800367f   Thumb Code     0  startup_stm32f10x_hd.o(.text)
    TIM8_TRG_COM_IRQHandler                  0x0800367f   Thumb Code     0  startup_stm32f10x_hd.o(.text)
    TIM8_UP_IRQHandler                       0x0800367f   Thumb Code     0  startup_stm32f10x_hd.o(.text)
    UART5_IRQHandler                         0x0800367f   Thumb Code     0  startup_stm32f10x_hd.o(.text)
    USBWakeUp_IRQHandler                     0x0800367f   Thumb Code     0  startup_stm32f10x_hd.o(.text)
    USB_HP_CAN1_TX_IRQHandler                0x0800367f   Thumb Code     0  startup_stm32f10x_hd.o(.text)
    USB_LP_CAN1_RX0_IRQHandler               0x0800367f   Thumb Code     0  startup_stm32f10x_hd.o(.text)
    WWDG_IRQHandler                          0x0800367f   Thumb Code     0  startup_stm32f10x_hd.o(.text)
    __user_initial_stackheap                 0x08003681   Thumb Code     0  startup_stm32f10x_hd.o(.text)
    NVIC_PriorityGroupConfig                 0x080036a5   Thumb Code    10  misc.o(.text)
    NVIC_Init                                0x080036af   Thumb Code   100  misc.o(.text)
    NVIC_SetVectorTable                      0x08003713   Thumb Code    14  misc.o(.text)
    NVIC_SystemLPConfig                      0x08003721   Thumb Code    34  misc.o(.text)
    SysTick_CLKSourceConfig                  0x08003743   Thumb Code    40  misc.o(.text)
    BKP_DeInit                               0x08003781   Thumb Code    16  stm32f10x_bkp.o(.text)
    BKP_TamperPinLevelConfig                 0x08003791   Thumb Code     6  stm32f10x_bkp.o(.text)
    BKP_TamperPinCmd                         0x08003797   Thumb Code     8  stm32f10x_bkp.o(.text)
    BKP_ITConfig                             0x0800379f   Thumb Code     8  stm32f10x_bkp.o(.text)
    BKP_RTCOutputConfig                      0x080037a7   Thumb Code    22  stm32f10x_bkp.o(.text)
    BKP_SetRTCCalibrationValue               0x080037bd   Thumb Code    22  stm32f10x_bkp.o(.text)
    BKP_WriteBackupRegister                  0x080037d3   Thumb Code    24  stm32f10x_bkp.o(.text)
    BKP_ReadBackupRegister                   0x080037eb   Thumb Code    26  stm32f10x_bkp.o(.text)
    BKP_GetFlagStatus                        0x08003805   Thumb Code    10  stm32f10x_bkp.o(.text)
    BKP_ClearFlag                            0x0800380f   Thumb Code    18  stm32f10x_bkp.o(.text)
    BKP_GetITStatus                          0x08003821   Thumb Code    10  stm32f10x_bkp.o(.text)
    BKP_ClearITPendingBit                    0x0800382b   Thumb Code    18  stm32f10x_bkp.o(.text)
    EXTI_DeInit                              0x08003845   Thumb Code    28  stm32f10x_exti.o(.text)
    EXTI_Init                                0x08003861   Thumb Code   142  stm32f10x_exti.o(.text)
    EXTI_StructInit                          0x080038ef   Thumb Code    16  stm32f10x_exti.o(.text)
    EXTI_GenerateSWInterrupt                 0x080038ff   Thumb Code    16  stm32f10x_exti.o(.text)
    EXTI_GetFlagStatus                       0x0800390f   Thumb Code    22  stm32f10x_exti.o(.text)
    EXTI_ClearFlag                           0x08003925   Thumb Code     8  stm32f10x_exti.o(.text)
    EXTI_GetITStatus                         0x0800392d   Thumb Code    34  stm32f10x_exti.o(.text)
    EXTI_ClearITPendingBit                   0x0800394f   Thumb Code     8  stm32f10x_exti.o(.text)
    GPIO_DeInit                              0x08003961   Thumb Code   172  stm32f10x_gpio.o(.text)
    GPIO_AFIODeInit                          0x08003a0d   Thumb Code    20  stm32f10x_gpio.o(.text)
    GPIO_Init                                0x08003a21   Thumb Code   278  stm32f10x_gpio.o(.text)
    GPIO_StructInit                          0x08003b37   Thumb Code    16  stm32f10x_gpio.o(.text)
    GPIO_ReadInputDataBit                    0x08003b47   Thumb Code    18  stm32f10x_gpio.o(.text)
    GPIO_ReadInputData                       0x08003b59   Thumb Code     8  stm32f10x_gpio.o(.text)
    GPIO_ReadOutputDataBit                   0x08003b61   Thumb Code    18  stm32f10x_gpio.o(.text)
    GPIO_ReadOutputData                      0x08003b73   Thumb Code     8  stm32f10x_gpio.o(.text)
    GPIO_SetBits                             0x08003b7b   Thumb Code     4  stm32f10x_gpio.o(.text)
    GPIO_ResetBits                           0x08003b7f   Thumb Code     4  stm32f10x_gpio.o(.text)
    GPIO_WriteBit                            0x08003b83   Thumb Code    10  stm32f10x_gpio.o(.text)
    GPIO_Write                               0x08003b8d   Thumb Code     4  stm32f10x_gpio.o(.text)
    GPIO_PinLockConfig                       0x08003b91   Thumb Code    18  stm32f10x_gpio.o(.text)
    GPIO_EventOutputConfig                   0x08003ba3   Thumb Code    26  stm32f10x_gpio.o(.text)
    GPIO_EventOutputCmd                      0x08003bbd   Thumb Code     6  stm32f10x_gpio.o(.text)
    GPIO_PinRemapConfig                      0x08003bc3   Thumb Code   138  stm32f10x_gpio.o(.text)
    GPIO_EXTILineConfig                      0x08003c4d   Thumb Code    66  stm32f10x_gpio.o(.text)
    GPIO_ETH_MediaInterfaceConfig            0x08003c8f   Thumb Code     8  stm32f10x_gpio.o(.text)
    PWR_DeInit                               0x08003cbd   Thumb Code    22  stm32f10x_pwr.o(.text)
    PWR_BackupAccessCmd                      0x08003cd3   Thumb Code     6  stm32f10x_pwr.o(.text)
    PWR_PVDCmd                               0x08003cd9   Thumb Code     6  stm32f10x_pwr.o(.text)
    PWR_PVDLevelConfig                       0x08003cdf   Thumb Code    18  stm32f10x_pwr.o(.text)
    PWR_WakeUpPinCmd                         0x08003cf1   Thumb Code     8  stm32f10x_pwr.o(.text)
    PWR_EnterSTOPMode                        0x08003cf9   Thumb Code    54  stm32f10x_pwr.o(.text)
    PWR_EnterSTANDBYMode                     0x08003d2f   Thumb Code    42  stm32f10x_pwr.o(.text)
    PWR_GetFlagStatus                        0x08003d59   Thumb Code    20  stm32f10x_pwr.o(.text)
    PWR_ClearFlag                            0x08003d6d   Thumb Code    14  stm32f10x_pwr.o(.text)
    RCC_DeInit                               0x08003d89   Thumb Code    64  stm32f10x_rcc.o(.text)
    RCC_HSEConfig                            0x08003dc9   Thumb Code    70  stm32f10x_rcc.o(.text)
    RCC_GetFlagStatus                        0x08003e0f   Thumb Code    56  stm32f10x_rcc.o(.text)
    RCC_WaitForHSEStartUp                    0x08003e47   Thumb Code    56  stm32f10x_rcc.o(.text)
    RCC_AdjustHSICalibrationValue            0x08003e7f   Thumb Code    20  stm32f10x_rcc.o(.text)
    RCC_HSICmd                               0x08003e93   Thumb Code     6  stm32f10x_rcc.o(.text)
    RCC_PLLConfig                            0x08003e99   Thumb Code    24  stm32f10x_rcc.o(.text)
    RCC_PLLCmd                               0x08003eb1   Thumb Code     6  stm32f10x_rcc.o(.text)
    RCC_SYSCLKConfig                         0x08003eb7   Thumb Code    18  stm32f10x_rcc.o(.text)
    RCC_GetSYSCLKSource                      0x08003ec9   Thumb Code    10  stm32f10x_rcc.o(.text)
    RCC_HCLKConfig                           0x08003ed3   Thumb Code    18  stm32f10x_rcc.o(.text)
    RCC_PCLK1Config                          0x08003ee5   Thumb Code    18  stm32f10x_rcc.o(.text)
    RCC_PCLK2Config                          0x08003ef7   Thumb Code    20  stm32f10x_rcc.o(.text)
    RCC_ITConfig                             0x08003f0b   Thumb Code    26  stm32f10x_rcc.o(.text)
    RCC_USBCLKConfig                         0x08003f25   Thumb Code     8  stm32f10x_rcc.o(.text)
    RCC_ADCCLKConfig                         0x08003f2d   Thumb Code    18  stm32f10x_rcc.o(.text)
    RCC_LSEConfig                            0x08003f3f   Thumb Code    50  stm32f10x_rcc.o(.text)
    RCC_LSICmd                               0x08003f71   Thumb Code     6  stm32f10x_rcc.o(.text)
    RCC_RTCCLKConfig                         0x08003f77   Thumb Code    12  stm32f10x_rcc.o(.text)
    RCC_RTCCLKCmd                            0x08003f83   Thumb Code     8  stm32f10x_rcc.o(.text)
    RCC_GetClocksFreq                        0x08003f8b   Thumb Code   192  stm32f10x_rcc.o(.text)
    RCC_AHBPeriphClockCmd                    0x0800404b   Thumb Code    26  stm32f10x_rcc.o(.text)
    RCC_APB2PeriphClockCmd                   0x08004065   Thumb Code    26  stm32f10x_rcc.o(.text)
    RCC_APB1PeriphClockCmd                   0x0800407f   Thumb Code    26  stm32f10x_rcc.o(.text)
    RCC_APB2PeriphResetCmd                   0x08004099   Thumb Code    26  stm32f10x_rcc.o(.text)
    RCC_APB1PeriphResetCmd                   0x080040b3   Thumb Code    26  stm32f10x_rcc.o(.text)
    RCC_BackupResetCmd                       0x080040cd   Thumb Code     8  stm32f10x_rcc.o(.text)
    RCC_ClockSecuritySystemCmd               0x080040d5   Thumb Code     6  stm32f10x_rcc.o(.text)
    RCC_MCOConfig                            0x080040db   Thumb Code     6  stm32f10x_rcc.o(.text)
    RCC_ClearFlag                            0x080040e1   Thumb Code    14  stm32f10x_rcc.o(.text)
    RCC_GetITStatus                          0x080040ef   Thumb Code    20  stm32f10x_rcc.o(.text)
    RCC_ClearITPendingBit                    0x08004103   Thumb Code     6  stm32f10x_rcc.o(.text)
    RTC_ITConfig                             0x0800412d   Thumb Code    26  stm32f10x_rtc.o(.text)
    RTC_EnterConfigMode                      0x08004147   Thumb Code    18  stm32f10x_rtc.o(.text)
    RTC_ExitConfigMode                       0x08004159   Thumb Code    20  stm32f10x_rtc.o(.text)
    RTC_GetCounter                           0x0800416d   Thumb Code    18  stm32f10x_rtc.o(.text)
    RTC_SetCounter                           0x0800417f   Thumb Code    26  stm32f10x_rtc.o(.text)
    RTC_SetPrescaler                         0x08004199   Thumb Code    28  stm32f10x_rtc.o(.text)
    RTC_SetAlarm                             0x080041b5   Thumb Code    26  stm32f10x_rtc.o(.text)
    RTC_GetDivider                           0x080041cf   Thumb Code    22  stm32f10x_rtc.o(.text)
    RTC_WaitForLastTask                      0x080041e5   Thumb Code    18  stm32f10x_rtc.o(.text)
    RTC_WaitForSynchro                       0x080041f7   Thumb Code    36  stm32f10x_rtc.o(.text)
    RTC_GetFlagStatus                        0x0800421b   Thumb Code    22  stm32f10x_rtc.o(.text)
    RTC_ClearFlag                            0x08004231   Thumb Code    16  stm32f10x_rtc.o(.text)
    RTC_GetITStatus                          0x08004241   Thumb Code    32  stm32f10x_rtc.o(.text)
    RTC_ClearITPendingBit                    0x08004261   Thumb Code    16  stm32f10x_rtc.o(.text)
    TIM_DeInit                               0x08004275   Thumb Code   424  stm32f10x_tim.o(.text)
    TIM_TimeBaseInit                         0x0800441d   Thumb Code   122  stm32f10x_tim.o(.text)
    TIM_OC1Init                              0x08004497   Thumb Code   132  stm32f10x_tim.o(.text)
    TIM_OC2Init                              0x0800451b   Thumb Code   154  stm32f10x_tim.o(.text)
    TIM_OC3Init                              0x080045b5   Thumb Code   150  stm32f10x_tim.o(.text)
    TIM_OC4Init                              0x0800464b   Thumb Code   182  stm32f10x_tim.o(.text)
    TIM_SetIC4Prescaler                      0x08004701   Thumb Code    26  stm32f10x_tim.o(.text)
    TIM_SetIC3Prescaler                      0x0800479d   Thumb Code    18  stm32f10x_tim.o(.text)
    TIM_SetIC2Prescaler                      0x08004829   Thumb Code    26  stm32f10x_tim.o(.text)
    TIM_SetIC1Prescaler                      0x080048c5   Thumb Code    18  stm32f10x_tim.o(.text)
    TIM_ICInit                               0x08004943   Thumb Code   150  stm32f10x_tim.o(.text)
    TIM_PWMIConfig                           0x080049d9   Thumb Code   124  stm32f10x_tim.o(.text)
    TIM_BDTRConfig                           0x08004a55   Thumb Code    32  stm32f10x_tim.o(.text)
    TIM_TimeBaseStructInit                   0x08004a75   Thumb Code    18  stm32f10x_tim.o(.text)
    TIM_OCStructInit                         0x08004a87   Thumb Code    20  stm32f10x_tim.o(.text)
    TIM_ICStructInit                         0x08004a9b   Thumb Code    18  stm32f10x_tim.o(.text)
    TIM_BDTRStructInit                       0x08004aad   Thumb Code    40  stm32f10x_tim.o(.text)
    TIM_Cmd                                  0x08004ad5   Thumb Code    24  stm32f10x_tim.o(.text)
    TIM_CtrlPWMOutputs                       0x08004aed   Thumb Code    30  stm32f10x_tim.o(.text)
    TIM_ITConfig                             0x08004b0b   Thumb Code    18  stm32f10x_tim.o(.text)
    TIM_GenerateEvent                        0x08004b1d   Thumb Code     4  stm32f10x_tim.o(.text)
    TIM_DMAConfig                            0x08004b21   Thumb Code    10  stm32f10x_tim.o(.text)
    TIM_DMACmd                               0x08004b2b   Thumb Code    18  stm32f10x_tim.o(.text)
    TIM_InternalClockConfig                  0x08004b3d   Thumb Code    12  stm32f10x_tim.o(.text)
    TIM_SelectInputTrigger                   0x08004b49   Thumb Code    18  stm32f10x_tim.o(.text)
    TIM_ITRxExternalClockConfig              0x08004b5b   Thumb Code    24  stm32f10x_tim.o(.text)
    TIM_TIxExternalClockConfig               0x08004b73   Thumb Code    62  stm32f10x_tim.o(.text)
    TIM_ETRConfig                            0x08004bb1   Thumb Code    28  stm32f10x_tim.o(.text)
    TIM_ETRClockMode1Config                  0x08004bcd   Thumb Code    54  stm32f10x_tim.o(.text)
    TIM_ETRClockMode2Config                  0x08004c03   Thumb Code    32  stm32f10x_tim.o(.text)
    TIM_PrescalerConfig                      0x08004c23   Thumb Code     6  stm32f10x_tim.o(.text)
    TIM_CounterModeConfig                    0x08004c29   Thumb Code    18  stm32f10x_tim.o(.text)
    TIM_EncoderInterfaceConfig               0x08004c3b   Thumb Code    66  stm32f10x_tim.o(.text)
    TIM_ForcedOC1Config                      0x08004c7d   Thumb Code    18  stm32f10x_tim.o(.text)
    TIM_ForcedOC2Config                      0x08004c8f   Thumb Code    26  stm32f10x_tim.o(.text)
    TIM_ForcedOC3Config                      0x08004ca9   Thumb Code    18  stm32f10x_tim.o(.text)
    TIM_ForcedOC4Config                      0x08004cbb   Thumb Code    26  stm32f10x_tim.o(.text)
    TIM_ARRPreloadConfig                     0x08004cd5   Thumb Code    24  stm32f10x_tim.o(.text)
    TIM_SelectCOM                            0x08004ced   Thumb Code    24  stm32f10x_tim.o(.text)
    TIM_SelectCCDMA                          0x08004d05   Thumb Code    24  stm32f10x_tim.o(.text)
    TIM_CCPreloadControl                     0x08004d1d   Thumb Code    24  stm32f10x_tim.o(.text)
    TIM_OC1PreloadConfig                     0x08004d35   Thumb Code    18  stm32f10x_tim.o(.text)
    TIM_OC2PreloadConfig                     0x08004d47   Thumb Code    26  stm32f10x_tim.o(.text)
    TIM_OC3PreloadConfig                     0x08004d61   Thumb Code    18  stm32f10x_tim.o(.text)
    TIM_OC4PreloadConfig                     0x08004d73   Thumb Code    26  stm32f10x_tim.o(.text)
    TIM_OC1FastConfig                        0x08004d8d   Thumb Code    18  stm32f10x_tim.o(.text)
    TIM_OC2FastConfig                        0x08004d9f   Thumb Code    26  stm32f10x_tim.o(.text)
    TIM_OC3FastConfig                        0x08004db9   Thumb Code    18  stm32f10x_tim.o(.text)
    TIM_OC4FastConfig                        0x08004dcb   Thumb Code    26  stm32f10x_tim.o(.text)
    TIM_ClearOC1Ref                          0x08004de5   Thumb Code    18  stm32f10x_tim.o(.text)
    TIM_ClearOC2Ref                          0x08004df7   Thumb Code    24  stm32f10x_tim.o(.text)
    TIM_ClearOC3Ref                          0x08004e0f   Thumb Code    18  stm32f10x_tim.o(.text)
    TIM_ClearOC4Ref                          0x08004e21   Thumb Code    24  stm32f10x_tim.o(.text)
    TIM_OC1PolarityConfig                    0x08004e39   Thumb Code    18  stm32f10x_tim.o(.text)
    TIM_OC1NPolarityConfig                   0x08004e4b   Thumb Code    18  stm32f10x_tim.o(.text)
    TIM_OC2PolarityConfig                    0x08004e5d   Thumb Code    26  stm32f10x_tim.o(.text)
    TIM_OC2NPolarityConfig                   0x08004e77   Thumb Code    26  stm32f10x_tim.o(.text)
    TIM_OC3PolarityConfig                    0x08004e91   Thumb Code    26  stm32f10x_tim.o(.text)
    TIM_OC3NPolarityConfig                   0x08004eab   Thumb Code    26  stm32f10x_tim.o(.text)
    TIM_OC4PolarityConfig                    0x08004ec5   Thumb Code    26  stm32f10x_tim.o(.text)
    TIM_CCxCmd                               0x08004edf   Thumb Code    30  stm32f10x_tim.o(.text)
    TIM_CCxNCmd                              0x08004efd   Thumb Code    30  stm32f10x_tim.o(.text)
    TIM_SelectOCxM                           0x08004f1b   Thumb Code    82  stm32f10x_tim.o(.text)
    TIM_UpdateDisableConfig                  0x08004f6d   Thumb Code    24  stm32f10x_tim.o(.text)
    TIM_UpdateRequestConfig                  0x08004f85   Thumb Code    24  stm32f10x_tim.o(.text)
    TIM_SelectHallSensor                     0x08004f9d   Thumb Code    24  stm32f10x_tim.o(.text)
    TIM_SelectOnePulseMode                   0x08004fb5   Thumb Code    18  stm32f10x_tim.o(.text)
    TIM_SelectOutputTrigger                  0x08004fc7   Thumb Code    18  stm32f10x_tim.o(.text)
    TIM_SelectSlaveMode                      0x08004fd9   Thumb Code    18  stm32f10x_tim.o(.text)
    TIM_SelectMasterSlaveMode                0x08004feb   Thumb Code    18  stm32f10x_tim.o(.text)
    TIM_SetCounter                           0x08004ffd   Thumb Code     4  stm32f10x_tim.o(.text)
    TIM_SetAutoreload                        0x08005001   Thumb Code     4  stm32f10x_tim.o(.text)
    TIM_SetCompare1                          0x08005005   Thumb Code     4  stm32f10x_tim.o(.text)
    TIM_SetCompare2                          0x08005009   Thumb Code     4  stm32f10x_tim.o(.text)
    TIM_SetCompare3                          0x0800500d   Thumb Code     4  stm32f10x_tim.o(.text)
    TIM_SetCompare4                          0x08005011   Thumb Code     6  stm32f10x_tim.o(.text)
    TIM_SetClockDivision                     0x08005017   Thumb Code    18  stm32f10x_tim.o(.text)
    TIM_GetCapture1                          0x08005029   Thumb Code     6  stm32f10x_tim.o(.text)
    TIM_GetCapture2                          0x0800502f   Thumb Code     6  stm32f10x_tim.o(.text)
    TIM_GetCapture3                          0x08005035   Thumb Code     6  stm32f10x_tim.o(.text)
    TIM_GetCapture4                          0x0800503b   Thumb Code     8  stm32f10x_tim.o(.text)
    TIM_GetCounter                           0x08005043   Thumb Code     6  stm32f10x_tim.o(.text)
    TIM_GetPrescaler                         0x08005049   Thumb Code     6  stm32f10x_tim.o(.text)
    TIM_GetFlagStatus                        0x0800504f   Thumb Code    18  stm32f10x_tim.o(.text)
    TIM_ClearFlag                            0x08005061   Thumb Code     6  stm32f10x_tim.o(.text)
    TIM_GetITStatus                          0x08005067   Thumb Code    34  stm32f10x_tim.o(.text)
    TIM_ClearITPendingBit                    0x08005089   Thumb Code     6  stm32f10x_tim.o(.text)
    USART_DeInit                             0x08005091   Thumb Code   134  stm32f10x_usart.o(.text)
    USART_Init                               0x08005117   Thumb Code   210  stm32f10x_usart.o(.text)
    USART_StructInit                         0x080051e9   Thumb Code    24  stm32f10x_usart.o(.text)
    USART_ClockInit                          0x08005201   Thumb Code    34  stm32f10x_usart.o(.text)
    USART_ClockStructInit                    0x08005223   Thumb Code    12  stm32f10x_usart.o(.text)
    USART_Cmd                                0x0800522f   Thumb Code    24  stm32f10x_usart.o(.text)
    USART_ITConfig                           0x08005247   Thumb Code    74  stm32f10x_usart.o(.text)
    USART_DMACmd                             0x08005291   Thumb Code    18  stm32f10x_usart.o(.text)
    USART_SetAddress                         0x080052a3   Thumb Code    18  stm32f10x_usart.o(.text)
    USART_WakeUpConfig                       0x080052b5   Thumb Code    18  stm32f10x_usart.o(.text)
    USART_ReceiverWakeUpCmd                  0x080052c7   Thumb Code    24  stm32f10x_usart.o(.text)
    USART_LINBreakDetectLengthConfig         0x080052df   Thumb Code    18  stm32f10x_usart.o(.text)
    USART_LINCmd                             0x080052f1   Thumb Code    24  stm32f10x_usart.o(.text)
    USART_SendData                           0x08005309   Thumb Code     8  stm32f10x_usart.o(.text)
    USART_ReceiveData                        0x08005311   Thumb Code    10  stm32f10x_usart.o(.text)
    USART_SendBreak                          0x0800531b   Thumb Code    10  stm32f10x_usart.o(.text)
    USART_SetGuardTime                       0x08005325   Thumb Code    16  stm32f10x_usart.o(.text)
    USART_SetPrescaler                       0x08005335   Thumb Code    16  stm32f10x_usart.o(.text)
    USART_SmartCardCmd                       0x08005345   Thumb Code    24  stm32f10x_usart.o(.text)
    USART_SmartCardNACKCmd                   0x0800535d   Thumb Code    24  stm32f10x_usart.o(.text)
    USART_HalfDuplexCmd                      0x08005375   Thumb Code    24  stm32f10x_usart.o(.text)
    USART_OverSampling8Cmd                   0x0800538d   Thumb Code    22  stm32f10x_usart.o(.text)
    USART_OneBitMethodCmd                    0x080053a3   Thumb Code    24  stm32f10x_usart.o(.text)
    USART_IrDAConfig                         0x080053bb   Thumb Code    18  stm32f10x_usart.o(.text)
    USART_IrDACmd                            0x080053cd   Thumb Code    24  stm32f10x_usart.o(.text)
    USART_GetFlagStatus                      0x080053e5   Thumb Code    26  stm32f10x_usart.o(.text)
    USART_ClearFlag                          0x080053ff   Thumb Code    18  stm32f10x_usart.o(.text)
    USART_GetITStatus                        0x08005411   Thumb Code    84  stm32f10x_usart.o(.text)
    USART_ClearITPendingBit                  0x08005465   Thumb Code    52  stm32f10x_usart.o(.text)
    Aux_Int                                  0x08005499   Thumb Code    68  lora_app.o(.text)
    EXTI4_IRQHandler                         0x080054dd   Thumb Code   106  lora_app.o(.text)
    LoRa_Init                                0x08005547   Thumb Code   242  lora_app.o(.text)
    LoRa_Set                                 0x08005639   Thumb Code   278  lora_app.o(.text)
    LoRa_SendData                            0x0800574f   Thumb Code   214  lora_app.o(.text)
    LoRa_SendData_Affirm                     0x08005825   Thumb Code   432  lora_app.o(.text)
    LoRa_ReceData                            0x080059d5   Thumb Code   300  lora_app.o(.text)
    Lora_task                                0x08005b01   Thumb Code  1052  lora_app.o(.text)
    Lora_Test                                0x08005f1d   Thumb Code   116  lora_app.o(.text)
    lora_at_response                         0x08006009   Thumb Code    46  lora_ui.o(.text)
    lora_check_cmd                           0x08006037   Thumb Code    44  lora_ui.o(.text)
    lora_send_cmd                            0x08006063   Thumb Code   112  lora_ui.o(.text)
    chr2hex                                  0x080060d3   Thumb Code    54  lora_ui.o(.text)
    char2hex_buff                            0x08006109   Thumb Code    32  lora_ui.o(.text)
    hexbuff_num                              0x08006129   Thumb Code   182  lora_ui.o(.text)
    num_count                                0x080061df   Thumb Code    26  lora_ui.o(.text)
    SYSTICK_NVIC_Configuration               0x08006211   Thumb Code    34  systick.o(.text)
    SYSTICK_Configuration                    0x08006233   Thumb Code    32  systick.o(.text)
    SYSTICK_init                             0x08006253   Thumb Code    12  systick.o(.text)
    SYSTICK_IntDisable                       0x0800625f   Thumb Code    18  systick.o(.text)
    SYSTICK_IntEnable                        0x08006271   Thumb Code    18  systick.o(.text)
    SYSTICK_ClearSystickVal                  0x08006283   Thumb Code    10  systick.o(.text)
    SYSTICK_GetVal                           0x0800628d   Thumb Code     8  systick.o(.text)
    SYSTICK_Delay10ms                        0x08006295   Thumb Code    26  systick.o(.text)
    SYSTICK_get_time                         0x080062af   Thumb Code     6  systick.o(.text)
    SysTick_Handler                          0x080062b5   Thumb Code    12  systick.o(.text)
    STM32_GPIOx_Init                         0x080062c9   Thumb Code    48  sys.o(.text)
    STM32_Flash_Capacity                     0x080062f9   Thumb Code   154  sys.o(.text)
    STM32_CPUID                              0x08006393   Thumb Code    20  sys.o(.text)
    MY_NVIC_SetVectorTable                   0x080063a7   Thumb Code    14  sys.o(.text)
    MY_NVIC_PriorityGroup_Config             0x080063b5   Thumb Code    12  sys.o(.text)
    MY_NVIC_Init                             0x080063c1   Thumb Code    42  sys.o(.text)
    MY_RCC_DeInit                            0x080063eb   Thumb Code    90  sys.o(.text)
    SYS_Standby                              0x08006445   Thumb Code    68  sys.o(.text)
    SYS_SoftReset                            0x08006489   Thumb Code    10  sys.o(.text)
    STM_JTAG_Set                             0x08006493   Thumb Code    36  sys.o(.text)
    STM_Clock_Init                           0x080064b7   Thumb Code   134  sys.o(.text)
    BCD_to_HEX                               0x0800653d   Thumb Code    26  sys.o(.text)
    HEX_to_BCD                               0x08006557   Thumb Code    20  sys.o(.text)
    CharToHex                                0x0800656b   Thumb Code    36  sys.o(.text)
    HexToChar                                0x0800658f   Thumb Code    52  sys.o(.text)
    HexStrToByte                             0x080065c3   Thumb Code    70  sys.o(.text)
    ByteToHexStr                             0x08006609   Thumb Code    66  sys.o(.text)
    BytetoBCD                                0x0800664b   Thumb Code    54  sys.o(.text)
    DX_to_HX                                 0x08006681   Thumb Code    70  sys.o(.text)
    HX_to_DX                                 0x080066c7   Thumb Code   102  sys.o(.text)
    delay_init                               0x0800672d   Thumb Code    26  delay.o(.text)
    delay_us                                 0x08006747   Thumb Code    62  delay.o(.text)
    sdelay                                   0x08006785   Thumb Code    26  delay.o(.text)
    __use_no_semihosting                     0x080067b1   Thumb Code     2  use_no_semi_2.o(.text)
    vsprintf                                 0x080067b5   Thumb Code    32  vsprintf.o(.text)
    __2printf                                0x080067d9   Thumb Code    20  __2printf.o(.text)
    __2sprintf                               0x080067f1   Thumb Code    38  __2sprintf.o(.text)
    _printf_pre_padding                      0x0800681d   Thumb Code    44  _printf_pad.o(.text)
    _printf_post_padding                     0x08006849   Thumb Code    34  _printf_pad.o(.text)
    _printf_str                              0x0800686b   Thumb Code    82  _printf_str.o(.text)
    _printf_int_dec                          0x080068bd   Thumb Code   104  _printf_dec.o(.text)
    _printf_longlong_hex                     0x08006935   Thumb Code    86  _printf_hex_int_ll_ptr.o(.text)
    _printf_int_hex                          0x0800698b   Thumb Code    28  _printf_hex_int_ll_ptr.o(.text)
    _printf_ll_hex                           0x080069a7   Thumb Code    12  _printf_hex_int_ll_ptr.o(.text)
    _printf_hex_ptr                          0x080069b3   Thumb Code    18  _printf_hex_int_ll_ptr.o(.text)
    __printf                                 0x080069c9   Thumb Code   388  __printf_flags_ss_wp.o(.text)
    strstr                                   0x08006b51   Thumb Code    36  strstr.o(.text)
    strrchr                                  0x08006b75   Thumb Code    22  strrchr.o(.text)
    strlen                                   0x08006b8b   Thumb Code    62  strlen.o(.text)
    strcat                                   0x08006bc9   Thumb Code    24  strcat.o(.text)
    __aeabi_memcpy                           0x08006be1   Thumb Code     0  rt_memcpy_v6.o(.text)
    __rt_memcpy                              0x08006be1   Thumb Code   138  rt_memcpy_v6.o(.text)
    _memcpy_lastbytes                        0x08006c47   Thumb Code     0  rt_memcpy_v6.o(.text)
    __aeabi_memclr                           0x08006c6b   Thumb Code     0  rt_memclr.o(.text)
    __rt_memclr                              0x08006c6b   Thumb Code    68  rt_memclr.o(.text)
    _memset                                  0x08006c6f   Thumb Code     0  rt_memclr.o(.text)
    __aeabi_memclr4                          0x08006caf   Thumb Code     0  rt_memclr_w.o(.text)
    __aeabi_memclr8                          0x08006caf   Thumb Code     0  rt_memclr_w.o(.text)
    __rt_memclr_w                            0x08006caf   Thumb Code    78  rt_memclr_w.o(.text)
    _memset_w                                0x08006cb3   Thumb Code     0  rt_memclr_w.o(.text)
    strcmp                                   0x08006cfd   Thumb Code   128  strcmpv7m.o(.text)
    __use_two_region_memory                  0x08006d7d   Thumb Code     2  heapauxi.o(.text)
    __rt_heap_escrow$2region                 0x08006d7f   Thumb Code     2  heapauxi.o(.text)
    __rt_heap_expand$2region                 0x08006d81   Thumb Code     2  heapauxi.o(.text)
    __I$use$semihosting                      0x08006d83   Thumb Code     0  use_no_semi.o(.text)
    __use_no_semihosting_swi                 0x08006d83   Thumb Code     2  use_no_semi.o(.text)
    _printf_truncate_signed                  0x08006d85   Thumb Code    18  _printf_truncate.o(.text)
    _printf_truncate_unsigned                0x08006d97   Thumb Code    18  _printf_truncate.o(.text)
    _printf_int_common                       0x08006da9   Thumb Code   178  _printf_intcommon.o(.text)
    _printf_charcount                        0x08006e5b   Thumb Code    40  _printf_charcount.o(.text)
    _printf_char_common                      0x08006e8f   Thumb Code    32  _printf_char_common.o(.text)
    _sputc                                   0x08006eb5   Thumb Code    10  _sputc.o(.text)
    _printf_cs_common                        0x08006ebf   Thumb Code    20  _printf_char.o(.text)
    _printf_char                             0x08006ed3   Thumb Code    16  _printf_char.o(.text)
    _printf_string                           0x08006ee3   Thumb Code     8  _printf_char.o(.text)
    _printf_char_file                        0x08006eed   Thumb Code    32  _printf_char_file.o(.text)
    _printf_wctomb                           0x08006f11   Thumb Code   182  _printf_wctomb.o(.text)
    _printf_longlong_dec                     0x08006fcd   Thumb Code   108  _printf_longlong_dec.o(.text)
    _printf_longlong_oct                     0x08007049   Thumb Code    68  _printf_oct_int_ll.o(.text)
    _printf_int_oct                          0x0800708d   Thumb Code    24  _printf_oct_int_ll.o(.text)
    _printf_ll_oct                           0x080070a5   Thumb Code    12  _printf_oct_int_ll.o(.text)
    __aeabi_memcpy4                          0x080070b9   Thumb Code     0  rt_memcpy_w.o(.text)
    __aeabi_memcpy8                          0x080070b9   Thumb Code     0  rt_memcpy_w.o(.text)
    __rt_memcpy_w                            0x080070b9   Thumb Code   100  rt_memcpy_w.o(.text)
    _memcpy_lastbytes_aligned                0x08007101   Thumb Code     0  rt_memcpy_w.o(.text)
    _ll_udiv10                               0x0800711d   Thumb Code   138  lludiv10.o(.text)
    __lib_sel_fp_printf                      0x080071a7   Thumb Code     2  _printf_fp_dec.o(.text)
    _printf_fp_dec_real                      0x08007355   Thumb Code   620  _printf_fp_dec.o(.text)
    _printf_fp_hex_real                      0x080075c1   Thumb Code   754  _printf_fp_hex.o(.text)
    _printf_lcs_common                       0x080078bd   Thumb Code    20  _printf_wchar.o(.text)
    _printf_wchar                            0x080078d1   Thumb Code    16  _printf_wchar.o(.text)
    _printf_wstring                          0x080078e1   Thumb Code     8  _printf_wchar.o(.text)
    ferror                                   0x080078e9   Thumb Code     8  ferror.o(.text)
    _wcrtomb                                 0x080078f1   Thumb Code    64  _wcrtomb.o(.text)
    __user_setup_stackheap                   0x08007931   Thumb Code    74  sys_stackheap_outer.o(.text)
    __rt_ctype_table                         0x0800797d   Thumb Code    16  rt_ctype_table.o(.text)
    __rt_locale                              0x0800798d   Thumb Code     8  rt_locale_intlibspace.o(.text)
    _printf_fp_infnan                        0x08007995   Thumb Code   112  _printf_fp_infnan.o(.text)
    _btod_etento                             0x08007a15   Thumb Code   216  bigflt0.o(.text)
    exit                                     0x08007af1   Thumb Code    12  exit.o(.text)
    __user_libspace                          0x08007afd   Thumb Code     8  libspace.o(.text)
    __user_perproc_libspace                  0x08007afd   Thumb Code     0  libspace.o(.text)
    __user_perthread_libspace                0x08007afd   Thumb Code     0  libspace.o(.text)
    _btod_d2e                                0x08007b05   Thumb Code    62  btod.o(CL$$btod_d2e)
    _d2e_denorm_low                          0x08007b43   Thumb Code    70  btod.o(CL$$btod_d2e_denorm_low)
    _d2e_norm_op1                            0x08007b89   Thumb Code    96  btod.o(CL$$btod_d2e_norm_op1)
    __btod_div_common                        0x08007be9   Thumb Code   696  btod.o(CL$$btod_div_common)
    _e2e                                     0x08007f21   Thumb Code   198  btod.o(CL$$btod_e2e)
    _btod_ediv                               0x08007fe7   Thumb Code    40  btod.o(CL$$btod_ediv)
    _btod_emul                               0x0800800f   Thumb Code    40  btod.o(CL$$btod_emul)
    __btod_mult_common                       0x08008037   Thumb Code   580  btod.o(CL$$btod_mult_common)
    __ARM_fpclassify                         0x0800827b   Thumb Code    40  fpclassify.o(i.__ARM_fpclassify)
    _is_digit                                0x080082a3   Thumb Code    14  __printf_wp.o(i._is_digit)
    _get_lc_numeric                          0x080082b1   Thumb Code    44  lc_numeric_c.o(locale$$code)
    _get_lc_ctype                            0x080082dd   Thumb Code    44  lc_ctype_c.o(locale$$code)
    _printf_fp_dec                           0x08008309   Thumb Code     4  printf1.o(x$fpl$printf1)
    _printf_fp_hex                           0x0800830d   Thumb Code     4  printf2.o(x$fpl$printf2)
    __I$use$fp                               0x08008310   Number         0  usenofp.o(x$fpl$usenofp)
    mon_table                                0x0800833a   Data          12  bsp_rtc.o(.constdata)
    Region$$Table$$Base                      0x08008444   Number         0  anon$$obj.o(Region$$Table)
    Region$$Table$$Limit                     0x08008464   Number         0  anon$$obj.o(Region$$Table)
    __ctype                                  0x0800848d   Data           0  lc_ctype_c.o(locale$$data)
    minT1                                    0x20000000   Data           4  hardwarevariables.o(.data)
    maxT1                                    0x20000004   Data           4  hardwarevariables.o(.data)
    minT2                                    0x20000008   Data           4  hardwarevariables.o(.data)
    maxT2                                    0x2000000c   Data           4  hardwarevariables.o(.data)
    minH1                                    0x20000010   Data           4  hardwarevariables.o(.data)
    maxH1                                    0x20000014   Data           4  hardwarevariables.o(.data)
    minH2                                    0x20000018   Data           4  hardwarevariables.o(.data)
    maxH2                                    0x2000001c   Data           4  hardwarevariables.o(.data)
    minI1                                    0x20000020   Data           4  hardwarevariables.o(.data)
    maxI1                                    0x20000024   Data           4  hardwarevariables.o(.data)
    minI2                                    0x20000028   Data           4  hardwarevariables.o(.data)
    maxI2                                    0x2000002c   Data           4  hardwarevariables.o(.data)
    minS1                                    0x20000030   Data           4  hardwarevariables.o(.data)
    maxS1                                    0x20000034   Data           4  hardwarevariables.o(.data)
    minS2                                    0x20000038   Data           4  hardwarevariables.o(.data)
    maxS2                                    0x2000003c   Data           4  hardwarevariables.o(.data)
    autoMode                                 0x20000040   Data           4  hardwarevariables.o(.data)
    alarm                                    0x20000044   Data           4  hardwarevariables.o(.data)
    alarmFlag                                0x20000048   Data           4  hardwarevariables.o(.data)
    idType                                   0x2000004c   Data           4  hardwarevariables.o(.data)
    identifyFlag                             0x20000050   Data           4  hardwarevariables.o(.data)
    MQTTSendErrorTimes                       0x20000054   Data           4  hardwarevariables.o(.data)
    onlineCode                               0x20000058   Data           4  hardwarevariables.o(.data)
    offlineMessageCounts                     0x2000005c   Data           4  hardwarevariables.o(.data)
    lightAuto                                0x20000060   Data           4  hardwarevariables.o(.data)
    TG                                       0x20000064   Data           4  hardwarevariables.o(.data)
    sAlarm                                   0x20000068   Data           4  hardwarevariables.o(.data)
    hAlarm                                   0x2000006c   Data           4  hardwarevariables.o(.data)
    vName                                    0x20000070   Data         144  hardwarevariables.o(.data)
    sendTypeFlag                             0x20000100   Data           4  app_cloud.o(.data)
    openTimes                                0x20000104   Data           4  app_cloud.o(.data)
    alarmTimes                               0x20000108   Data           4  app_cloud.o(.data)
    sensorTimes                              0x2000010c   Data           4  app_cloud.o(.data)
    reconnectedTimes                         0x20000110   Data           4  app_cloud.o(.data)
    sTime                                    0x20000114   Data           4  app_cloud.o(.data)
    USART3_RX_STA                            0x2000011e   Data           2  usart3.o(.data)
    UART4_RX_COUNT                           0x20000120   Data           2  bsp_uart4.o(.data)
    F_UART4_RX_FINISH                        0x20000122   Data           1  bsp_uart4.o(.data)
    F_UART4_RX_RECEIVING                     0x20000123   Data           1  bsp_uart4.o(.data)
    UART4_RX_TIMEOUT_COUNT                   0x20000124   Data           1  bsp_uart4.o(.data)
    rtc_cb                                   0x20000128   Data           4  bsp_rtc.o(.data)
    USART2_RX_STA                            0x20000134   Data           2  usart2.o(.data)
    __stdout                                 0x2000013c   Data           4  usart.o(.data)
    USART_RX_STA                             0x20000140   Data           2  usart.o(.data)
    SystemCoreClock                          0x20000144   Data           4  system_stm32f10x.o(.data)
    AHBPrescTable                            0x20000148   Data          16  system_stm32f10x.o(.data)
    LoRa_CFG                                 0x2000016c   Data          10  lora_app.o(.data)
    EXTI_InitStructure                       0x20000178   Data           8  lora_app.o(.data)
    Lora_NVIC_InitStructure                  0x20000180   Data           4  lora_app.o(.data)
    Lora_mode                                0x20000184   Data           1  lora_app.o(.data)
    Dire_Date                                0x20000186   Data           5  lora_app.o(.data)
    peopleNum                                0x2000018c   Data           4  lora_app.o(.data)
    lightStatus                              0x20000190   Data           4  lora_app.o(.data)
    lightPWM                                 0x20000194   Data           4  lora_app.o(.data)
    fanStatus1                               0x20000198   Data           4  lora_app.o(.data)
    fanSpeed1                                0x2000019c   Data           4  lora_app.o(.data)
    fanStatus2                               0x200001a0   Data           4  lora_app.o(.data)
    fanSpeed2                                0x200001a4   Data           4  lora_app.o(.data)
    motorStatus1                             0x200001a8   Data           4  lora_app.o(.data)
    motorSpeed1                              0x200001ac   Data           4  lora_app.o(.data)
    motorDirection1                          0x200001b0   Data           4  lora_app.o(.data)
    motorStatus2                             0x200001b4   Data           4  lora_app.o(.data)
    motorSpeed2                              0x200001b8   Data           4  lora_app.o(.data)
    motorDirection2                          0x200001bc   Data           4  lora_app.o(.data)
    infraredStatus1                          0x200001c0   Data           4  lora_app.o(.data)
    infraredStatus2                          0x200001c4   Data           4  lora_app.o(.data)
    buzzerStatus                             0x200001c8   Data           4  lora_app.o(.data)
    LEDStatus1                               0x200001cc   Data           4  lora_app.o(.data)
    LEDStatus2                               0x200001d0   Data           4  lora_app.o(.data)
    LEDStatus3                               0x200001d4   Data           4  lora_app.o(.data)
    LEDStatus4                               0x200001d8   Data           4  lora_app.o(.data)
    h1                                       0x200001dc   Data           4  lora_app.o(.data)
    h2                                       0x200001e0   Data           4  lora_app.o(.data)
    t1                                       0x200001e4   Data           4  lora_app.o(.data)
    t2                                       0x200001e8   Data           4  lora_app.o(.data)
    i1                                       0x200001ec   Data           4  lora_app.o(.data)
    i2                                       0x200001f0   Data           4  lora_app.o(.data)
    s1                                       0x200001f4   Data           4  lora_app.o(.data)
    s2                                       0x200001f8   Data           4  lora_app.o(.data)
    wifiConnectStatus                        0x200001fc   Data           4  lora_app.o(.data)
    serverConnectStatus                      0x20000200   Data           4  lora_app.o(.data)
    wifi                                     0x20000204   Data           4  lora_app.o(.data)
    server                                   0x20000208   Data           4  lora_app.o(.data)
    speed_flag                               0x2000020c   Data           4  lora_app.o(.data)
    lightLastTime                            0x20000210   Data           4  lora_app.o(.data)
    lightFlag                                0x20000214   Data           4  lora_app.o(.data)
    motorFlag                                0x20000218   Data           4  lora_app.o(.data)
    obj_addr                                 0x20000220   Data           4  lora_ui.o(.data)
    obj_chn                                  0x20000224   Data           1  lora_ui.o(.data)
    jiffies                                  0x20000228   Data           4  systick.o(.data)
    Uart3RxDataConut                         0x2000022c   Data           1  rfid.o(.data)
    Rx3Flag                                  0x2000022d   Data           1  rfid.o(.data)
    Cmd_Read_Id                              0x2000022e   Data           8  rfid.o(.data)
    Cmd_Read_Block                           0x20000236   Data           8  rfid.o(.data)
    Cmd_Write_Block                          0x2000023e   Data          23  rfid.o(.data)
    WBlockData                               0x20000255   Data          16  rfid.o(.data)
    Cmd_Write_RFID                           0x20000265   Data          11  rfid.o(.data)
    Cmd_Read_RFID                            0x20000270   Data           8  rfid.o(.data)
    offlineMessage                           0x20000278   Data        3600  hardwarevariables.o(.bss)
    IpData                                   0x20001088   Data         128  app_cloud.o(.bss)
    MQTTData                                 0x20001108   Data         256  app_cloud.o(.bss)
    USART3_RX_BUF                            0x20001278   Data        1024  usart3.o(.bss)
    USART3_TX_BUF                            0x20001678   Data         600  usart3.o(.bss)
    USART_InitStructure3                     0x200018d0   Data          16  usart3.o(.bss)
    UART4_RX_BUF                             0x200018e0   Data         255  bsp_uart4.o(.bss)
    calendar                                 0x200019e0   Data          10  bsp_rtc.o(.bss)
    USART2_RX_BUF                            0x200019ec   Data        1024  usart2.o(.bss)
    USART2_TX_BUF                            0x20001dec   Data         600  usart2.o(.bss)
    USART_InitStructure                      0x20002044   Data          16  usart2.o(.bss)
    USART_RX_BUF                             0x20002054   Data         200  usart.o(.bss)
    date                                     0x2000211c   Data          30  lora_app.o(.bss)
    Tran_Data                                0x2000213a   Data         200  lora_app.o(.bss)
    wlcd_buff                                0x20002202   Data          10  lora_app.o(.bss)
    rlcd_buff                                0x2000220c   Data          10  lora_app.o(.bss)
    Uart3RxBuf                               0x20002216   Data          30  rfid.o(.bss)
    __libspace_start                         0x20002234   Data          96  libspace.o(.bss)
    __temporary_stack_top$libspace           0x20002294   Data           0  libspace.o(.bss)



==============================================================================

Memory Map of the image

  Image Entry point : 0x08000131

  Load Region LR_IROM1 (Base: 0x08000000, Size: 0x00008808, Max: 0x00080000, ABSOLUTE, COMPRESSED[0x00008618])

    Execution Region ER_IROM1 (Base: 0x08000000, Size: 0x00008590, Max: 0x00080000, ABSOLUTE)

    Base Addr    Size         Type   Attr      Idx    E Section Name        Object

    0x08000000   0x00000130   Data   RO          423    RESET               startup_stm32f10x_hd.o
    0x08000130   0x00000008   Code   RO          980  * !!!main             c_w.l(__main.o)
    0x08000138   0x00000034   Code   RO         1251    !!!scatter          c_w.l(__scatter.o)
    0x0800016c   0x0000005a   Code   RO         1249    !!dczerorl2         c_w.l(__dczerorl2.o)
    0x080001c6   0x00000002   PAD
    0x080001c8   0x0000001c   Code   RO         1253    !!handler_zi        c_w.l(__scatter_zi.o)
    0x080001e4   0x00000000   Code   RO          961    .ARM.Collect$$_printf_percent$$00000000  c_w.l(_printf_percent.o)
    0x080001e4   0x00000006   Code   RO         1011    .ARM.Collect$$_printf_percent$$00000001  c_w.l(_printf_n.o)
    0x080001ea   0x00000006   Code   RO         1012    .ARM.Collect$$_printf_percent$$00000002  c_w.l(_printf_p.o)
    0x080001f0   0x00000006   Code   RO         1016    .ARM.Collect$$_printf_percent$$00000003  c_w.l(_printf_f.o)
    0x080001f6   0x00000006   Code   RO         1017    .ARM.Collect$$_printf_percent$$00000004  c_w.l(_printf_e.o)
    0x080001fc   0x00000006   Code   RO         1018    .ARM.Collect$$_printf_percent$$00000005  c_w.l(_printf_g.o)
    0x08000202   0x00000006   Code   RO         1019    .ARM.Collect$$_printf_percent$$00000006  c_w.l(_printf_a.o)
    0x08000208   0x0000000a   Code   RO         1024    .ARM.Collect$$_printf_percent$$00000007  c_w.l(_printf_ll.o)
    0x08000212   0x00000006   Code   RO         1014    .ARM.Collect$$_printf_percent$$00000008  c_w.l(_printf_i.o)
    0x08000218   0x00000006   Code   RO          960    .ARM.Collect$$_printf_percent$$00000009  c_w.l(_printf_d.o)
    0x0800021e   0x00000006   Code   RO         1015    .ARM.Collect$$_printf_percent$$0000000A  c_w.l(_printf_u.o)
    0x08000224   0x00000006   Code   RO         1013    .ARM.Collect$$_printf_percent$$0000000B  c_w.l(_printf_o.o)
    0x0800022a   0x00000006   Code   RO          959    .ARM.Collect$$_printf_percent$$0000000C  c_w.l(_printf_x.o)
    0x08000230   0x00000006   Code   RO         1021    .ARM.Collect$$_printf_percent$$0000000D  c_w.l(_printf_lli.o)
    0x08000236   0x00000006   Code   RO         1022    .ARM.Collect$$_printf_percent$$0000000E  c_w.l(_printf_lld.o)
    0x0800023c   0x00000006   Code   RO         1023    .ARM.Collect$$_printf_percent$$0000000F  c_w.l(_printf_llu.o)
    0x08000242   0x00000006   Code   RO         1028    .ARM.Collect$$_printf_percent$$00000010  c_w.l(_printf_llo.o)
    0x08000248   0x00000006   Code   RO         1029    .ARM.Collect$$_printf_percent$$00000011  c_w.l(_printf_llx.o)
    0x0800024e   0x0000000a   Code   RO         1025    .ARM.Collect$$_printf_percent$$00000012  c_w.l(_printf_l.o)
    0x08000258   0x00000006   Code   RO         1010    .ARM.Collect$$_printf_percent$$00000013  c_w.l(_printf_c.o)
    0x0800025e   0x00000006   Code   RO          958    .ARM.Collect$$_printf_percent$$00000014  c_w.l(_printf_s.o)
    0x08000264   0x00000006   Code   RO         1026    .ARM.Collect$$_printf_percent$$00000015  c_w.l(_printf_lc.o)
    0x0800026a   0x00000006   Code   RO         1027    .ARM.Collect$$_printf_percent$$00000016  c_w.l(_printf_ls.o)
    0x08000270   0x00000004   Code   RO         1020    .ARM.Collect$$_printf_percent$$00000017  c_w.l(_printf_percent_end.o)
    0x08000274   0x00000002   Code   RO         1118    .ARM.Collect$$libinit$$00000000  c_w.l(libinit.o)
    0x08000276   0x00000000   Code   RO         1133    .ARM.Collect$$libinit$$00000002  c_w.l(libinit2.o)
    0x08000276   0x00000000   Code   RO         1135    .ARM.Collect$$libinit$$00000004  c_w.l(libinit2.o)
    0x08000276   0x00000000   Code   RO         1138    .ARM.Collect$$libinit$$0000000A  c_w.l(libinit2.o)
    0x08000276   0x00000000   Code   RO         1140    .ARM.Collect$$libinit$$0000000C  c_w.l(libinit2.o)
    0x08000276   0x00000000   Code   RO         1142    .ARM.Collect$$libinit$$0000000E  c_w.l(libinit2.o)
    0x08000276   0x00000006   Code   RO         1143    .ARM.Collect$$libinit$$0000000F  c_w.l(libinit2.o)
    0x0800027c   0x00000000   Code   RO         1145    .ARM.Collect$$libinit$$00000011  c_w.l(libinit2.o)
    0x0800027c   0x0000000c   Code   RO         1146    .ARM.Collect$$libinit$$00000012  c_w.l(libinit2.o)
    0x08000288   0x00000000   Code   RO         1147    .ARM.Collect$$libinit$$00000013  c_w.l(libinit2.o)
    0x08000288   0x00000000   Code   RO         1149    .ARM.Collect$$libinit$$00000015  c_w.l(libinit2.o)
    0x08000288   0x0000000a   Code   RO         1150    .ARM.Collect$$libinit$$00000016  c_w.l(libinit2.o)
    0x08000292   0x00000000   Code   RO         1151    .ARM.Collect$$libinit$$00000017  c_w.l(libinit2.o)
    0x08000292   0x00000000   Code   RO         1153    .ARM.Collect$$libinit$$00000019  c_w.l(libinit2.o)
    0x08000292   0x00000000   Code   RO         1155    .ARM.Collect$$libinit$$0000001B  c_w.l(libinit2.o)
    0x08000292   0x00000000   Code   RO         1157    .ARM.Collect$$libinit$$0000001D  c_w.l(libinit2.o)
    0x08000292   0x00000000   Code   RO         1159    .ARM.Collect$$libinit$$0000001F  c_w.l(libinit2.o)
    0x08000292   0x00000000   Code   RO         1161    .ARM.Collect$$libinit$$00000021  c_w.l(libinit2.o)
    0x08000292   0x00000000   Code   RO         1163    .ARM.Collect$$libinit$$00000023  c_w.l(libinit2.o)
    0x08000292   0x00000000   Code   RO         1165    .ARM.Collect$$libinit$$00000025  c_w.l(libinit2.o)
    0x08000292   0x00000000   Code   RO         1169    .ARM.Collect$$libinit$$0000002C  c_w.l(libinit2.o)
    0x08000292   0x00000000   Code   RO         1171    .ARM.Collect$$libinit$$0000002E  c_w.l(libinit2.o)
    0x08000292   0x00000000   Code   RO         1173    .ARM.Collect$$libinit$$00000030  c_w.l(libinit2.o)
    0x08000292   0x00000000   Code   RO         1175    .ARM.Collect$$libinit$$00000032  c_w.l(libinit2.o)
    0x08000292   0x00000002   Code   RO         1176    .ARM.Collect$$libinit$$00000033  c_w.l(libinit2.o)
    0x08000294   0x00000002   Code   RO         1194    .ARM.Collect$$libshutdown$$00000000  c_w.l(libshutdown.o)
    0x08000296   0x00000000   Code   RO         1205    .ARM.Collect$$libshutdown$$00000003  c_w.l(libshutdown2.o)
    0x08000296   0x00000000   Code   RO         1208    .ARM.Collect$$libshutdown$$00000006  c_w.l(libshutdown2.o)
    0x08000296   0x00000000   Code   RO         1211    .ARM.Collect$$libshutdown$$00000009  c_w.l(libshutdown2.o)
    0x08000296   0x00000000   Code   RO         1213    .ARM.Collect$$libshutdown$$0000000B  c_w.l(libshutdown2.o)
    0x08000296   0x00000000   Code   RO         1216    .ARM.Collect$$libshutdown$$0000000E  c_w.l(libshutdown2.o)
    0x08000296   0x00000002   Code   RO         1217    .ARM.Collect$$libshutdown$$0000000F  c_w.l(libshutdown2.o)
    0x08000298   0x00000000   Code   RO          984    .ARM.Collect$$rtentry$$00000000  c_w.l(__rtentry.o)
    0x08000298   0x00000000   Code   RO         1041    .ARM.Collect$$rtentry$$00000002  c_w.l(__rtentry2.o)
    0x08000298   0x00000006   Code   RO         1053    .ARM.Collect$$rtentry$$00000004  c_w.l(__rtentry4.o)
    0x0800029e   0x00000000   Code   RO         1043    .ARM.Collect$$rtentry$$00000009  c_w.l(__rtentry2.o)
    0x0800029e   0x00000004   Code   RO         1044    .ARM.Collect$$rtentry$$0000000A  c_w.l(__rtentry2.o)
    0x080002a2   0x00000000   Code   RO         1046    .ARM.Collect$$rtentry$$0000000C  c_w.l(__rtentry2.o)
    0x080002a2   0x00000008   Code   RO         1047    .ARM.Collect$$rtentry$$0000000D  c_w.l(__rtentry2.o)
    0x080002aa   0x00000002   Code   RO         1127    .ARM.Collect$$rtexit$$00000000  c_w.l(rtexit.o)
    0x080002ac   0x00000000   Code   RO         1178    .ARM.Collect$$rtexit$$00000002  c_w.l(rtexit2.o)
    0x080002ac   0x00000004   Code   RO         1179    .ARM.Collect$$rtexit$$00000003  c_w.l(rtexit2.o)
    0x080002b0   0x00000006   Code   RO         1180    .ARM.Collect$$rtexit$$00000004  c_w.l(rtexit2.o)
    0x080002b6   0x00000002   PAD
    0x080002b8   0x00000002   Code   RO          847    .emb_text           sys.o
    0x080002ba   0x00000002   PAD
    0x080002bc   0x0000004c   Code   RO            1    .text               main.o
    0x08000308   0x000006bc   Code   RO          156    .text               hardwarevariables.o
    0x080009c4   0x00000404   Code   RO          186    .text               hal_wifitocloud.o
    0x08000dc8   0x000007f0   Code   RO          199    .text               wifitocloud.o
    0x080015b8   0x00001318   Code   RO          218    .text               app_cloud.o
    0x080028d0   0x000000f4   Code   RO          239    .text               usart3.o
    0x080029c4   0x00000164   Code   RO          258    .text               timer.o
    0x08002b28   0x00000124   Code   RO          271    .text               bsp_uart4.o
    0x08002c4c   0x000002f4   Code   RO          290    .text               bsp_rtc.o
    0x08002f40   0x000001f8   Code   RO          335    .text               usart2.o
    0x08003138   0x000000c0   Code   RO          354    .text               usart.o
    0x080031f8   0x0000028c   Code   RO          377    .text               stm32f10x_it.o
    0x08003484   0x000001e0   Code   RO          403    .text               system_stm32f10x.o
    0x08003664   0x00000040   Code   RO          424    .text               startup_stm32f10x_hd.o
    0x080036a4   0x000000dc   Code   RO          428    .text               misc.o
    0x08003780   0x000000c4   Code   RO          479    .text               stm32f10x_bkp.o
    0x08003844   0x0000011c   Code   RO          581    .text               stm32f10x_exti.o
    0x08003960   0x0000035c   Code   RO          626    .text               stm32f10x_gpio.o
    0x08003cbc   0x000000cc   Code   RO          671    .text               stm32f10x_pwr.o
    0x08003d88   0x000003a4   Code   RO          683    .text               stm32f10x_rcc.o
    0x0800412c   0x00000148   Code   RO          700    .text               stm32f10x_rtc.o
    0x08004274   0x00000e1a   Code   RO          742    .text               stm32f10x_tim.o
    0x0800508e   0x00000002   PAD
    0x08005090   0x00000408   Code   RO          757    .text               stm32f10x_usart.o
    0x08005498   0x00000b70   Code   RO          787    .text               lora_app.o
    0x08006008   0x00000208   Code   RO          814    .text               lora_ui.o
    0x08006210   0x000000b8   Code   RO          829    .text               systick.o
    0x080062c8   0x00000464   Code   RO          848    .text               sys.o
    0x0800672c   0x00000084   Code   RO          863    .text               delay.o
    0x080067b0   0x00000002   Code   RO          897    .text               c_w.l(use_no_semi_2.o)
    0x080067b2   0x00000002   PAD
    0x080067b4   0x00000024   Code   RO          899    .text               c_w.l(vsprintf.o)
    0x080067d8   0x00000018   Code   RO          901    .text               c_w.l(__2printf.o)
    0x080067f0   0x0000002c   Code   RO          903    .text               c_w.l(__2sprintf.o)
    0x0800681c   0x0000004e   Code   RO          911    .text               c_w.l(_printf_pad.o)
    0x0800686a   0x00000052   Code   RO          913    .text               c_w.l(_printf_str.o)
    0x080068bc   0x00000078   Code   RO          915    .text               c_w.l(_printf_dec.o)
    0x08006934   0x00000094   Code   RO          935    .text               c_w.l(_printf_hex_int_ll_ptr.o)
    0x080069c8   0x00000188   Code   RO          955    .text               c_w.l(__printf_flags_ss_wp.o)
    0x08006b50   0x00000024   Code   RO          962    .text               c_w.l(strstr.o)
    0x08006b74   0x00000016   Code   RO          964    .text               c_w.l(strrchr.o)
    0x08006b8a   0x0000003e   Code   RO          966    .text               c_w.l(strlen.o)
    0x08006bc8   0x00000018   Code   RO          968    .text               c_w.l(strcat.o)
    0x08006be0   0x0000008a   Code   RO          970    .text               c_w.l(rt_memcpy_v6.o)
    0x08006c6a   0x00000044   Code   RO          972    .text               c_w.l(rt_memclr.o)
    0x08006cae   0x0000004e   Code   RO          974    .text               c_w.l(rt_memclr_w.o)
    0x08006cfc   0x00000080   Code   RO          976    .text               c_w.l(strcmpv7m.o)
    0x08006d7c   0x00000006   Code   RO          978    .text               c_w.l(heapauxi.o)
    0x08006d82   0x00000002   Code   RO          982    .text               c_w.l(use_no_semi.o)
    0x08006d84   0x00000024   Code   RO          985    .text               c_w.l(_printf_truncate.o)
    0x08006da8   0x000000b2   Code   RO          987    .text               c_w.l(_printf_intcommon.o)
    0x08006e5a   0x00000028   Code   RO          989    .text               c_w.l(_printf_charcount.o)
    0x08006e82   0x00000002   PAD
    0x08006e84   0x00000030   Code   RO          991    .text               c_w.l(_printf_char_common.o)
    0x08006eb4   0x0000000a   Code   RO          993    .text               c_w.l(_sputc.o)
    0x08006ebe   0x0000002c   Code   RO          995    .text               c_w.l(_printf_char.o)
    0x08006eea   0x00000002   PAD
    0x08006eec   0x00000024   Code   RO          997    .text               c_w.l(_printf_char_file.o)
    0x08006f10   0x000000bc   Code   RO          999    .text               c_w.l(_printf_wctomb.o)
    0x08006fcc   0x0000007c   Code   RO         1002    .text               c_w.l(_printf_longlong_dec.o)
    0x08007048   0x00000070   Code   RO         1008    .text               c_w.l(_printf_oct_int_ll.o)
    0x080070b8   0x00000064   Code   RO         1030    .text               c_w.l(rt_memcpy_w.o)
    0x0800711c   0x0000008a   Code   RO         1055    .text               c_w.l(lludiv10.o)
    0x080071a6   0x0000041a   Code   RO         1057    .text               c_w.l(_printf_fp_dec.o)
    0x080075c0   0x000002fc   Code   RO         1059    .text               c_w.l(_printf_fp_hex.o)
    0x080078bc   0x0000002c   Code   RO         1064    .text               c_w.l(_printf_wchar.o)
    0x080078e8   0x00000008   Code   RO         1066    .text               c_w.l(ferror.o)
    0x080078f0   0x00000040   Code   RO         1070    .text               c_w.l(_wcrtomb.o)
    0x08007930   0x0000004a   Code   RO         1072    .text               c_w.l(sys_stackheap_outer.o)
    0x0800797a   0x00000002   PAD
    0x0800797c   0x00000010   Code   RO         1074    .text               c_w.l(rt_ctype_table.o)
    0x0800798c   0x00000008   Code   RO         1079    .text               c_w.l(rt_locale_intlibspace.o)
    0x08007994   0x00000080   Code   RO         1081    .text               c_w.l(_printf_fp_infnan.o)
    0x08007a14   0x000000dc   Code   RO         1083    .text               c_w.l(bigflt0.o)
    0x08007af0   0x0000000c   Code   RO         1111    .text               c_w.l(exit.o)
    0x08007afc   0x00000008   Code   RO         1124    .text               c_w.l(libspace.o)
    0x08007b04   0x0000003e   Code   RO         1086    CL$$btod_d2e        c_w.l(btod.o)
    0x08007b42   0x00000046   Code   RO         1088    CL$$btod_d2e_denorm_low  c_w.l(btod.o)
    0x08007b88   0x00000060   Code   RO         1087    CL$$btod_d2e_norm_op1  c_w.l(btod.o)
    0x08007be8   0x00000338   Code   RO         1096    CL$$btod_div_common  c_w.l(btod.o)
    0x08007f20   0x000000c6   Code   RO         1093    CL$$btod_e2e        c_w.l(btod.o)
    0x08007fe6   0x00000028   Code   RO         1090    CL$$btod_ediv       c_w.l(btod.o)
    0x0800800e   0x00000028   Code   RO         1089    CL$$btod_emul       c_w.l(btod.o)
    0x08008036   0x00000244   Code   RO         1095    CL$$btod_mult_common  c_w.l(btod.o)
    0x0800827a   0x00000028   Code   RO         1122    i.__ARM_fpclassify  m_ws.l(fpclassify.o)
    0x080082a2   0x0000000e   Code   RO          948    i._is_digit         c_w.l(__printf_wp.o)
    0x080082b0   0x0000002c   Code   RO         1109    locale$$code        c_w.l(lc_numeric_c.o)
    0x080082dc   0x0000002c   Code   RO         1130    locale$$code        c_w.l(lc_ctype_c.o)
    0x08008308   0x00000004   Code   RO         1032    x$fpl$printf1       fz_ws.l(printf1.o)
    0x0800830c   0x00000004   Code   RO         1034    x$fpl$printf2       fz_ws.l(printf2.o)
    0x08008310   0x00000000   Code   RO         1121    x$fpl$usenofp       fz_ws.l(usenofp.o)
    0x08008310   0x0000000d   Data   RO          187    .constdata          hal_wifitocloud.o
    0x0800831d   0x0000001d   Data   RO          220    .constdata          app_cloud.o
    0x0800833a   0x0000000c   Data   RO          292    .constdata          bsp_rtc.o
    0x08008346   0x00000028   Data   RO          936    .constdata          c_w.l(_printf_hex_int_ll_ptr.o)
    0x0800836e   0x00000011   Data   RO          956    .constdata          c_w.l(__printf_flags_ss_wp.o)
    0x0800837f   0x00000001   PAD
    0x08008380   0x00000008   Data   RO         1000    .constdata          c_w.l(_printf_wctomb.o)
    0x08008388   0x00000026   Data   RO         1060    .constdata          c_w.l(_printf_fp_hex.o)
    0x080083ae   0x00000002   PAD
    0x080083b0   0x00000094   Data   RO         1084    .constdata          c_w.l(bigflt0.o)
    0x08008444   0x00000020   Data   RO         1247    Region$$Table       anon$$obj.o
    0x08008464   0x0000001c   Data   RO         1108    locale$$data        c_w.l(lc_numeric_c.o)
    0x08008480   0x00000110   Data   RO         1129    locale$$data        c_w.l(lc_ctype_c.o)


    Execution Region RW_IRAM1 (Base: 0x20000000, Size: 0x00002898, Max: 0x00010000, ABSOLUTE, COMPRESSED[0x00000088])

    Base Addr    Size         Type   Attr      Idx    E Section Name        Object

    0x20000000   0x00000100   Data   RW          158    .data               hardwarevariables.o
    0x20000100   0x0000001d   Data   RW          221    .data               app_cloud.o
    0x2000011d   0x00000001   PAD
    0x2000011e   0x00000002   Data   RW          241    .data               usart3.o
    0x20000120   0x00000005   Data   RW          273    .data               bsp_uart4.o
    0x20000125   0x00000003   PAD
    0x20000128   0x0000000c   Data   RW          293    .data               bsp_rtc.o
    0x20000134   0x00000008   Data   RW          337    .data               usart2.o
    0x2000013c   0x00000006   Data   RW          356    .data               usart.o
    0x20000142   0x00000002   PAD
    0x20000144   0x00000014   Data   RW          404    .data               system_stm32f10x.o
    0x20000158   0x00000014   Data   RW          684    .data               stm32f10x_rcc.o
    0x2000016c   0x000000b1   Data   RW          789    .data               lora_app.o
    0x2000021d   0x00000003   PAD
    0x20000220   0x00000005   Data   RW          815    .data               lora_ui.o
    0x20000225   0x00000003   PAD
    0x20000228   0x00000004   Data   RW          830    .data               systick.o
    0x2000022c   0x0000004c   Data   RW          878    .data               rfid.o
    0x20000278   0x00000e10   Zero   RW          157    .bss                hardwarevariables.o
    0x20001088   0x000001ee   Zero   RW          219    .bss                app_cloud.o
    0x20001276   0x00000002   PAD
    0x20001278   0x00000668   Zero   RW          240    .bss                usart3.o
    0x200018e0   0x000000ff   Zero   RW          272    .bss                bsp_uart4.o
    0x200019df   0x00000001   PAD
    0x200019e0   0x0000000a   Zero   RW          291    .bss                bsp_rtc.o
    0x200019ea   0x00000002   PAD
    0x200019ec   0x00000668   Zero   RW          336    .bss                usart2.o
    0x20002054   0x000000c8   Zero   RW          355    .bss                usart.o
    0x2000211c   0x000000fa   Zero   RW          788    .bss                lora_app.o
    0x20002216   0x0000001e   Zero   RW          876    .bss                rfid.o
    0x20002234   0x00000060   Zero   RW         1125    .bss                c_w.l(libspace.o)
    0x20002294   0x00000004   PAD
    0x20002298   0x00000200   Zero   RW          422    HEAP                startup_stm32f10x_hd.o
    0x20002498   0x00000400   Zero   RW          421    STACK               startup_stm32f10x_hd.o


==============================================================================

Image component sizes


      Code (inc. data)   RO Data    RW Data    ZI Data      Debug   Object Name

      4888       1182         29         29        494       7098   app_cloud.o
       756         34         12         12         10       3400   bsp_rtc.o
       292         12          0          5        255       1975   bsp_uart4.o
         0          0          0          0          0         32   core_cm3.o
       132         18          0          0          0        889   delay.o
      1028        444         13          0          0       1919   hal_wifitocloud.o
      1724        680          0        256       3600       4454   hardwarevariables.o
      2928        674          0        177        250       6342   lora_app.o
       520         24          0          5          0       2883   lora_ui.o
        76         14          0          0          0     247815   main.o
       220         22          0          0          0      12237   misc.o
         0          0          0         76         30       1045   rfid.o
        64         26        304          0       1536        780   startup_stm32f10x_hd.o
       196          8          0          0          0       3456   stm32f10x_bkp.o
       284         10          0          0          0       4443   stm32f10x_exti.o
       860         38          0          0          0      14045   stm32f10x_gpio.o
       652        104          0          0          0       2250   stm32f10x_it.o
       204         14          0          0          0       1915   stm32f10x_pwr.o
       932         36          0         20          0      17584   stm32f10x_rcc.o
       328          4          0          0          0       2662   stm32f10x_rtc.o
      3610         88          0          0          0      42516   stm32f10x_tim.o
      1032         22          0          0          0      14448   stm32f10x_usart.o
      1126         52          0          0          0       5337   sys.o
       480         38          0         20          0       1739   system_stm32f10x.o
       184          8          0          4          0       1949   systick.o
       356         14          0          0          0       1524   timer.o
       192          8          0          6        200       2933   usart.o
       504         38          0          8       1640       2221   usart2.o
       244         18          0          2       1640       1685   usart3.o
      2032        636          0          0          0       5411   wifitocloud.o

    ----------------------------------------------------------------------
     25848       4266        390        632       9660     416987   Object Totals
         0          0         32          0          0          0   (incl. Generated)
         4          0          0         12          5          0   (incl. Padding)

    ----------------------------------------------------------------------

      Code (inc. data)   RO Data    RW Data    ZI Data      Debug   Library Member Name

        24          4          0          0          0         84   __2printf.o
        44          6          0          0          0         84   __2sprintf.o
        90          0          0          0          0          0   __dczerorl2.o
         8          0          0          0          0         68   __main.o
       392          4         17          0          0         92   __printf_flags_ss_wp.o
        14          0          0          0          0         68   __printf_wp.o
         0          0          0          0          0          0   __rtentry.o
        12          0          0          0          0          0   __rtentry2.o
         6          0          0          0          0          0   __rtentry4.o
        52          8          0          0          0          0   __scatter.o
        28          0          0          0          0          0   __scatter_zi.o
         6          0          0          0          0          0   _printf_a.o
         6          0          0          0          0          0   _printf_c.o
        44          0          0          0          0        108   _printf_char.o
        48          6          0          0          0         96   _printf_char_common.o
        36          4          0          0          0         80   _printf_char_file.o
        40          0          0          0          0         68   _printf_charcount.o
         6          0          0          0          0          0   _printf_d.o
       120         16          0          0          0         92   _printf_dec.o
         6          0          0          0          0          0   _printf_e.o
         6          0          0          0          0          0   _printf_f.o
      1050          0          0          0          0        216   _printf_fp_dec.o
       764         10         38          0          0        100   _printf_fp_hex.o
       128         16          0          0          0         84   _printf_fp_infnan.o
         6          0          0          0          0          0   _printf_g.o
       148          4         40          0          0        160   _printf_hex_int_ll_ptr.o
         6          0          0          0          0          0   _printf_i.o
       178          0          0          0          0         88   _printf_intcommon.o
        10          0          0          0          0          0   _printf_l.o
         6          0          0          0          0          0   _printf_lc.o
        10          0          0          0          0          0   _printf_ll.o
         6          0          0          0          0          0   _printf_lld.o
         6          0          0          0          0          0   _printf_lli.o
         6          0          0          0          0          0   _printf_llo.o
         6          0          0          0          0          0   _printf_llu.o
         6          0          0          0          0          0   _printf_llx.o
       124         16          0          0          0         92   _printf_longlong_dec.o
         6          0          0          0          0          0   _printf_ls.o
         6          0          0          0          0          0   _printf_n.o
         6          0          0          0          0          0   _printf_o.o
       112          8          0          0          0        124   _printf_oct_int_ll.o
         6          0          0          0          0          0   _printf_p.o
        78          0          0          0          0        108   _printf_pad.o
         0          0          0          0          0          0   _printf_percent.o
         4          0          0          0          0          0   _printf_percent_end.o
         6          0          0          0          0          0   _printf_s.o
        82          0          0          0          0         80   _printf_str.o
        36          0          0          0          0         84   _printf_truncate.o
         6          0          0          0          0          0   _printf_u.o
        44          0          0          0          0        108   _printf_wchar.o
       188          6          8          0          0         92   _printf_wctomb.o
         6          0          0          0          0          0   _printf_x.o
        10          0          0          0          0         68   _sputc.o
        64          0          0          0          0         92   _wcrtomb.o
       220          4        148          0          0         96   bigflt0.o
      1910        128          0          0          0        672   btod.o
        12          0          0          0          0         72   exit.o
         8          0          0          0          0         68   ferror.o
         6          0          0          0          0        152   heapauxi.o
        44         10        272          0          0         76   lc_ctype_c.o
        44         10         28          0          0         76   lc_numeric_c.o
         2          0          0          0          0          0   libinit.o
        30          0          0          0          0          0   libinit2.o
         2          0          0          0          0          0   libshutdown.o
         2          0          0          0          0          0   libshutdown2.o
         8          4          0          0         96         68   libspace.o
       138          0          0          0          0         80   lludiv10.o
        16          4          0          0          0         76   rt_ctype_table.o
         8          4          0          0          0         68   rt_locale_intlibspace.o
        68          0          0          0          0         68   rt_memclr.o
        78          0          0          0          0         80   rt_memclr_w.o
       138          0          0          0          0         68   rt_memcpy_v6.o
       100          0          0          0          0         80   rt_memcpy_w.o
         2          0          0          0          0          0   rtexit.o
        10          0          0          0          0          0   rtexit2.o
        24          0          0          0          0         68   strcat.o
       128          0          0          0          0         68   strcmpv7m.o
        62          0          0          0          0         76   strlen.o
        22          0          0          0          0         68   strrchr.o
        36          0          0          0          0         80   strstr.o
        74          0          0          0          0         80   sys_stackheap_outer.o
         2          0          0          0          0         68   use_no_semi.o
         2          0          0          0          0         68   use_no_semi_2.o
        36          4          0          0          0         76   vsprintf.o
         4          0          0          0          0         68   printf1.o
         4          0          0          0          0         68   printf2.o
         0          0          0          0          0          0   usenofp.o
        40          0          0          0          0         68   fpclassify.o

    ----------------------------------------------------------------------
      7400        276        554          0        100       4992   Library Totals
        12          0          3          0          4          0   (incl. Padding)

    ----------------------------------------------------------------------

      Code (inc. data)   RO Data    RW Data    ZI Data      Debug   Library Name

      7340        276        551          0         96       4788   c_w.l
         8          0          0          0          0        136   fz_ws.l
        40          0          0          0          0         68   m_ws.l

    ----------------------------------------------------------------------
      7400        276        554          0        100       4992   Library Totals

    ----------------------------------------------------------------------

==============================================================================


      Code (inc. data)   RO Data    RW Data    ZI Data      Debug   

     33248       4542        944        632       9760     416359   Grand Totals
     33248       4542        944        136       9760     416359   ELF Image Totals (compressed)
     33248       4542        944        136          0          0   ROM Totals

==============================================================================

    Total RO  Size (Code + RO Data)                34192 (  33.39kB)
    Total RW  Size (RW Data + ZI Data)             10392 (  10.15kB)
    Total ROM Size (Code + RO Data + RW Data)      34328 (  33.52kB)

==============================================================================

