<html>
<body>
<pre>
<h1>µVision Build Log</h1>
<h2>Tool Versions:</h2>
IDE-Version: ¦ÌVision V5.14.0.0
Copyright (C) 2015 ARM Ltd and ARM Germany GmbH. All rights reserved.
License Information: 1 1746415125@qq.com, 1, LIC=585FJ-URRQK-EVC1R-K1Z50-AGN93-F27MC
 
Tool Versions:
Toolchain:       MDK-ARM Standard  Version: 5.14.0.0
Toolchain Path:  E:\keil_ARM\ARM\ARMCC\Bin
C Compiler:      Armcc.exe V5.05 update 1 (build 106)
Assembler:       Armasm.exe V5.05 update 1 (build 106)
Linker/Locator:  ArmLink.exe V5.05 update 1 (build 106)
Library Manager: ArmAr.exe V5.05 update 1 (build 106)
Hex Converter:   FromElf.exe V5.05 update 1 (build 106)
CPU DLL:         SARMCM3.DLL V5.14.0.0
Dialog DLL:      DCM.DLL V1.13.1.0
Target DLL:      STLink\ST-LINKIII-KEIL_SWO.dll V2.0.14.0_KEIL
Dialog DLL:      TCM.DLL V1.14.4.0
 
<h2>Project:</h2>
C:\Users\17464\Desktop\C8T6_LIGHT\USER\OLED.uvprojx
Project File Date:  06/05/2023

<h2>Output:</h2>
Rebuild target 'Target 1'
compiling core_cm3.c...
assembling startup_stm32f10x_hd.s...
compiling oled.c...
compiling misc.c...
compiling stm32f10x_adc.c...
compiling stm32f10x_bkp.c...
compiling stm32f10x_can.c...
compiling stm32f10x_cec.c...
compiling stm32f10x_crc.c...
compiling stm32f10x_dac.c...
compiling stm32f10x_dbgmcu.c...
compiling stm32f10x_dma.c...
compiling stm32f10x_exti.c...
compiling stm32f10x_flash.c...
compiling stm32f10x_fsmc.c...
compiling stm32f10x_gpio.c...
compiling stm32f10x_i2c.c...
compiling stm32f10x_iwdg.c...
compiling stm32f10x_pwr.c...
compiling stm32f10x_rcc.c...
compiling stm32f10x_rtc.c...
compiling stm32f10x_sdio.c...
compiling stm32f10x_spi.c...
compiling stm32f10x_tim.c...
compiling stm32f10x_usart.c...
compiling stm32f10x_wwdg.c...
compiling delay.c...
compiling sys.c...
compiling usart.c...
compiling stm32f10x_it.c...
compiling system_stm32f10x.c...
compiling main.c...
main.c(42): warning:  #167-D: argument of type "volatile u8 *" is incompatible with parameter of type "u8 *"
                  DHT11_Read_Data(&temperature,&humidity);
main.c(42): warning:  #167-D: argument of type "volatile u8 *" is incompatible with parameter of type "u8 *"
                  DHT11_Read_Data(&temperature,&humidity);
main.c: 2 warnings, 0 errors
compiling bh1750.c...
compiling bh1750_i2c.c...
compiling i2c_bh1750.c...
compiling dht11.c...
compiling lora_app.c...
compiling lora_ui.c...
compiling usart3.c...
compiling timer.c...
compiling MQ2.c...
compiling fan.c...
compiling bsp_calendar.c...
compiling bsp_date.c...
compiling bsp_rtc.c...
linking...
Program Size: Code=27464 RO-data=8812 RW-data=740 ZI-data=4884  
FromELF: creating hex file...
"..\OBJ\OLED.axf" - 0 Error(s), 2 Warning(s).

<h2>Collection of Component include folders:</h2>
  C:\Users\17464\Desktop\C8T6_LIGHT\USER\RTE
  E:\keil_ARM\ARM\PACK\Keil\STM32F1xx_DFP\2.3.0

<h2>Collection of Component Files used:</h2>
</pre>
</body>
</html>
