<html>
<body>
<pre>
<h1>µVision Build Log</h1>
<h2>Tool Versions:</h2>
IDE-Version: ¦ÌVision V5.14.0.0
Copyright (C) 2015 ARM Ltd and ARM Germany GmbH. All rights reserved.
License Information: 1 1746415125@qq.com, 1, LIC=585FJ-URRQK-EVC1R-K1Z50-AGN93-F27MC
 
Tool Versions:
Toolchain:       MDK-ARM Standard  Version: 5.14.0.0
Toolchain Path:  E:\keil_ARM\ARM\ARMCC\Bin
C Compiler:      Armcc.exe V5.05 update 1 (build 106)
Assembler:       Armasm.exe V5.05 update 1 (build 106)
Linker/Locator:  ArmLink.exe V5.05 update 1 (build 106)
Library Manager: ArmAr.exe V5.05 update 1 (build 106)
Hex Converter:   FromElf.exe V5.05 update 1 (build 106)
CPU DLL:         SARMCM3.DLL V5.14.0.0
Dialog DLL:      DCM.DLL V1.13.1.0
Target DLL:      STLink\ST-LINKIII-KEIL_SWO.dll V2.0.14.0_KEIL
Dialog DLL:      TCM.DLL V1.14.4.0
 
<h2>Project:</h2>
C:\Users\17464\Desktop\C8T6_LIGHT\USER\OLED.uvprojx
Project File Date:  08/08/2023

<h2>Output:</h2>
Build target 'Target 1'
compiling main.c...
main.c(31): warning:  #177-D: variable "USART_InitStructure" was declared but never referenced
        USART_InitTypeDef USART_InitStructure;
main.c(32): warning:  #177-D: variable "NVIC_InitStructure" was declared but never referenced
        NVIC_InitTypeDef NVIC_InitStructure;
main.c(97): warning:  #188-D: enumerated type mixed with another type
               GPIO_WriteBit(GPIOA,GPIO_Pin_2,1);
main.c(102): warning:  #188-D: enumerated type mixed with another type
              GPIO_WriteBit(GPIOA,GPIO_Pin_2,0);
main.c: 4 warnings, 0 errors
linking...
Program Size: Code=23660 RO-data=8908 RW-data=832 ZI-data=4824  
FromELF: creating hex file...
"..\OBJ\OLED.axf" - 0 Error(s), 4 Warning(s).

<h2>Collection of Component include folders:</h2>
  C:\Users\17464\Desktop\C8T6_LIGHT\USER\RTE
  E:\keil_ARM\ARM\PACK\Keil\STM32F1xx_DFP\2.3.0

<h2>Collection of Component Files used:</h2>
</pre>
</body>
</html>
