Component: ARM Compiler 5.05 update 1 (build 106) Tool: armlink [4d0efa]

==============================================================================

Section Cross References

    main.o(.text) refers to misc.o(.text) for NVIC_PriorityGroupConfig
    main.o(.text) refers to systick.o(.text) for SYSTICK_init
    main.o(.text) refers to delay.o(.text) for delay_init
    main.o(.text) refers to buzzer.o(.text) for TIME6_init
    main.o(.text) refers to usart3.o(.text) for usart3_init
    main.o(.text) refers to usart.o(.text) for uart_init
    main.o(.text) refers to bsp_uart4.o(.text) for UART4_Init
    main.o(.text) refers to hal_wifitocloud.o(.text) for ESP8266_init
    main.o(.text) refers to lora_app.o(.text) for Lora_Test
    main.o(.text) refers to __2printf.o(.text) for __2printf
    main.o(.text) refers to app_cloud.o(.text) for cloud_task
    main.o(.text) refers to rfid.o(.text) for ReadId
    hal_core.o(.text) refers to misc.o(.text) for NVIC_PriorityGroupConfig
    hal_core.o(.text) refers to hal_core.o(.data) for is_rtc_update
    hal_iic.o(.text) refers to sys.o(.text) for STM32_GPIOx_Init
    hal_iic.o(.text) refers to delay.o(.text) for delay_us
    hardwarevariables.o(.text) refers to _printf_percent.o(.ARM.Collect$$_printf_percent$$00000000) for _printf_percent
    hardwarevariables.o(.text) refers to _printf_d.o(.ARM.Collect$$_printf_percent$$00000009) for _printf_d
    hardwarevariables.o(.text) refers to _printf_s.o(.ARM.Collect$$_printf_percent$$00000014) for _printf_s
    hardwarevariables.o(.text) refers to _printf_dec.o(.text) for _printf_int_dec
    hardwarevariables.o(.text) refers to _printf_str.o(.text) for _printf_str
    hardwarevariables.o(.text) refers to strcmpv7m.o(.text) for strcmp
    hardwarevariables.o(.text) refers to __2sprintf.o(.text) for __2sprintf
    hardwarevariables.o(.text) refers to strcat.o(.text) for strcat
    hardwarevariables.o(.text) refers to strlen.o(.text) for strlen
    hardwarevariables.o(.text) refers to __2printf.o(.text) for __2printf
    hardwarevariables.o(.text) refers to hardwarevariables.o(.data) for minT1
    hardwarevariables.o(.text) refers to lora_app.o(.data) for lightStatus
    hardwarevariables.o(.text) refers to hardwarevariables.o(.bss) for offlineMessage
    hal_wifitocloud.o(.text) refers to _printf_pad.o(.text) for _printf_pre_padding
    hal_wifitocloud.o(.text) refers to _printf_percent.o(.ARM.Collect$$_printf_percent$$00000000) for _printf_percent
    hal_wifitocloud.o(.text) refers to _printf_d.o(.ARM.Collect$$_printf_percent$$00000009) for _printf_d
    hal_wifitocloud.o(.text) refers to _printf_s.o(.ARM.Collect$$_printf_percent$$00000014) for _printf_s
    hal_wifitocloud.o(.text) refers to _printf_dec.o(.text) for _printf_int_dec
    hal_wifitocloud.o(.text) refers to _printf_str.o(.text) for _printf_str
    hal_wifitocloud.o(.text) refers to rt_memclr.o(.text) for __aeabi_memclr
    hal_wifitocloud.o(.text) refers to bsp_uart4.o(.text) for UART4_SendStrlen
    hal_wifitocloud.o(.text) refers to wifitocloud.o(.text) for ConnectToServer
    hal_wifitocloud.o(.text) refers to strrchr.o(.text) for strrchr
    hal_wifitocloud.o(.text) refers to systick.o(.text) for SYSTICK_get_time
    hal_wifitocloud.o(.text) refers to __2printf.o(.text) for __2printf
    hal_wifitocloud.o(.text) refers to hardwarevariables.o(.text) for allToJSON
    hal_wifitocloud.o(.text) refers to strlen.o(.text) for strlen
    hal_wifitocloud.o(.text) refers to bsp_uart4.o(.bss) for UART4_RX_BUF
    hal_wifitocloud.o(.text) refers to bsp_uart4.o(.data) for UART4_RX_COUNT
    hal_wifitocloud.o(.text) refers to hal_wifitocloud.o(.constdata) for __FUNCTION__
    hal_wifitocloud.o(.text) refers to lora_app.o(.data) for server
    hal_wifitocloud.o(.text) refers to hardwarevariables.o(.bss) for offlineMessage
    hal_wifitocloud.o(.text) refers to hardwarevariables.o(.data) for offlineMessageCounts
    wifitocloud.o(.text) refers to _printf_percent.o(.ARM.Collect$$_printf_percent$$00000000) for _printf_percent
    wifitocloud.o(.text) refers to _printf_s.o(.ARM.Collect$$_printf_percent$$00000014) for _printf_s
    wifitocloud.o(.text) refers to _printf_str.o(.text) for _printf_str
    wifitocloud.o(.text) refers to _printf_d.o(.ARM.Collect$$_printf_percent$$00000009) for _printf_d
    wifitocloud.o(.text) refers to _printf_dec.o(.text) for _printf_int_dec
    wifitocloud.o(.text) refers to hal_wifitocloud.o(.text) for ClrAtRxBuf
    wifitocloud.o(.text) refers to delay.o(.text) for delay_us
    wifitocloud.o(.text) refers to strstr.o(.text) for strstr
    wifitocloud.o(.text) refers to rt_memclr_w.o(.text) for __aeabi_memclr4
    wifitocloud.o(.text) refers to __2sprintf.o(.text) for __2sprintf
    wifitocloud.o(.text) refers to strlen.o(.text) for strlen
    wifitocloud.o(.text) refers to __2printf.o(.text) for __2printf
    wifitocloud.o(.text) refers to bsp_uart4.o(.bss) for UART4_RX_BUF
    wifitocloud.o(.text) refers to lora_app.o(.data) for wifi
[...]
    __rt_lib_init_signal_1                   0x08000293   Thumb Code     0  libinit2.o(.ARM.Collect$$libinit$$0000001D)
    __rt_lib_init_stdio_1                    0x08000293   Thumb Code     0  libinit2.o(.ARM.Collect$$libinit$$00000025)
    __rt_lib_shutdown                        0x08000295   Thumb Code     0  libshutdown.o(.ARM.Collect$$libshutdown$$00000000)
    __rt_lib_shutdown_fp_trap_1              0x08000297   Thumb Code     0  libshutdown2.o(.ARM.Collect$$libshutdown$$00000006)
    __rt_lib_shutdown_heap_1                 0x08000297   Thumb Code     0  libshutdown2.o(.ARM.Collect$$libshutdown$$0000000E)
    __rt_lib_shutdown_return                 0x08000297   Thumb Code     0  libshutdown2.o(.ARM.Collect$$libshutdown$$0000000F)
    __rt_lib_shutdown_signal_1               0x08000297   Thumb Code     0  libshutdown2.o(.ARM.Collect$$libshutdown$$00000009)
    __rt_lib_shutdown_stdio_1                0x08000297   Thumb Code     0  libshutdown2.o(.ARM.Collect$$libshutdown$$00000003)
    __rt_lib_shutdown_user_alloc_1           0x08000297   Thumb Code     0  libshutdown2.o(.ARM.Collect$$libshutdown$$0000000B)
    __rt_entry                               0x08000299   Thumb Code     0  __rtentry.o(.ARM.Collect$$rtentry$$00000000)
    __rt_entry_presh_1                       0x08000299   Thumb Code     0  __rtentry2.o(.ARM.Collect$$rtentry$$00000002)
    __rt_entry_sh                            0x08000299   Thumb Code     0  __rtentry4.o(.ARM.Collect$$rtentry$$00000004)
    __rt_entry_li                            0x0800029f   Thumb Code     0  __rtentry2.o(.ARM.Collect$$rtentry$$0000000A)
    __rt_entry_postsh_1                      0x0800029f   Thumb Code     0  __rtentry2.o(.ARM.Collect$$rtentry$$00000009)
    __rt_entry_main                          0x080002a3   Thumb Code     0  __rtentry2.o(.ARM.Collect$$rtentry$$0000000D)
    __rt_entry_postli_1                      0x080002a3   Thumb Code     0  __rtentry2.o(.ARM.Collect$$rtentry$$0000000C)
    __rt_exit                                0x080002ab   Thumb Code     0  rtexit.o(.ARM.Collect$$rtexit$$00000000)
    __rt_exit_ls                             0x080002ad   Thumb Code     0  rtexit2.o(.ARM.Collect$$rtexit$$00000003)
    __rt_exit_prels_1                        0x080002ad   Thumb Code     0  rtexit2.o(.ARM.Collect$$rtexit$$00000002)
    __rt_exit_exit                           0x080002b1   Thumb Code     0  rtexit2.o(.ARM.Collect$$rtexit$$00000004)
    WFI_SET                                  0x080002b9   Thumb Code     2  sys.o(.emb_text)
    main                                     0x080002bd   Thumb Code    74  main.o(.text)
    getAllDataAttribute                      0x08000315   Thumb Code   728  hardwarevariables.o(.text)
    allToJSON                                0x080005ed   Thumb Code    98  hardwarevariables.o(.text)
    allToJSON2                               0x0800064f   Thumb Code    98  hardwarevariables.o(.text)
    demo                                     0x080006b1   Thumb Code    36  hardwarevariables.o(.text)
    recordOfflineMessage                     0x080006d5   Thumb Code   750  hardwarevariables.o(.text)
    readOfflineMessage                       0x080009c3   Thumb Code     2  hardwarevariables.o(.text)
    ClrAtRxBuf                               0x080009d1   Thumb Code    22  hal_wifitocloud.o(.text)
    SendAtCmd                                0x080009e7   Thumb Code    24  hal_wifitocloud.o(.text)
    SendStrLen                               0x080009ff   Thumb Code    16  hal_wifitocloud.o(.text)
    ESP8266_init                             0x08000a0f   Thumb Code   522  hal_wifitocloud.o(.text)
    ESP8266_SetStation                       0x08000dd5   Thumb Code    40  wifitocloud.o(.text)
    ESP8266_SetAP                            0x08000dfd   Thumb Code    76  wifitocloud.o(.text)
    ESP8266_IpStart                          0x08000e49   Thumb Code   186  wifitocloud.o(.text)
    ESP8266_IpSend                           0x08000f03   Thumb Code   144  wifitocloud.o(.text)
    ESP8266_MQTT_Sub                         0x08000f93   Thumb Code    80  wifitocloud.o(.text)
    ConnectToServer                          0x08000fe3   Thumb Code   220  wifitocloud.o(.text)
    ESP8266_MQTT_Pub                         0x080010bf   Thumb Code   164  wifitocloud.o(.text)
    ESP8266_SendSensor                       0x08001163   Thumb Code   586  wifitocloud.o(.text)
    ESP8266_GetIpData                        0x080013ad   Thumb Code    88  wifitocloud.o(.text)
    ESP8266_Get_MQTT_Data                    0x08001405   Thumb Code   204  wifitocloud.o(.text)
    ESP8266_DataAnalysisProcess              0x080014d1   Thumb Code   114  wifitocloud.o(.text)
    SE_SendSensor                            0x080015e5   Thumb Code   142  app_cloud.o(.text)
    USER_GetJsonValue                        0x08001673   Thumb Code   170  app_cloud.o(.text)
    USER_GetSteeringEngineJsonValue          0x0800171d   Thumb Code   236  app_cloud.o(.text)
    USER_DataAnalysisProcess                 0x08001809   Thumb Code  1312  app_cloud.o(.text)
    cloud_task                               0x08001d29   Thumb Code   448  app_cloud.o(.text)
    usart3_init                              0x080020a5   Thumb Code   154  usart3.o(.text)
    u3_printf                                0x0800213f   Thumb Code    72  usart3.o(.text)
    TIM7_Int_Init                            0x08002199   Thumb Code    90  timer.o(.text)
    TIM5_SetARR                              0x080021f3   Thumb Code    36  timer.o(.text)
    TIM5_Int_Init                            0x08002217   Thumb Code    90  timer.o(.text)
    TIM4_SetARR                              0x08002271   Thumb Code    36  timer.o(.text)
    TIM4_Int_Init                            0x08002295   Thumb Code    90  timer.o(.text)
    UART4_Init                               0x080022fd   Thumb Code   198  bsp_uart4.o(.text)
    UART4_SendData                           0x080023c3   Thumb Code    32  bsp_uart4.o(.text)
    UART4_SendStr                            0x080023e3   Thumb Code    22  bsp_uart4.o(.text)
    UART4_SendStrlen                         0x080023f9   Thumb Code    28  bsp_uart4.o(.text)
    Is_Leap_Year                             0x08002421   Thumb Code    58  bsp_rtc.o(.text)
    Time_Adjust                              0x0800245b   Thumb Code   186  bsp_rtc.o(.text)
    RTC_Configuration                        0x08002515   Thumb Code    88  bsp_rtc.o(.text)
    RTC_NVIC_Configuration                   0x0800256d   Thumb Code    34  bsp_rtc.o(.text)
    rtc_init                                 0x0800258f   Thumb Code    98  bsp_rtc.o(.text)
    RTC_Get                                  0x080025f1   Thumb Code   224  bsp_rtc.o(.text)
    RTC_IRQHandler                           0x080026d1   Thumb Code    34  bsp_rtc.o(.text)
    usart2_init                              0x08002715   Thumb Code   174  usart2.o(.text)
    u2_printf                                0x080027c3   Thumb Code    72  usart2.o(.text)
    usart2_set                               0x0800280b   Thumb Code   182  usart2.o(.text)
    usart2_rx                                0x080028c1   Thumb Code    46  usart2.o(.text)
    _sys_exit                                0x0800290d   Thumb Code     4  usart.o(.text)
    fputc                                    0x08002911   Thumb Code    24  usart.o(.text)
    _ttywrch                                 0x08002929   Thumb Code     4  usart.o(.text)
    uart_init                                0x0800292d   Thumb Code   152  usart.o(.text)
    NMI_Handler                              0x080029cd   Thumb Code     2  stm32f10x_it.o(.text)
    HardFault_Handler                        0x080029cf   Thumb Code    10  stm32f10x_it.o(.text)
    MemManage_Handler                        0x080029d9   Thumb Code     4  stm32f10x_it.o(.text)
    BusFault_Handler                         0x080029dd   Thumb Code     4  stm32f10x_it.o(.text)
    UsageFault_Handler                       0x080029e1   Thumb Code     4  stm32f10x_it.o(.text)
    SVC_Handler                              0x080029e5   Thumb Code     2  stm32f10x_it.o(.text)
    DebugMon_Handler                         0x080029e7   Thumb Code     2  stm32f10x_it.o(.text)
    USART1_IRQHandler                        0x080029e9   Thumb Code   122  stm32f10x_it.o(.text)
    USART2_IRQHandler                        0x08002a63   Thumb Code   100  stm32f10x_it.o(.text)
    USART3_IRQHandler                        0x08002ac7   Thumb Code    88  stm32f10x_it.o(.text)
    UART4_IRQHandler                         0x08002b1f   Thumb Code    64  stm32f10x_it.o(.text)
    TIM4_IRQHandler                          0x08002b5f   Thumb Code    42  stm32f10x_it.o(.text)
    TIM5_IRQHandler                          0x08002b89   Thumb Code    42  stm32f10x_it.o(.text)
    TIM7_IRQHandler                          0x08002bb3   Thumb Code    62  stm32f10x_it.o(.text)
    SystemInit                               0x08002d37   Thumb Code    78  system_stm32f10x.o(.text)
    SystemCoreClockUpdate                    0x08002d85   Thumb Code   142  system_stm32f10x.o(.text)
    Reset_Handler                            0x08002e39   Thumb Code     8  startup_stm32f10x_hd.o(.text)
    PendSV_Handler                           0x08002e4f   Thumb Code     2  startup_stm32f10x_hd.o(.text)
    ADC1_2_IRQHandler                        0x08002e53   Thumb Code     0  startup_stm32f10x_hd.o(.text)
    ADC3_IRQHandler                          0x08002e53   Thumb Code     0  startup_stm32f10x_hd.o(.text)
    CAN1_RX1_IRQHandler                      0x08002e53   Thumb Code     0  startup_stm32f10x_hd.o(.text)
    CAN1_SCE_IRQHandler                      0x08002e53   Thumb Code     0  startup_stm32f10x_hd.o(.text)
    DMA1_Channel1_IRQHandler                 0x08002e53   Thumb Code     0  startup_stm32f10x_hd.o(.text)
    DMA1_Channel2_IRQHandler                 0x08002e53   Thumb Code     0  startup_stm32f10x_hd.o(.text)
    DMA1_Channel3_IRQHandler                 0x08002e53   Thumb Code     0  startup_stm32f10x_hd.o(.text)
    DMA1_Channel4_IRQHandler                 0x08002e53   Thumb Code     0  startup_stm32f10x_hd.o(.text)
    DMA1_Channel5_IRQHandler                 0x08002e53   Thumb Code     0  startup_stm32f10x_hd.o(.text)
    DMA1_Channel6_IRQHandler                 0x08002e53   Thumb Code     0  startup_stm32f10x_hd.o(.text)
    DMA1_Channel7_IRQHandler                 0x08002e53   Thumb Code     0  startup_stm32f10x_hd.o(.text)
    DMA2_Channel1_IRQHandler                 0x08002e53   Thumb Code     0  startup_stm32f10x_hd.o(.text)
    DMA2_Channel2_IRQHandler                 0x08002e53   Thumb Code     0  startup_stm32f10x_hd.o(.text)
    DMA2_Channel3_IRQHandler                 0x08002e53   Thumb Code     0  startup_stm32f10x_hd.o(.text)
    DMA2_Channel4_5_IRQHandler               0x08002e53   Thumb Code     0  startup_stm32f10x_hd.o(.text)
    EXTI0_IRQHandler                         0x08002e53   Thumb Code     0  startup_stm32f10x_hd.o(.text)
    EXTI15_10_IRQHandler                     0x08002e53   Thumb Code     0  startup_stm32f10x_hd.o(.text)
    EXTI1_IRQHandler                         0x08002e53   Thumb Code     0  startup_stm32f10x_hd.o(.text)
    EXTI2_IRQHandler                         0x08002e53   Thumb Code     0  startup_stm32f10x_hd.o(.text)
    EXTI3_IRQHandler                         0x08002e53   Thumb Code     0  startup_stm32f10x_hd.o(.text)
    EXTI9_5_IRQHandler                       0x08002e53   Thumb Code     0  startup_stm32f10x_hd.o(.text)
    FLASH_IRQHandler                         0x08002e53   Thumb Code     0  startup_stm32f10x_hd.o(.text)
    FSMC_IRQHandler                          0x08002e53   Thumb Code     0  startup_stm32f10x_hd.o(.text)
    I2C1_ER_IRQHandler                       0x08002e53   Thumb Code     0  startup_stm32f10x_hd.o(.text)
    I2C1_EV_IRQHandler                       0x08002e53   Thumb Code     0  startup_stm32f10x_hd.o(.text)
    I2C2_ER_IRQHandler                       0x08002e53   Thumb Code     0  startup_stm32f10x_hd.o(.text)
    I2C2_EV_IRQHandler                       0x08002e53   Thumb Code     0  startup_stm32f10x_hd.o(.text)
    PVD_IRQHandler                           0x08002e53   Thumb Code     0  startup_stm32f10x_hd.o(.text)
    RCC_IRQHandler                           0x08002e53   Thumb Code     0  startup_stm32f10x_hd.o(.text)
    RTCAlarm_IRQHandler                      0x08002e53   Thumb Code     0  startup_stm32f10x_hd.o(.text)
    SDIO_IRQHandler                          0x08002e53   Thumb Code     0  startup_stm32f10x_hd.o(.text)
    SPI1_IRQHandler                          0x08002e53   Thumb Code     0  startup_stm32f10x_hd.o(.text)
    SPI2_IRQHandler                          0x08002e53   Thumb Code     0  startup_stm32f10x_hd.o(.text)
    SPI3_IRQHandler                          0x08002e53   Thumb Code     0  startup_stm32f10x_hd.o(.text)
    TAMPER_IRQHandler                        0x08002e53   Thumb Code     0  startup_stm32f10x_hd.o(.text)
    TIM1_BRK_IRQHandler                      0x08002e53   Thumb Code     0  startup_stm32f10x_hd.o(.text)
    TIM1_CC_IRQHandler                       0x08002e53   Thumb Code     0  startup_stm32f10x_hd.o(.text)
    TIM1_TRG_COM_IRQHandler                  0x08002e53   Thumb Code     0  startup_stm32f10x_hd.o(.text)
    TIM1_UP_IRQHandler                       0x08002e53   Thumb Code     0  startup_stm32f10x_hd.o(.text)
    TIM2_IRQHandler                          0x08002e53   Thumb Code     0  startup_stm32f10x_hd.o(.text)
    TIM3_IRQHandler                          0x08002e53   Thumb Code     0  startup_stm32f10x_hd.o(.text)
    TIM8_BRK_IRQHandler                      0x08002e53   Thumb Code     0  startup_stm32f10x_hd.o(.text)
    TIM8_CC_IRQHandler                       0x08002e53   Thumb Code     0  startup_stm32f10x_hd.o(.text)
    TIM8_TRG_COM_IRQHandler                  0x08002e53   Thumb Code     0  startup_stm32f10x_hd.o(.text)
    TIM8_UP_IRQHandler                       0x08002e53   Thumb Code     0  startup_stm32f10x_hd.o(.text)
    UART5_IRQHandler                         0x08002e53   Thumb Code     0  startup_stm32f10x_hd.o(.text)
    USBWakeUp_IRQHandler                     0x08002e53   Thumb Code     0  startup_stm32f10x_hd.o(.text)
    USB_HP_CAN1_TX_IRQHandler                0x08002e53   Thumb Code     0  startup_stm32f10x_hd.o(.text)
    USB_LP_CAN1_RX0_IRQHandler               0x08002e53   Thumb Code     0  startup_stm32f10x_hd.o(.text)
    WWDG_IRQHandler                          0x08002e53   Thumb Code     0  startup_stm32f10x_hd.o(.text)
    __user_initial_stackheap                 0x08002e55   Thumb Code     0  startup_stm32f10x_hd.o(.text)
    NVIC_PriorityGroupConfig                 0x08002e79   Thumb Code    10  misc.o(.text)
    NVIC_Init                                0x08002e83   Thumb Code   100  misc.o(.text)
    NVIC_SetVectorTable                      0x08002ee7   Thumb Code    14  misc.o(.text)
    NVIC_SystemLPConfig                      0x08002ef5   Thumb Code    34  misc.o(.text)
    SysTick_CLKSourceConfig                  0x08002f17   Thumb Code    40  misc.o(.text)
    BKP_DeInit                               0x08002f55   Thumb Code    16  stm32f10x_bkp.o(.text)
    BKP_TamperPinLevelConfig                 0x08002f65   Thumb Code     6  stm32f10x_bkp.o(.text)
    BKP_TamperPinCmd                         0x08002f6b   Thumb Code     8  stm32f10x_bkp.o(.text)
    BKP_ITConfig                             0x08002f73   Thumb Code     8  stm32f10x_bkp.o(.text)
    BKP_RTCOutputConfig                      0x08002f7b   Thumb Code    22  stm32f10x_bkp.o(.text)
    BKP_SetRTCCalibrationValue               0x08002f91   Thumb Code    22  stm32f10x_bkp.o(.text)
    BKP_WriteBackupRegister                  0x08002fa7   Thumb Code    24  stm32f10x_bkp.o(.text)
    BKP_ReadBackupRegister                   0x08002fbf   Thumb Code    26  stm32f10x_bkp.o(.text)
    BKP_GetFlagStatus                        0x08002fd9   Thumb Code    10  stm32f10x_bkp.o(.text)
    BKP_ClearFlag                            0x08002fe3   Thumb Code    18  stm32f10x_bkp.o(.text)
    BKP_GetITStatus                          0x08002ff5   Thumb Code    10  stm32f10x_bkp.o(.text)
    BKP_ClearITPendingBit                    0x08002fff   Thumb Code    18  stm32f10x_bkp.o(.text)
    EXTI_DeInit                              0x08003019   Thumb Code    28  stm32f10x_exti.o(.text)
    EXTI_Init                                0x08003035   Thumb Code   142  stm32f10x_exti.o(.text)
    EXTI_StructInit                          0x080030c3   Thumb Code    16  stm32f10x_exti.o(.text)
    EXTI_GenerateSWInterrupt                 0x080030d3   Thumb Code    16  stm32f10x_exti.o(.text)
    EXTI_GetFlagStatus                       0x080030e3   Thumb Code    22  stm32f10x_exti.o(.text)
    EXTI_ClearFlag                           0x080030f9   Thumb Code     8  stm32f10x_exti.o(.text)
    EXTI_GetITStatus                         0x08003101   Thumb Code    34  stm32f10x_exti.o(.text)
    EXTI_ClearITPendingBit                   0x08003123   Thumb Code     8  stm32f10x_exti.o(.text)
    GPIO_DeInit                              0x08003135   Thumb Code   172  stm32f10x_gpio.o(.text)
    GPIO_AFIODeInit                          0x080031e1   Thumb Code    20  stm32f10x_gpio.o(.text)
    GPIO_Init                                0x080031f5   Thumb Code   278  stm32f10x_gpio.o(.text)
    GPIO_StructInit                          0x0800330b   Thumb Code    16  stm32f10x_gpio.o(.text)
    GPIO_ReadInputDataBit                    0x0800331b   Thumb Code    18  stm32f10x_gpio.o(.text)
    GPIO_ReadInputData                       0x0800332d   Thumb Code     8  stm32f10x_gpio.o(.text)
    GPIO_ReadOutputDataBit                   0x08003335   Thumb Code    18  stm32f10x_gpio.o(.text)
    GPIO_ReadOutputData                      0x08003347   Thumb Code     8  stm32f10x_gpio.o(.text)
    GPIO_SetBits                             0x0800334f   Thumb Code     4  stm32f10x_gpio.o(.text)
    GPIO_ResetBits                           0x08003353   Thumb Code     4  stm32f10x_gpio.o(.text)
    GPIO_WriteBit                            0x08003357   Thumb Code    10  stm32f10x_gpio.o(.text)
    GPIO_Write                               0x08003361   Thumb Code     4  stm32f10x_gpio.o(.text)
    GPIO_PinLockConfig                       0x08003365   Thumb Code    18  stm32f10x_gpio.o(.text)
    GPIO_EventOutputConfig                   0x08003377   Thumb Code    26  stm32f10x_gpio.o(.text)
    GPIO_EventOutputCmd                      0x08003391   Thumb Code     6  stm32f10x_gpio.o(.text)
    GPIO_PinRemapConfig                      0x08003397   Thumb Code   138  stm32f10x_gpio.o(.text)
    GPIO_EXTILineConfig                      0x08003421   Thumb Code    66  stm32f10x_gpio.o(.text)
    GPIO_ETH_MediaInterfaceConfig            0x08003463   Thumb Code     8  stm32f10x_gpio.o(.text)
    RCC_DeInit                               0x08003491   Thumb Code    64  stm32f10x_rcc.o(.text)
    RCC_HSEConfig                            0x080034d1   Thumb Code    70  stm32f10x_rcc.o(.text)
    RCC_GetFlagStatus                        0x08003517   Thumb Code    56  stm32f10x_rcc.o(.text)
    RCC_WaitForHSEStartUp                    0x0800354f   Thumb Code    56  stm32f10x_rcc.o(.text)
    RCC_AdjustHSICalibrationValue            0x08003587   Thumb Code    20  stm32f10x_rcc.o(.text)
    RCC_HSICmd                               0x0800359b   Thumb Code     6  stm32f10x_rcc.o(.text)
    RCC_PLLConfig                            0x080035a1   Thumb Code    24  stm32f10x_rcc.o(.text)
    RCC_PLLCmd                               0x080035b9   Thumb Code     6  stm32f10x_rcc.o(.text)
    RCC_SYSCLKConfig                         0x080035bf   Thumb Code    18  stm32f10x_rcc.o(.text)
    RCC_GetSYSCLKSource                      0x080035d1   Thumb Code    10  stm32f10x_rcc.o(.text)
    RCC_HCLKConfig                           0x080035db   Thumb Code    18  stm32f10x_rcc.o(.text)
    RCC_PCLK1Config                          0x080035ed   Thumb Code    18  stm32f10x_rcc.o(.text)
    RCC_PCLK2Config                          0x080035ff   Thumb Code    20  stm32f10x_rcc.o(.text)
    RCC_ITConfig                             0x08003613   Thumb Code    26  stm32f10x_rcc.o(.text)
    RCC_USBCLKConfig                         0x0800362d   Thumb Code     8  stm32f10x_rcc.o(.text)
    RCC_ADCCLKConfig                         0x08003635   Thumb Code    18  stm32f10x_rcc.o(.text)
    RCC_LSEConfig                            0x08003647   Thumb Code    50  stm32f10x_rcc.o(.text)
    RCC_LSICmd                               0x08003679   Thumb Code     6  stm32f10x_rcc.o(.text)
    RCC_RTCCLKConfig                         0x0800367f   Thumb Code    12  stm32f10x_rcc.o(.text)
    RCC_RTCCLKCmd                            0x0800368b   Thumb Code     8  stm32f10x_rcc.o(.text)
    RCC_GetClocksFreq                        0x08003693   Thumb Code   192  stm32f10x_rcc.o(.text)
    RCC_AHBPeriphClockCmd                    0x08003753   Thumb Code    26  stm32f10x_rcc.o(.text)
    RCC_APB2PeriphClockCmd                   0x0800376d   Thumb Code    26  stm32f10x_rcc.o(.text)
    RCC_APB1PeriphClockCmd                   0x08003787   Thumb Code    26  stm32f10x_rcc.o(.text)
    RCC_APB2PeriphResetCmd                   0x080037a1   Thumb Code    26  stm32f10x_rcc.o(.text)
    RCC_APB1PeriphResetCmd                   0x080037bb   Thumb Code    26  stm32f10x_rcc.o(.text)
    RCC_BackupResetCmd                       0x080037d5   Thumb Code     8  stm32f10x_rcc.o(.text)
    RCC_ClockSecuritySystemCmd               0x080037dd   Thumb Code     6  stm32f10x_rcc.o(.text)
    RCC_MCOConfig                            0x080037e3   Thumb Code     6  stm32f10x_rcc.o(.text)
    RCC_ClearFlag                            0x080037e9   Thumb Code    14  stm32f10x_rcc.o(.text)
    RCC_GetITStatus                          0x080037f7   Thumb Code    20  stm32f10x_rcc.o(.text)
    RCC_ClearITPendingBit                    0x0800380b   Thumb Code     6  stm32f10x_rcc.o(.text)
    RTC_ITConfig                             0x08003835   Thumb Code    26  stm32f10x_rtc.o(.text)
    RTC_EnterConfigMode                      0x0800384f   Thumb Code    18  stm32f10x_rtc.o(.text)
    RTC_ExitConfigMode                       0x08003861   Thumb Code    20  stm32f10x_rtc.o(.text)
    RTC_GetCounter                           0x08003875   Thumb Code    18  stm32f10x_rtc.o(.text)
    RTC_SetCounter                           0x08003887   Thumb Code    26  stm32f10x_rtc.o(.text)
    RTC_SetPrescaler                         0x080038a1   Thumb Code    28  stm32f10x_rtc.o(.text)
    RTC_SetAlarm                             0x080038bd   Thumb Code    26  stm32f10x_rtc.o(.text)
    RTC_GetDivider                           0x080038d7   Thumb Code    22  stm32f10x_rtc.o(.text)
    RTC_WaitForLastTask                      0x080038ed   Thumb Code    18  stm32f10x_rtc.o(.text)
    RTC_WaitForSynchro                       0x080038ff   Thumb Code    36  stm32f10x_rtc.o(.text)
    RTC_GetFlagStatus                        0x08003923   Thumb Code    22  stm32f10x_rtc.o(.text)
    RTC_ClearFlag                            0x08003939   Thumb Code    16  stm32f10x_rtc.o(.text)
    RTC_GetITStatus                          0x08003949   Thumb Code    32  stm32f10x_rtc.o(.text)
    RTC_ClearITPendingBit                    0x08003969   Thumb Code    16  stm32f10x_rtc.o(.text)
    TIM_DeInit                               0x0800397d   Thumb Code   424  stm32f10x_tim.o(.text)
    TIM_TimeBaseInit                         0x08003b25   Thumb Code   122  stm32f10x_tim.o(.text)
    TIM_OC1Init                              0x08003b9f   Thumb Code   132  stm32f10x_tim.o(.text)
    TIM_OC2Init                              0x08003c23   Thumb Code   154  stm32f10x_tim.o(.text)
    TIM_OC3Init                              0x08003cbd   Thumb Code   150  stm32f10x_tim.o(.text)
    TIM_OC4Init                              0x08003d53   Thumb Code   182  stm32f10x_tim.o(.text)
    TIM_SetIC4Prescaler                      0x08003e09   Thumb Code    26  stm32f10x_tim.o(.text)
    TIM_SetIC3Prescaler                      0x08003ea5   Thumb Code    18  stm32f10x_tim.o(.text)
    TIM_SetIC2Prescaler                      0x08003f31   Thumb Code    26  stm32f10x_tim.o(.text)
    TIM_SetIC1Prescaler                      0x08003fcd   Thumb Code    18  stm32f10x_tim.o(.text)
    TIM_ICInit                               0x0800404b   Thumb Code   150  stm32f10x_tim.o(.text)
    TIM_PWMIConfig                           0x080040e1   Thumb Code   124  stm32f10x_tim.o(.text)
    TIM_BDTRConfig                           0x0800415d   Thumb Code    32  stm32f10x_tim.o(.text)
    TIM_TimeBaseStructInit                   0x0800417d   Thumb Code    18  stm32f10x_tim.o(.text)
    TIM_OCStructInit                         0x0800418f   Thumb Code    20  stm32f10x_tim.o(.text)
    TIM_ICStructInit                         0x080041a3   Thumb Code    18  stm32f10x_tim.o(.text)
    TIM_BDTRStructInit                       0x080041b5   Thumb Code    40  stm32f10x_tim.o(.text)
    TIM_Cmd                                  0x080041dd   Thumb Code    24  stm32f10x_tim.o(.text)
    TIM_CtrlPWMOutputs                       0x080041f5   Thumb Code    30  stm32f10x_tim.o(.text)
    TIM_ITConfig                             0x08004213   Thumb Code    18  stm32f10x_tim.o(.text)
    TIM_GenerateEvent                        0x08004225   Thumb Code     4  stm32f10x_tim.o(.text)
    TIM_DMAConfig                            0x08004229   Thumb Code    10  stm32f10x_tim.o(.text)
    TIM_DMACmd                               0x08004233   Thumb Code    18  stm32f10x_tim.o(.text)
    TIM_InternalClockConfig                  0x08004245   Thumb Code    12  stm32f10x_tim.o(.text)
    TIM_SelectInputTrigger                   0x08004251   Thumb Code    18  stm32f10x_tim.o(.text)
    TIM_ITRxExternalClockConfig              0x08004263   Thumb Code    24  stm32f10x_tim.o(.text)
    TIM_TIxExternalClockConfig               0x0800427b   Thumb Code    62  stm32f10x_tim.o(.text)
    TIM_ETRConfig                            0x080042b9   Thumb Code    28  stm32f10x_tim.o(.text)
    TIM_ETRClockMode1Config                  0x080042d5   Thumb Code    54  stm32f10x_tim.o(.text)
    TIM_ETRClockMode2Config                  0x0800430b   Thumb Code    32  stm32f10x_tim.o(.text)
    TIM_PrescalerConfig                      0x0800432b   Thumb Code     6  stm32f10x_tim.o(.text)
    TIM_CounterModeConfig                    0x08004331   Thumb Code    18  stm32f10x_tim.o(.text)
    TIM_EncoderInterfaceConfig               0x08004343   Thumb Code    66  stm32f10x_tim.o(.text)
    TIM_ForcedOC1Config                      0x08004385   Thumb Code    18  stm32f10x_tim.o(.text)
    TIM_ForcedOC2Config                      0x08004397   Thumb Code    26  stm32f10x_tim.o(.text)
    TIM_ForcedOC3Config                      0x080043b1   Thumb Code    18  stm32f10x_tim.o(.text)
    TIM_ForcedOC4Config                      0x080043c3   Thumb Code    26  stm32f10x_tim.o(.text)
    TIM_ARRPreloadConfig                     0x080043dd   Thumb Code    24  stm32f10x_tim.o(.text)
    TIM_SelectCOM                            0x080043f5   Thumb Code    24  stm32f10x_tim.o(.text)
    TIM_SelectCCDMA                          0x0800440d   Thumb Code    24  stm32f10x_tim.o(.text)
    TIM_CCPreloadControl                     0x08004425   Thumb Code    24  stm32f10x_tim.o(.text)
    TIM_OC1PreloadConfig                     0x0800443d   Thumb Code    18  stm32f10x_tim.o(.text)
    TIM_OC2PreloadConfig                     0x0800444f   Thumb Code    26  stm32f10x_tim.o(.text)
    TIM_OC3PreloadConfig                     0x08004469   Thumb Code    18  stm32f10x_tim.o(.text)
    TIM_OC4PreloadConfig                     0x0800447b   Thumb Code    26  stm32f10x_tim.o(.text)
    TIM_OC1FastConfig                        0x08004495   Thumb Code    18  stm32f10x_tim.o(.text)
    TIM_OC2FastConfig                        0x080044a7   Thumb Code    26  stm32f10x_tim.o(.text)
    TIM_OC3FastConfig                        0x080044c1   Thumb Code    18  stm32f10x_tim.o(.text)
    TIM_OC4FastConfig                        0x080044d3   Thumb Code    26  stm32f10x_tim.o(.text)
    TIM_ClearOC1Ref                          0x080044ed   Thumb Code    18  stm32f10x_tim.o(.text)
    TIM_ClearOC2Ref                          0x080044ff   Thumb Code    24  stm32f10x_tim.o(.text)
    TIM_ClearOC3Ref                          0x08004517   Thumb Code    18  stm32f10x_tim.o(.text)
    TIM_ClearOC4Ref                          0x08004529   Thumb Code    24  stm32f10x_tim.o(.text)
    TIM_OC1PolarityConfig                    0x08004541   Thumb Code    18  stm32f10x_tim.o(.text)
    TIM_OC1NPolarityConfig                   0x08004553   Thumb Code    18  stm32f10x_tim.o(.text)
    TIM_OC2PolarityConfig                    0x08004565   Thumb Code    26  stm32f10x_tim.o(.text)
    TIM_OC2NPolarityConfig                   0x0800457f   Thumb Code    26  stm32f10x_tim.o(.text)
    TIM_OC3PolarityConfig                    0x08004599   Thumb Code    26  stm32f10x_tim.o(.text)
    TIM_OC3NPolarityConfig                   0x080045b3   Thumb Code    26  stm32f10x_tim.o(.text)
    TIM_OC4PolarityConfig                    0x080045cd   Thumb Code    26  stm32f10x_tim.o(.text)
    TIM_CCxCmd                               0x080045e7   Thumb Code    30  stm32f10x_tim.o(.text)
    TIM_CCxNCmd                              0x08004605   Thumb Code    30  stm32f10x_tim.o(.text)
    TIM_SelectOCxM                           0x08004623   Thumb Code    82  stm32f10x_tim.o(.text)
    TIM_UpdateDisableConfig                  0x08004675   Thumb Code    24  stm32f10x_tim.o(.text)
    TIM_UpdateRequestConfig                  0x0800468d   Thumb Code    24  stm32f10x_tim.o(.text)
    TIM_SelectHallSensor                     0x080046a5   Thumb Code    24  stm32f10x_tim.o(.text)
    TIM_SelectOnePulseMode                   0x080046bd   Thumb Code    18  stm32f10x_tim.o(.text)
    TIM_SelectOutputTrigger                  0x080046cf   Thumb Code    18  stm32f10x_tim.o(.text)
    TIM_SelectSlaveMode                      0x080046e1   Thumb Code    18  stm32f10x_tim.o(.text)
    TIM_SelectMasterSlaveMode                0x080046f3   Thumb Code    18  stm32f10x_tim.o(.text)
    TIM_SetCounter                           0x08004705   Thumb Code     4  stm32f10x_tim.o(.text)
    TIM_SetAutoreload                        0x08004709   Thumb Code     4  stm32f10x_tim.o(.text)
    TIM_SetCompare1                          0x0800470d   Thumb Code     4  stm32f10x_tim.o(.text)
    TIM_SetCompare2                          0x08004711   Thumb Code     4  stm32f10x_tim.o(.text)
    TIM_SetCompare3                          0x08004715   Thumb Code     4  stm32f10x_tim.o(.text)
    TIM_SetCompare4                          0x08004719   Thumb Code     6  stm32f10x_tim.o(.text)
    TIM_SetClockDivision                     0x0800471f   Thumb Code    18  stm32f10x_tim.o(.text)
    TIM_GetCapture1                          0x08004731   Thumb Code     6  stm32f10x_tim.o(.text)
    TIM_GetCapture2                          0x08004737   Thumb Code     6  stm32f10x_tim.o(.text)
    TIM_GetCapture3                          0x0800473d   Thumb Code     6  stm32f10x_tim.o(.text)
    TIM_GetCapture4                          0x08004743   Thumb Code     8  stm32f10x_tim.o(.text)
    TIM_GetCounter                           0x0800474b   Thumb Code     6  stm32f10x_tim.o(.text)
    TIM_GetPrescaler                         0x08004751   Thumb Code     6  stm32f10x_tim.o(.text)
    TIM_GetFlagStatus                        0x08004757   Thumb Code    18  stm32f10x_tim.o(.text)
    TIM_ClearFlag                            0x08004769   Thumb Code     6  stm32f10x_tim.o(.text)
    TIM_GetITStatus                          0x0800476f   Thumb Code    34  stm32f10x_tim.o(.text)
    TIM_ClearITPendingBit                    0x08004791   Thumb Code     6  stm32f10x_tim.o(.text)
    USART_DeInit                             0x08004799   Thumb Code   134  stm32f10x_usart.o(.text)
    USART_Init                               0x0800481f   Thumb Code   210  stm32f10x_usart.o(.text)
    USART_StructInit                         0x080048f1   Thumb Code    24  stm32f10x_usart.o(.text)
    USART_ClockInit                          0x08004909   Thumb Code    34  stm32f10x_usart.o(.text)
    USART_ClockStructInit                    0x0800492b   Thumb Code    12  stm32f10x_usart.o(.text)
    USART_Cmd                                0x08004937   Thumb Code    24  stm32f10x_usart.o(.text)
    USART_ITConfig                           0x0800494f   Thumb Code    74  stm32f10x_usart.o(.text)
    USART_DMACmd                             0x08004999   Thumb Code    18  stm32f10x_usart.o(.text)
    USART_SetAddress                         0x080049ab   Thumb Code    18  stm32f10x_usart.o(.text)
    USART_WakeUpConfig                       0x080049bd   Thumb Code    18  stm32f10x_usart.o(.text)
    USART_ReceiverWakeUpCmd                  0x080049cf   Thumb Code    24  stm32f10x_usart.o(.text)
    USART_LINBreakDetectLengthConfig         0x080049e7   Thumb Code    18  stm32f10x_usart.o(.text)
    USART_LINCmd                             0x080049f9   Thumb Code    24  stm32f10x_usart.o(.text)
    USART_SendData                           0x08004a11   Thumb Code     8  stm32f10x_usart.o(.text)
    USART_ReceiveData                        0x08004a19   Thumb Code    10  stm32f10x_usart.o(.text)
    USART_SendBreak                          0x08004a23   Thumb Code    10  stm32f10x_usart.o(.text)
    USART_SetGuardTime                       0x08004a2d   Thumb Code    16  stm32f10x_usart.o(.text)
    USART_SetPrescaler                       0x08004a3d   Thumb Code    16  stm32f10x_usart.o(.text)
    USART_SmartCardCmd                       0x08004a4d   Thumb Code    24  stm32f10x_usart.o(.text)
    USART_SmartCardNACKCmd                   0x08004a65   Thumb Code    24  stm32f10x_usart.o(.text)
    USART_HalfDuplexCmd                      0x08004a7d   Thumb Code    24  stm32f10x_usart.o(.text)
    USART_OverSampling8Cmd                   0x08004a95   Thumb Code    22  stm32f10x_usart.o(.text)
    USART_OneBitMethodCmd                    0x08004aab   Thumb Code    24  stm32f10x_usart.o(.text)
    USART_IrDAConfig                         0x08004ac3   Thumb Code    18  stm32f10x_usart.o(.text)
    USART_IrDACmd                            0x08004ad5   Thumb Code    24  stm32f10x_usart.o(.text)
    USART_GetFlagStatus                      0x08004aed   Thumb Code    26  stm32f10x_usart.o(.text)
    USART_ClearFlag                          0x08004b07   Thumb Code    18  stm32f10x_usart.o(.text)
    USART_GetITStatus                        0x08004b19   Thumb Code    84  stm32f10x_usart.o(.text)
    USART_ClearITPendingBit                  0x08004b6d   Thumb Code    52  stm32f10x_usart.o(.text)
    PWR_DeInit                               0x08004ba1   Thumb Code    22  stm32f10x_pwr.o(.text)
    PWR_BackupAccessCmd                      0x08004bb7   Thumb Code     6  stm32f10x_pwr.o(.text)
    PWR_PVDCmd                               0x08004bbd   Thumb Code     6  stm32f10x_pwr.o(.text)
    PWR_PVDLevelConfig                       0x08004bc3   Thumb Code    18  stm32f10x_pwr.o(.text)
    PWR_WakeUpPinCmd                         0x08004bd5   Thumb Code     8  stm32f10x_pwr.o(.text)
    PWR_EnterSTOPMode                        0x08004bdd   Thumb Code    54  stm32f10x_pwr.o(.text)
    PWR_EnterSTANDBYMode                     0x08004c13   Thumb Code    42  stm32f10x_pwr.o(.text)
    PWR_GetFlagStatus                        0x08004c3d   Thumb Code    20  stm32f10x_pwr.o(.text)
    PWR_ClearFlag                            0x08004c51   Thumb Code    14  stm32f10x_pwr.o(.text)
    Aux_Int                                  0x08004c6d   Thumb Code    68  lora_app.o(.text)
    EXTI4_IRQHandler                         0x08004cb1   Thumb Code   106  lora_app.o(.text)
    LoRa_Init                                0x08004d1b   Thumb Code   242  lora_app.o(.text)
    LoRa_Set                                 0x08004e0d   Thumb Code   278  lora_app.o(.text)
    LoRa_SendData                            0x08004f23   Thumb Code   214  lora_app.o(.text)
    LoRa_SendData_Affirm                     0x08004ff9   Thumb Code   432  lora_app.o(.text)
    LoRa_ReceData                            0x080051a9   Thumb Code   300  lora_app.o(.text)
    Lora_task                                0x080052d5   Thumb Code     8  lora_app.o(.text)
    Lora_Test                                0x080052dd   Thumb Code   116  lora_app.o(.text)
    lora_at_response                         0x080053fd   Thumb Code    46  lora_ui.o(.text)
    lora_check_cmd                           0x0800542b   Thumb Code    44  lora_ui.o(.text)
    lora_send_cmd                            0x08005457   Thumb Code   112  lora_ui.o(.text)
    chr2hex                                  0x080054c7   Thumb Code    54  lora_ui.o(.text)
    char2hex_buff                            0x080054fd   Thumb Code    32  lora_ui.o(.text)
    hexbuff_num                              0x0800551d   Thumb Code   182  lora_ui.o(.text)
    num_count                                0x080055d3   Thumb Code    26  lora_ui.o(.text)
    SYSTICK_NVIC_Configuration               0x08005605   Thumb Code    34  systick.o(.text)
    SYSTICK_Configuration                    0x08005627   Thumb Code    32  systick.o(.text)
    SYSTICK_init                             0x08005647   Thumb Code    12  systick.o(.text)
    SYSTICK_IntDisable                       0x08005653   Thumb Code    18  systick.o(.text)
    SYSTICK_IntEnable                        0x08005665   Thumb Code    18  systick.o(.text)
    SYSTICK_ClearSystickVal                  0x08005677   Thumb Code    10  systick.o(.text)
    SYSTICK_GetVal                           0x08005681   Thumb Code     8  systick.o(.text)
    SYSTICK_Delay10ms                        0x08005689   Thumb Code    26  systick.o(.text)
    SYSTICK_get_time                         0x080056a3   Thumb Code     6  systick.o(.text)
    SysTick_Handler                          0x080056a9   Thumb Code    12  systick.o(.text)
    STM32_GPIOx_Init                         0x080056bd   Thumb Code    48  sys.o(.text)
    STM32_Flash_Capacity                     0x080056ed   Thumb Code   154  sys.o(.text)
    STM32_CPUID                              0x08005787   Thumb Code    20  sys.o(.text)
    MY_NVIC_SetVectorTable                   0x0800579b   Thumb Code    14  sys.o(.text)
    MY_NVIC_PriorityGroup_Config             0x080057a9   Thumb Code    12  sys.o(.text)
    MY_NVIC_Init                             0x080057b5   Thumb Code    42  sys.o(.text)
    MY_RCC_DeInit                            0x080057df   Thumb Code    90  sys.o(.text)
    SYS_Standby                              0x08005839   Thumb Code    68  sys.o(.text)
    SYS_SoftReset                            0x0800587d   Thumb Code    10  sys.o(.text)
    STM_JTAG_Set                             0x08005887   Thumb Code    36  sys.o(.text)
    STM_Clock_Init                           0x080058ab   Thumb Code   134  sys.o(.text)
    BCD_to_HEX                               0x08005931   Thumb Code    26  sys.o(.text)
    HEX_to_BCD                               0x0800594b   Thumb Code    20  sys.o(.text)
    CharToHex                                0x0800595f   Thumb Code    36  sys.o(.text)
    HexToChar                                0x08005983   Thumb Code    52  sys.o(.text)
    HexStrToByte                             0x080059b7   Thumb Code    70  sys.o(.text)
    ByteToHexStr                             0x080059fd   Thumb Code    66  sys.o(.text)
    BytetoBCD                                0x08005a3f   Thumb Code    54  sys.o(.text)
    DX_to_HX                                 0x08005a75   Thumb Code    70  sys.o(.text)
    HX_to_DX                                 0x08005abb   Thumb Code   102  sys.o(.text)
    delay_init                               0x08005b21   Thumb Code    26  delay.o(.text)
    delay_us                                 0x08005b3b   Thumb Code    62  delay.o(.text)
    sdelay                                   0x08005b79   Thumb Code    26  delay.o(.text)
    Delay                                    0x08005ba5   Thumb Code    18  rfid.o(.text)
    Uart3_Send_Data                          0x08005bb7   Thumb Code    42  rfid.o(.text)
    RxCheckSum                               0x08005be1   Thumb Code    44  rfid.o(.text)
    TxCheckSum                               0x08005c0d   Thumb Code    32  rfid.o(.text)
    ReadId                                   0x08005c2d   Thumb Code   282  rfid.o(.text)
    ReadDataFromBlock                        0x08005d47   Thumb Code   126  rfid.o(.text)
    WriteDataToBlock                         0x08005dc5   Thumb Code   120  rfid.o(.text)
    Read_RFID                                0x08005e3d   Thumb Code   146  rfid.o(.text)
    Write_RFID                               0x08005ecf   Thumb Code   196  rfid.o(.text)
    RFID_task                                0x08005f93   Thumb Code     8  rfid.o(.text)
    Buzzer_GPIO_Configuration                0x08005fdd   Thumb Code    40  buzzer.o(.text)
    TIME6_init                               0x0800607f   Thumb Code    24  buzzer.o(.text)
    TIM6_IRQHandler                          0x08006097   Thumb Code    78  buzzer.o(.text)
    __use_no_semihosting                     0x080060f9   Thumb Code     2  use_no_semi_2.o(.text)
    vsprintf                                 0x080060fd   Thumb Code    32  vsprintf.o(.text)
    __2printf                                0x08006121   Thumb Code    20  __2printf.o(.text)
    __2sprintf                               0x08006139   Thumb Code    38  __2sprintf.o(.text)
    _printf_pre_padding                      0x08006165   Thumb Code    44  _printf_pad.o(.text)
    _printf_post_padding                     0x08006191   Thumb Code    34  _printf_pad.o(.text)
    _printf_str                              0x080061b3   Thumb Code    82  _printf_str.o(.text)
    _printf_int_dec                          0x08006205   Thumb Code   104  _printf_dec.o(.text)
    _printf_longlong_hex                     0x0800627d   Thumb Code    86  _printf_hex_int_ll_ptr.o(.text)
    _printf_int_hex                          0x080062d3   Thumb Code    28  _printf_hex_int_ll_ptr.o(.text)
    _printf_ll_hex                           0x080062ef   Thumb Code    12  _printf_hex_int_ll_ptr.o(.text)
    _printf_hex_ptr                          0x080062fb   Thumb Code    18  _printf_hex_int_ll_ptr.o(.text)
    __printf                                 0x08006311   Thumb Code   388  __printf_flags_ss_wp.o(.text)
    strstr                                   0x08006499   Thumb Code    36  strstr.o(.text)
    strrchr                                  0x080064bd   Thumb Code    22  strrchr.o(.text)
    strlen                                   0x080064d3   Thumb Code    62  strlen.o(.text)
    strcat                                   0x08006511   Thumb Code    24  strcat.o(.text)
    __aeabi_memcpy                           0x08006529   Thumb Code     0  rt_memcpy_v6.o(.text)
    __rt_memcpy                              0x08006529   Thumb Code   138  rt_memcpy_v6.o(.text)
    _memcpy_lastbytes                        0x0800658f   Thumb Code     0  rt_memcpy_v6.o(.text)
    __aeabi_memclr                           0x080065b3   Thumb Code     0  rt_memclr.o(.text)
    __rt_memclr                              0x080065b3   Thumb Code    68  rt_memclr.o(.text)
    _memset                                  0x080065b7   Thumb Code     0  rt_memclr.o(.text)
    __aeabi_memclr4                          0x080065f7   Thumb Code     0  rt_memclr_w.o(.text)
    __aeabi_memclr8                          0x080065f7   Thumb Code     0  rt_memclr_w.o(.text)
    __rt_memclr_w                            0x080065f7   Thumb Code    78  rt_memclr_w.o(.text)
    _memset_w                                0x080065fb   Thumb Code     0  rt_memclr_w.o(.text)
    strcmp                                   0x08006645   Thumb Code   128  strcmpv7m.o(.text)
    __use_two_region_memory                  0x080066c5   Thumb Code     2  heapauxi.o(.text)
    __rt_heap_escrow$2region                 0x080066c7   Thumb Code     2  heapauxi.o(.text)
    __rt_heap_expand$2region                 0x080066c9   Thumb Code     2  heapauxi.o(.text)
    __I$use$semihosting                      0x080066cb   Thumb Code     0  use_no_semi.o(.text)
    __use_no_semihosting_swi                 0x080066cb   Thumb Code     2  use_no_semi.o(.text)
    _printf_truncate_signed                  0x080066cd   Thumb Code    18  _printf_truncate.o(.text)
    _printf_truncate_unsigned                0x080066df   Thumb Code    18  _printf_truncate.o(.text)
    _printf_int_common                       0x080066f1   Thumb Code   178  _printf_intcommon.o(.text)
    _printf_charcount                        0x080067a3   Thumb Code    40  _printf_charcount.o(.text)
    _printf_char_common                      0x080067d7   Thumb Code    32  _printf_char_common.o(.text)
    _sputc                                   0x080067fd   Thumb Code    10  _sputc.o(.text)
    _printf_cs_common                        0x08006807   Thumb Code    20  _printf_char.o(.text)
    _printf_char                             0x0800681b   Thumb Code    16  _printf_char.o(.text)
    _printf_string                           0x0800682b   Thumb Code     8  _printf_char.o(.text)
    _printf_char_file                        0x08006835   Thumb Code    32  _printf_char_file.o(.text)
    _printf_wctomb                           0x08006859   Thumb Code   182  _printf_wctomb.o(.text)
    _printf_longlong_dec                     0x08006915   Thumb Code   108  _printf_longlong_dec.o(.text)
    _printf_longlong_oct                     0x08006991   Thumb Code    68  _printf_oct_int_ll.o(.text)
    _printf_int_oct                          0x080069d5   Thumb Code    24  _printf_oct_int_ll.o(.text)
    _printf_ll_oct                           0x080069ed   Thumb Code    12  _printf_oct_int_ll.o(.text)
    __aeabi_memcpy4                          0x08006a01   Thumb Code     0  rt_memcpy_w.o(.text)
    __aeabi_memcpy8                          0x08006a01   Thumb Code     0  rt_memcpy_w.o(.text)
    __rt_memcpy_w                            0x08006a01   Thumb Code   100  rt_memcpy_w.o(.text)
    _memcpy_lastbytes_aligned                0x08006a49   Thumb Code     0  rt_memcpy_w.o(.text)
    _ll_udiv10                               0x08006a65   Thumb Code   138  lludiv10.o(.text)
    __lib_sel_fp_printf                      0x08006aef   Thumb Code     2  _printf_fp_dec.o(.text)
    _printf_fp_dec_real                      0x08006c9d   Thumb Code   620  _printf_fp_dec.o(.text)
    _printf_fp_hex_real                      0x08006f09   Thumb Code   754  _printf_fp_hex.o(.text)
    _printf_lcs_common                       0x08007205   Thumb Code    20  _printf_wchar.o(.text)
    _printf_wchar                            0x08007219   Thumb Code    16  _printf_wchar.o(.text)
    _printf_wstring                          0x08007229   Thumb Code     8  _printf_wchar.o(.text)
    ferror                                   0x08007231   Thumb Code     8  ferror.o(.text)
    _wcrtomb                                 0x08007239   Thumb Code    64  _wcrtomb.o(.text)
    __user_setup_stackheap                   0x08007279   Thumb Code    74  sys_stackheap_outer.o(.text)
    __rt_ctype_table                         0x080072c5   Thumb Code    16  rt_ctype_table.o(.text)
    __rt_locale                              0x080072d5   Thumb Code     8  rt_locale_intlibspace.o(.text)
    _printf_fp_infnan                        0x080072dd   Thumb Code   112  _printf_fp_infnan.o(.text)
    _btod_etento                             0x0800735d   Thumb Code   216  bigflt0.o(.text)
    exit                                     0x08007439   Thumb Code    12  exit.o(.text)
    __user_libspace                          0x08007445   Thumb Code     8  libspace.o(.text)
    __user_perproc_libspace                  0x08007445   Thumb Code     0  libspace.o(.text)
    __user_perthread_libspace                0x08007445   Thumb Code     0  libspace.o(.text)
    _btod_d2e                                0x0800744d   Thumb Code    62  btod.o(CL$$btod_d2e)
    _d2e_denorm_low                          0x0800748b   Thumb Code    70  btod.o(CL$$btod_d2e_denorm_low)
    _d2e_norm_op1                            0x080074d1   Thumb Code    96  btod.o(CL$$btod_d2e_norm_op1)
    __btod_div_common                        0x08007531   Thumb Code   696  btod.o(CL$$btod_div_common)
    _e2e                                     0x08007869   Thumb Code   198  btod.o(CL$$btod_e2e)
    _btod_ediv                               0x0800792f   Thumb Code    40  btod.o(CL$$btod_ediv)
    _btod_emul                               0x08007957   Thumb Code    40  btod.o(CL$$btod_emul)
    __btod_mult_common                       0x0800797f   Thumb Code   580  btod.o(CL$$btod_mult_common)
    __ARM_fpclassify                         0x08007bc3   Thumb Code    40  fpclassify.o(i.__ARM_fpclassify)
    _is_digit                                0x08007beb   Thumb Code    14  __printf_wp.o(i._is_digit)
    _get_lc_numeric                          0x08007bf9   Thumb Code    44  lc_numeric_c.o(locale$$code)
    _get_lc_ctype                            0x08007c25   Thumb Code    44  lc_ctype_c.o(locale$$code)
    _printf_fp_dec                           0x08007c51   Thumb Code     4  printf1.o(x$fpl$printf1)
    _printf_fp_hex                           0x08007c55   Thumb Code     4  printf2.o(x$fpl$printf2)
    __I$use$fp                               0x08007c58   Number         0  usenofp.o(x$fpl$usenofp)
    mon_table                                0x08007c70   Data          12  bsp_rtc.o(.constdata)
    Region$$Table$$Base                      0x08007d80   Number         0  anon$$obj.o(Region$$Table)
    Region$$Table$$Limit                     0x08007da0   Number         0  anon$$obj.o(Region$$Table)
    __ctype                                  0x08007dc9   Data           0  lc_ctype_c.o(locale$$data)
    minT1                                    0x20000000   Data           4  hardwarevariables.o(.data)
    maxT1                                    0x20000004   Data           4  hardwarevariables.o(.data)
    minT2                                    0x20000008   Data           4  hardwarevariables.o(.data)
    maxT2                                    0x2000000c   Data           4  hardwarevariables.o(.data)
    minH1                                    0x20000010   Data           4  hardwarevariables.o(.data)
    maxH1                                    0x20000014   Data           4  hardwarevariables.o(.data)
    minH2                                    0x20000018   Data           4  hardwarevariables.o(.data)
    maxH2                                    0x2000001c   Data           4  hardwarevariables.o(.data)
    minI1                                    0x20000020   Data           4  hardwarevariables.o(.data)
    maxI1                                    0x20000024   Data           4  hardwarevariables.o(.data)
    minI2                                    0x20000028   Data           4  hardwarevariables.o(.data)
    maxI2                                    0x2000002c   Data           4  hardwarevariables.o(.data)
    minS1                                    0x20000030   Data           4  hardwarevariables.o(.data)
    maxS1                                    0x20000034   Data           4  hardwarevariables.o(.data)
    minS2                                    0x20000038   Data           4  hardwarevariables.o(.data)
    maxS2                                    0x2000003c   Data           4  hardwarevariables.o(.data)
    autoMode                                 0x20000040   Data           4  hardwarevariables.o(.data)
    alarm                                    0x20000044   Data           4  hardwarevariables.o(.data)
    alarmFlag                                0x20000048   Data           4  hardwarevariables.o(.data)
    idType                                   0x2000004c   Data           4  hardwarevariables.o(.data)
    identifyFlag                             0x20000050   Data           4  hardwarevariables.o(.data)
    MQTTSendErrorTimes                       0x20000054   Data           4  hardwarevariables.o(.data)
    onlineCode                               0x20000058   Data           4  hardwarevariables.o(.data)
    offlineMessageCounts                     0x2000005c   Data           4  hardwarevariables.o(.data)
    lightAuto                                0x20000060   Data           4  hardwarevariables.o(.data)
    TG                                       0x20000064   Data           4  hardwarevariables.o(.data)
    sAlarm                                   0x20000068   Data           4  hardwarevariables.o(.data)
    hAlarm                                   0x2000006c   Data           4  hardwarevariables.o(.data)
    vName                                    0x20000070   Data         144  hardwarevariables.o(.data)
    sendTypeFlag                             0x20000100   Data           4  app_cloud.o(.data)
    openTimes                                0x20000104   Data           4  app_cloud.o(.data)
    alarmTimes                               0x20000108   Data           4  app_cloud.o(.data)
    sensorTimes                              0x2000010c   Data           4  app_cloud.o(.data)
    reconnectedTimes                         0x20000110   Data           4  app_cloud.o(.data)
    sTime                                    0x20000114   Data           4  app_cloud.o(.data)
    USART3_RX_STA                            0x2000011e   Data           2  usart3.o(.data)
    UART4_RX_COUNT                           0x20000120   Data           2  bsp_uart4.o(.data)
    F_UART4_RX_FINISH                        0x20000122   Data           1  bsp_uart4.o(.data)
    F_UART4_RX_RECEIVING                     0x20000123   Data           1  bsp_uart4.o(.data)
    UART4_RX_TIMEOUT_COUNT                   0x20000124   Data           1  bsp_uart4.o(.data)
    rtc_cb                                   0x20000128   Data           4  bsp_rtc.o(.data)
    USART2_RX_STA                            0x20000134   Data           2  usart2.o(.data)
    __stdout                                 0x2000013c   Data           4  usart.o(.data)
    USART_RX_STA                             0x20000140   Data           2  usart.o(.data)
    SystemCoreClock                          0x20000144   Data           4  system_stm32f10x.o(.data)
    AHBPrescTable                            0x20000148   Data          16  system_stm32f10x.o(.data)
    LoRa_CFG                                 0x2000016c   Data          10  lora_app.o(.data)
    EXTI_InitStructure                       0x20000178   Data           8  lora_app.o(.data)
    Lora_NVIC_InitStructure                  0x20000180   Data           4  lora_app.o(.data)
    Lora_mode                                0x20000184   Data           1  lora_app.o(.data)
    Dire_Date                                0x20000186   Data           5  lora_app.o(.data)
    peopleNum                                0x2000018c   Data           4  lora_app.o(.data)
    lightStatus                              0x20000190   Data           4  lora_app.o(.data)
    lightPWM                                 0x20000194   Data           4  lora_app.o(.data)
    fanStatus1                               0x20000198   Data           4  lora_app.o(.data)
    fanSpeed1                                0x2000019c   Data           4  lora_app.o(.data)
    fanStatus2                               0x200001a0   Data           4  lora_app.o(.data)
    fanSpeed2                                0x200001a4   Data           4  lora_app.o(.data)
    motorStatus1                             0x200001a8   Data           4  lora_app.o(.data)
    motorSpeed1                              0x200001ac   Data           4  lora_app.o(.data)
    motorDirection1                          0x200001b0   Data           4  lora_app.o(.data)
    motorStatus2                             0x200001b4   Data           4  lora_app.o(.data)
    motorSpeed2                              0x200001b8   Data           4  lora_app.o(.data)
    motorDirection2                          0x200001bc   Data           4  lora_app.o(.data)
    infraredStatus1                          0x200001c0   Data           4  lora_app.o(.data)
    infraredStatus2                          0x200001c4   Data           4  lora_app.o(.data)
    buzzerStatus                             0x200001c8   Data           4  lora_app.o(.data)
    LEDStatus1                               0x200001cc   Data           4  lora_app.o(.data)
    LEDStatus2                               0x200001d0   Data           4  lora_app.o(.data)
    LEDStatus3                               0x200001d4   Data           4  lora_app.o(.data)
    LEDStatus4                               0x200001d8   Data           4  lora_app.o(.data)
    h1                                       0x200001dc   Data           4  lora_app.o(.data)
    h2                                       0x200001e0   Data           4  lora_app.o(.data)
    t1                                       0x200001e4   Data           4  lora_app.o(.data)
    t2                                       0x200001e8   Data           4  lora_app.o(.data)
    i1                                       0x200001ec   Data           4  lora_app.o(.data)
    i2                                       0x200001f0   Data           4  lora_app.o(.data)
    s1                                       0x200001f4   Data           4  lora_app.o(.data)
    s2                                       0x200001f8   Data           4  lora_app.o(.data)
    wifiConnectStatus                        0x200001fc   Data           4  lora_app.o(.data)
    serverConnectStatus                      0x20000200   Data           4  lora_app.o(.data)
    wifi                                     0x20000204   Data           4  lora_app.o(.data)
    server                                   0x20000208   Data           4  lora_app.o(.data)
    speed_flag                               0x2000020c   Data           4  lora_app.o(.data)
    lightLastTime                            0x20000210   Data           4  lora_app.o(.data)
    lightFlag                                0x20000214   Data           4  lora_app.o(.data)
    motorFlag                                0x20000218   Data           4  lora_app.o(.data)
    obj_addr                                 0x20000220   Data           4  lora_ui.o(.data)
    obj_chn                                  0x20000224   Data           1  lora_ui.o(.data)
    jiffies                                  0x20000228   Data           4  systick.o(.data)
    Uart3RxDataConut                         0x2000022c   Data           1  rfid.o(.data)
    Rx3Flag                                  0x2000022d   Data           1  rfid.o(.data)
    Cmd_Read_Id                              0x2000022e   Data           8  rfid.o(.data)
    Cmd_Read_Block                           0x20000236   Data           8  rfid.o(.data)
    Cmd_Write_Block                          0x2000023e   Data          23  rfid.o(.data)
    WBlockData                               0x20000255   Data          16  rfid.o(.data)
    Cmd_Write_RFID                           0x20000265   Data          11  rfid.o(.data)
    Cmd_Read_RFID                            0x20000270   Data           8  rfid.o(.data)
    buzzer_on                                0x2000027a   Data           1  buzzer.o(.data)
    offlineMessage                           0x20000280   Data        3600  hardwarevariables.o(.bss)
    IpData                                   0x20001090   Data         128  app_cloud.o(.bss)
    MQTTData                                 0x20001110   Data         256  app_cloud.o(.bss)
    USART3_RX_BUF                            0x20001280   Data        1024  usart3.o(.bss)
    USART3_TX_BUF                            0x20001680   Data         600  usart3.o(.bss)
    USART_InitStructure3                     0x200018d8   Data          16  usart3.o(.bss)
    UART4_RX_BUF                             0x200018e8   Data         255  bsp_uart4.o(.bss)
    calendar                                 0x200019e8   Data          10  bsp_rtc.o(.bss)
    USART2_RX_BUF                            0x200019f4   Data        1024  usart2.o(.bss)
    USART2_TX_BUF                            0x20001df4   Data         600  usart2.o(.bss)
    USART_InitStructure                      0x2000204c   Data          16  usart2.o(.bss)
    USART_RX_BUF                             0x2000205c   Data         200  usart.o(.bss)
    date                                     0x20002124   Data          30  lora_app.o(.bss)
    Tran_Data                                0x20002142   Data         200  lora_app.o(.bss)
    wlcd_buff                                0x2000220a   Data          10  lora_app.o(.bss)
    rlcd_buff                                0x20002214   Data          10  lora_app.o(.bss)
    Uart3RxBuf                               0x2000221e   Data          30  rfid.o(.bss)
    __libspace_start                         0x2000223c   Data          96  libspace.o(.bss)
    __temporary_stack_top$libspace           0x2000229c   Data           0  libspace.o(.bss)



==============================================================================

Memory Map of the image

  Image Entry point : 0x08000131

  Load Region LR_IROM1 (Base: 0x08000000, Size: 0x0000814c, Max: 0x00080000, ABSOLUTE, COMPRESSED[0x00007f54])

    Execution Region ER_IROM1 (Base: 0x08000000, Size: 0x00007ecc, Max: 0x00080000, ABSOLUTE)

    Base Addr    Size         Type   Attr      Idx    E Section Name        Object

    0x08000000   0x00000130   Data   RO          430    RESET               startup_stm32f10x_hd.o
    0x08000130   0x00000008   Code   RO          850  * !!!main             c_w.l(__main.o)
    0x08000138   0x00000034   Code   RO         1120    !!!scatter          c_w.l(__scatter.o)
    0x0800016c   0x0000005a   Code   RO         1118    !!dczerorl2         c_w.l(__dczerorl2.o)
    0x080001c6   0x00000002   PAD
    0x080001c8   0x0000001c   Code   RO         1122    !!handler_zi        c_w.l(__scatter_zi.o)
    0x080001e4   0x00000000   Code   RO          831    .ARM.Collect$$_printf_percent$$00000000  c_w.l(_printf_percent.o)
    0x080001e4   0x00000006   Code   RO          880    .ARM.Collect$$_printf_percent$$00000001  c_w.l(_printf_n.o)
    0x080001ea   0x00000006   Code   RO          881    .ARM.Collect$$_printf_percent$$00000002  c_w.l(_printf_p.o)
    0x080001f0   0x00000006   Code   RO          885    .ARM.Collect$$_printf_percent$$00000003  c_w.l(_printf_f.o)
    0x080001f6   0x00000006   Code   RO          886    .ARM.Collect$$_printf_percent$$00000004  c_w.l(_printf_e.o)
    0x080001fc   0x00000006   Code   RO          887    .ARM.Collect$$_printf_percent$$00000005  c_w.l(_printf_g.o)
    0x08000202   0x00000006   Code   RO          888    .ARM.Collect$$_printf_percent$$00000006  c_w.l(_printf_a.o)
    0x08000208   0x0000000a   Code   RO          893    .ARM.Collect$$_printf_percent$$00000007  c_w.l(_printf_ll.o)
    0x08000212   0x00000006   Code   RO          883    .ARM.Collect$$_printf_percent$$00000008  c_w.l(_printf_i.o)
    0x08000218   0x00000006   Code   RO          830    .ARM.Collect$$_printf_percent$$00000009  c_w.l(_printf_d.o)
    0x0800021e   0x00000006   Code   RO          884    .ARM.Collect$$_printf_percent$$0000000A  c_w.l(_printf_u.o)
    0x08000224   0x00000006   Code   RO          882    .ARM.Collect$$_printf_percent$$0000000B  c_w.l(_printf_o.o)
    0x0800022a   0x00000006   Code   RO          829    .ARM.Collect$$_printf_percent$$0000000C  c_w.l(_printf_x.o)
    0x08000230   0x00000006   Code   RO          890    .ARM.Collect$$_printf_percent$$0000000D  c_w.l(_printf_lli.o)
    0x08000236   0x00000006   Code   RO          891    .ARM.Collect$$_printf_percent$$0000000E  c_w.l(_printf_lld.o)
    0x0800023c   0x00000006   Code   RO          892    .ARM.Collect$$_printf_percent$$0000000F  c_w.l(_printf_llu.o)
    0x08000242   0x00000006   Code   RO          897    .ARM.Collect$$_printf_percent$$00000010  c_w.l(_printf_llo.o)
    0x08000248   0x00000006   Code   RO          898    .ARM.Collect$$_printf_percent$$00000011  c_w.l(_printf_llx.o)
    0x0800024e   0x0000000a   Code   RO          894    .ARM.Collect$$_printf_percent$$00000012  c_w.l(_printf_l.o)
    0x08000258   0x00000006   Code   RO          827    .ARM.Collect$$_printf_percent$$00000013  c_w.l(_printf_c.o)
    0x0800025e   0x00000006   Code   RO          828    .ARM.Collect$$_printf_percent$$00000014  c_w.l(_printf_s.o)
    0x08000264   0x00000006   Code   RO          895    .ARM.Collect$$_printf_percent$$00000015  c_w.l(_printf_lc.o)
    0x0800026a   0x00000006   Code   RO          896    .ARM.Collect$$_printf_percent$$00000016  c_w.l(_printf_ls.o)
    0x08000270   0x00000004   Code   RO          889    .ARM.Collect$$_printf_percent$$00000017  c_w.l(_printf_percent_end.o)
    0x08000274   0x00000002   Code   RO          987    .ARM.Collect$$libinit$$00000000  c_w.l(libinit.o)
    0x08000276   0x00000000   Code   RO         1002    .ARM.Collect$$libinit$$00000002  c_w.l(libinit2.o)
    0x08000276   0x00000000   Code   RO         1004    .ARM.Collect$$libinit$$00000004  c_w.l(libinit2.o)
    0x08000276   0x00000000   Code   RO         1007    .ARM.Collect$$libinit$$0000000A  c_w.l(libinit2.o)
    0x08000276   0x00000000   Code   RO         1009    .ARM.Collect$$libinit$$0000000C  c_w.l(libinit2.o)
    0x08000276   0x00000000   Code   RO         1011    .ARM.Collect$$libinit$$0000000E  c_w.l(libinit2.o)
    0x08000276   0x00000006   Code   RO         1012    .ARM.Collect$$libinit$$0000000F  c_w.l(libinit2.o)
    0x0800027c   0x00000000   Code   RO         1014    .ARM.Collect$$libinit$$00000011  c_w.l(libinit2.o)
    0x0800027c   0x0000000c   Code   RO         1015    .ARM.Collect$$libinit$$00000012  c_w.l(libinit2.o)
    0x08000288   0x00000000   Code   RO         1016    .ARM.Collect$$libinit$$00000013  c_w.l(libinit2.o)
    0x08000288   0x00000000   Code   RO         1018    .ARM.Collect$$libinit$$00000015  c_w.l(libinit2.o)
    0x08000288   0x0000000a   Code   RO         1019    .ARM.Collect$$libinit$$00000016  c_w.l(libinit2.o)
    0x08000292   0x00000000   Code   RO         1020    .ARM.Collect$$libinit$$00000017  c_w.l(libinit2.o)
    0x08000292   0x00000000   Code   RO         1022    .ARM.Collect$$libinit$$00000019  c_w.l(libinit2.o)
    0x08000292   0x00000000   Code   RO         1024    .ARM.Collect$$libinit$$0000001B  c_w.l(libinit2.o)
    0x08000292   0x00000000   Code   RO         1026    .ARM.Collect$$libinit$$0000001D  c_w.l(libinit2.o)
    0x08000292   0x00000000   Code   RO         1028    .ARM.Collect$$libinit$$0000001F  c_w.l(libinit2.o)
    0x08000292   0x00000000   Code   RO         1030    .ARM.Collect$$libinit$$00000021  c_w.l(libinit2.o)
    0x08000292   0x00000000   Code   RO         1032    .ARM.Collect$$libinit$$00000023  c_w.l(libinit2.o)
    0x08000292   0x00000000   Code   RO         1034    .ARM.Collect$$libinit$$00000025  c_w.l(libinit2.o)
    0x08000292   0x00000000   Code   RO         1038    .ARM.Collect$$libinit$$0000002C  c_w.l(libinit2.o)
    0x08000292   0x00000000   Code   RO         1040    .ARM.Collect$$libinit$$0000002E  c_w.l(libinit2.o)
    0x08000292   0x00000000   Code   RO         1042    .ARM.Collect$$libinit$$00000030  c_w.l(libinit2.o)
    0x08000292   0x00000000   Code   RO         1044    .ARM.Collect$$libinit$$00000032  c_w.l(libinit2.o)
    0x08000292   0x00000002   Code   RO         1045    .ARM.Collect$$libinit$$00000033  c_w.l(libinit2.o)
    0x08000294   0x00000002   Code   RO         1063    .ARM.Collect$$libshutdown$$00000000  c_w.l(libshutdown.o)
    0x08000296   0x00000000   Code   RO         1074    .ARM.Collect$$libshutdown$$00000003  c_w.l(libshutdown2.o)
    0x08000296   0x00000000   Code   RO         1077    .ARM.Collect$$libshutdown$$00000006  c_w.l(libshutdown2.o)
    0x08000296   0x00000000   Code   RO         1080    .ARM.Collect$$libshutdown$$00000009  c_w.l(libshutdown2.o)
    0x08000296   0x00000000   Code   RO         1082    .ARM.Collect$$libshutdown$$0000000B  c_w.l(libshutdown2.o)
    0x08000296   0x00000000   Code   RO         1085    .ARM.Collect$$libshutdown$$0000000E  c_w.l(libshutdown2.o)
    0x08000296   0x00000002   Code   RO         1086    .ARM.Collect$$libshutdown$$0000000F  c_w.l(libshutdown2.o)
    0x08000298   0x00000000   Code   RO          854    .ARM.Collect$$rtentry$$00000000  c_w.l(__rtentry.o)
    0x08000298   0x00000000   Code   RO          910    .ARM.Collect$$rtentry$$00000002  c_w.l(__rtentry2.o)
    0x08000298   0x00000006   Code   RO          922    .ARM.Collect$$rtentry$$00000004  c_w.l(__rtentry4.o)
    0x0800029e   0x00000000   Code   RO          912    .ARM.Collect$$rtentry$$00000009  c_w.l(__rtentry2.o)
    0x0800029e   0x00000004   Code   RO          913    .ARM.Collect$$rtentry$$0000000A  c_w.l(__rtentry2.o)
    0x080002a2   0x00000000   Code   RO          915    .ARM.Collect$$rtentry$$0000000C  c_w.l(__rtentry2.o)
    0x080002a2   0x00000008   Code   RO          916    .ARM.Collect$$rtentry$$0000000D  c_w.l(__rtentry2.o)
    0x080002aa   0x00000002   Code   RO          996    .ARM.Collect$$rtexit$$00000000  c_w.l(rtexit.o)
    0x080002ac   0x00000000   Code   RO         1047    .ARM.Collect$$rtexit$$00000002  c_w.l(rtexit2.o)
    0x080002ac   0x00000004   Code   RO         1048    .ARM.Collect$$rtexit$$00000003  c_w.l(rtexit2.o)
    0x080002b0   0x00000006   Code   RO         1049    .ARM.Collect$$rtexit$$00000004  c_w.l(rtexit2.o)
    0x080002b6   0x00000002   PAD
    0x080002b8   0x00000002   Code   RO          698    .emb_text           sys.o
    0x080002ba   0x00000002   PAD
    0x080002bc   0x00000058   Code   RO            1    .text               main.o
    0x08000314   0x000006bc   Code   RO          172    .text               hardwarevariables.o
    0x080009d0   0x00000404   Code   RO          202    .text               hal_wifitocloud.o
    0x08000dd4   0x00000810   Code   RO          215    .text               wifitocloud.o
    0x080015e4   0x00000ac0   Code   RO          234    .text               app_cloud.o
    0x080020a4   0x000000f4   Code   RO          255    .text               usart3.o
    0x08002198   0x00000164   Code   RO          274    .text               timer.o
    0x080022fc   0x00000124   Code   RO          287    .text               bsp_uart4.o
    0x08002420   0x000002f4   Code   RO          306    .text               bsp_rtc.o
    0x08002714   0x000001f8   Code   RO          342    .text               usart2.o
    0x0800290c   0x000000c0   Code   RO          361    .text               usart.o
    0x080029cc   0x0000028c   Code   RO          384    .text               stm32f10x_it.o
    0x08002c58   0x000001e0   Code   RO          410    .text               system_stm32f10x.o
    0x08002e38   0x00000040   Code   RO          431    .text               startup_stm32f10x_hd.o
    0x08002e78   0x000000dc   Code   RO          435    .text               misc.o
    0x08002f54   0x000000c4   Code   RO          480    .text               stm32f10x_bkp.o
    0x08003018   0x0000011c   Code   RO          537    .text               stm32f10x_exti.o
    0x08003134   0x0000035c   Code   RO          552    .text               stm32f10x_gpio.o
    0x08003490   0x000003a4   Code   RO          567    .text               stm32f10x_rcc.o
    0x08003834   0x00000148   Code   RO          584    .text               stm32f10x_rtc.o
    0x0800397c   0x00000e1a   Code   RO          596    .text               stm32f10x_tim.o
    0x08004796   0x00000002   PAD
    0x08004798   0x00000408   Code   RO          611    .text               stm32f10x_usart.o
    0x08004ba0   0x000000cc   Code   RO          626    .text               stm32f10x_pwr.o
    0x08004c6c   0x00000790   Code   RO          638    .text               lora_app.o
    0x080053fc   0x00000208   Code   RO          665    .text               lora_ui.o
    0x08005604   0x000000b8   Code   RO          680    .text               systick.o
    0x080056bc   0x00000464   Code   RO          699    .text               sys.o
    0x08005b20   0x00000084   Code   RO          714    .text               delay.o
    0x08005ba4   0x00000438   Code   RO          726    .text               rfid.o
    0x08005fdc   0x0000011c   Code   RO          746    .text               buzzer.o
    0x080060f8   0x00000002   Code   RO          766    .text               c_w.l(use_no_semi_2.o)
    0x080060fa   0x00000002   PAD
    0x080060fc   0x00000024   Code   RO          768    .text               c_w.l(vsprintf.o)
    0x08006120   0x00000018   Code   RO          770    .text               c_w.l(__2printf.o)
    0x08006138   0x0000002c   Code   RO          772    .text               c_w.l(__2sprintf.o)
    0x08006164   0x0000004e   Code   RO          780    .text               c_w.l(_printf_pad.o)
    0x080061b2   0x00000052   Code   RO          782    .text               c_w.l(_printf_str.o)
    0x08006204   0x00000078   Code   RO          784    .text               c_w.l(_printf_dec.o)
    0x0800627c   0x00000094   Code   RO          804    .text               c_w.l(_printf_hex_int_ll_ptr.o)
    0x08006310   0x00000188   Code   RO          824    .text               c_w.l(__printf_flags_ss_wp.o)
    0x08006498   0x00000024   Code   RO          832    .text               c_w.l(strstr.o)
    0x080064bc   0x00000016   Code   RO          834    .text               c_w.l(strrchr.o)
    0x080064d2   0x0000003e   Code   RO          836    .text               c_w.l(strlen.o)
    0x08006510   0x00000018   Code   RO          838    .text               c_w.l(strcat.o)
    0x08006528   0x0000008a   Code   RO          840    .text               c_w.l(rt_memcpy_v6.o)
    0x080065b2   0x00000044   Code   RO          842    .text               c_w.l(rt_memclr.o)
    0x080065f6   0x0000004e   Code   RO          844    .text               c_w.l(rt_memclr_w.o)
    0x08006644   0x00000080   Code   RO          846    .text               c_w.l(strcmpv7m.o)
    0x080066c4   0x00000006   Code   RO          848    .text               c_w.l(heapauxi.o)
    0x080066ca   0x00000002   Code   RO          852    .text               c_w.l(use_no_semi.o)
    0x080066cc   0x00000024   Code   RO          855    .text               c_w.l(_printf_truncate.o)
    0x080066f0   0x000000b2   Code   RO          857    .text               c_w.l(_printf_intcommon.o)
    0x080067a2   0x00000028   Code   RO          859    .text               c_w.l(_printf_charcount.o)
    0x080067ca   0x00000002   PAD
    0x080067cc   0x00000030   Code   RO          861    .text               c_w.l(_printf_char_common.o)
    0x080067fc   0x0000000a   Code   RO          863    .text               c_w.l(_sputc.o)
    0x08006806   0x0000002c   Code   RO          865    .text               c_w.l(_printf_char.o)
    0x08006832   0x00000002   PAD
    0x08006834   0x00000024   Code   RO          867    .text               c_w.l(_printf_char_file.o)
    0x08006858   0x000000bc   Code   RO          869    .text               c_w.l(_printf_wctomb.o)
    0x08006914   0x0000007c   Code   RO          872    .text               c_w.l(_printf_longlong_dec.o)
    0x08006990   0x00000070   Code   RO          878    .text               c_w.l(_printf_oct_int_ll.o)
    0x08006a00   0x00000064   Code   RO          899    .text               c_w.l(rt_memcpy_w.o)
    0x08006a64   0x0000008a   Code   RO          924    .text               c_w.l(lludiv10.o)
    0x08006aee   0x0000041a   Code   RO          926    .text               c_w.l(_printf_fp_dec.o)
    0x08006f08   0x000002fc   Code   RO          928    .text               c_w.l(_printf_fp_hex.o)
    0x08007204   0x0000002c   Code   RO          933    .text               c_w.l(_printf_wchar.o)
    0x08007230   0x00000008   Code   RO          935    .text               c_w.l(ferror.o)
    0x08007238   0x00000040   Code   RO          939    .text               c_w.l(_wcrtomb.o)
    0x08007278   0x0000004a   Code   RO          941    .text               c_w.l(sys_stackheap_outer.o)
    0x080072c2   0x00000002   PAD
    0x080072c4   0x00000010   Code   RO          943    .text               c_w.l(rt_ctype_table.o)
    0x080072d4   0x00000008   Code   RO          948    .text               c_w.l(rt_locale_intlibspace.o)
    0x080072dc   0x00000080   Code   RO          950    .text               c_w.l(_printf_fp_infnan.o)
    0x0800735c   0x000000dc   Code   RO          952    .text               c_w.l(bigflt0.o)
    0x08007438   0x0000000c   Code   RO          980    .text               c_w.l(exit.o)
    0x08007444   0x00000008   Code   RO          993    .text               c_w.l(libspace.o)
    0x0800744c   0x0000003e   Code   RO          955    CL$$btod_d2e        c_w.l(btod.o)
    0x0800748a   0x00000046   Code   RO          957    CL$$btod_d2e_denorm_low  c_w.l(btod.o)
    0x080074d0   0x00000060   Code   RO          956    CL$$btod_d2e_norm_op1  c_w.l(btod.o)
    0x08007530   0x00000338   Code   RO          965    CL$$btod_div_common  c_w.l(btod.o)
    0x08007868   0x000000c6   Code   RO          962    CL$$btod_e2e        c_w.l(btod.o)
    0x0800792e   0x00000028   Code   RO          959    CL$$btod_ediv       c_w.l(btod.o)
    0x08007956   0x00000028   Code   RO          958    CL$$btod_emul       c_w.l(btod.o)
    0x0800797e   0x00000244   Code   RO          964    CL$$btod_mult_common  c_w.l(btod.o)
    0x08007bc2   0x00000028   Code   RO          991    i.__ARM_fpclassify  m_ws.l(fpclassify.o)
    0x08007bea   0x0000000e   Code   RO          817    i._is_digit         c_w.l(__printf_wp.o)
    0x08007bf8   0x0000002c   Code   RO          978    locale$$code        c_w.l(lc_numeric_c.o)
    0x08007c24   0x0000002c   Code   RO          999    locale$$code        c_w.l(lc_ctype_c.o)
    0x08007c50   0x00000004   Code   RO          901    x$fpl$printf1       fz_ws.l(printf1.o)
    0x08007c54   0x00000004   Code   RO          903    x$fpl$printf2       fz_ws.l(printf2.o)
    0x08007c58   0x00000000   Code   RO          990    x$fpl$usenofp       fz_ws.l(usenofp.o)
    0x08007c58   0x0000000d   Data   RO          203    .constdata          hal_wifitocloud.o
    0x08007c65   0x0000000b   Data   RO          236    .constdata          app_cloud.o
    0x08007c70   0x0000000c   Data   RO          308    .constdata          bsp_rtc.o
    0x08007c7c   0x00000004   Data   RO          728    .constdata          rfid.o
    0x08007c80   0x00000028   Data   RO          805    .constdata          c_w.l(_printf_hex_int_ll_ptr.o)
    0x08007ca8   0x00000011   Data   RO          825    .constdata          c_w.l(__printf_flags_ss_wp.o)
    0x08007cb9   0x00000003   PAD
    0x08007cbc   0x00000008   Data   RO          870    .constdata          c_w.l(_printf_wctomb.o)
    0x08007cc4   0x00000026   Data   RO          929    .constdata          c_w.l(_printf_fp_hex.o)
    0x08007cea   0x00000002   PAD
    0x08007cec   0x00000094   Data   RO          953    .constdata          c_w.l(bigflt0.o)
    0x08007d80   0x00000020   Data   RO         1116    Region$$Table       anon$$obj.o
    0x08007da0   0x0000001c   Data   RO          977    locale$$data        c_w.l(lc_numeric_c.o)
    0x08007dbc   0x00000110   Data   RO          998    locale$$data        c_w.l(lc_ctype_c.o)


    Execution Region RW_IRAM1 (Base: 0x20000000, Size: 0x000028a0, Max: 0x00010000, ABSOLUTE, COMPRESSED[0x00000088])

    Base Addr    Size         Type   Attr      Idx    E Section Name        Object

    0x20000000   0x00000100   Data   RW          174    .data               hardwarevariables.o
    0x20000100   0x0000001d   Data   RW          237    .data               app_cloud.o
    0x2000011d   0x00000001   PAD
    0x2000011e   0x00000002   Data   RW          257    .data               usart3.o
    0x20000120   0x00000005   Data   RW          289    .data               bsp_uart4.o
    0x20000125   0x00000003   PAD
    0x20000128   0x0000000c   Data   RW          309    .data               bsp_rtc.o
    0x20000134   0x00000008   Data   RW          344    .data               usart2.o
    0x2000013c   0x00000006   Data   RW          363    .data               usart.o
    0x20000142   0x00000002   PAD
    0x20000144   0x00000014   Data   RW          411    .data               system_stm32f10x.o
    0x20000158   0x00000014   Data   RW          568    .data               stm32f10x_rcc.o
    0x2000016c   0x000000b1   Data   RW          640    .data               lora_app.o
    0x2000021d   0x00000003   PAD
    0x20000220   0x00000005   Data   RW          666    .data               lora_ui.o
    0x20000225   0x00000003   PAD
    0x20000228   0x00000004   Data   RW          681    .data               systick.o
    0x2000022c   0x0000004c   Data   RW          729    .data               rfid.o
    0x20000278   0x00000006   Data   RW          747    .data               buzzer.o
    0x2000027e   0x00000002   PAD
    0x20000280   0x00000e10   Zero   RW          173    .bss                hardwarevariables.o
    0x20001090   0x000001ee   Zero   RW          235    .bss                app_cloud.o
    0x2000127e   0x00000002   PAD
    0x20001280   0x00000668   Zero   RW          256    .bss                usart3.o
    0x200018e8   0x000000ff   Zero   RW          288    .bss                bsp_uart4.o
    0x200019e7   0x00000001   PAD
    0x200019e8   0x0000000a   Zero   RW          307    .bss                bsp_rtc.o
    0x200019f2   0x00000002   PAD
    0x200019f4   0x00000668   Zero   RW          343    .bss                usart2.o
    0x2000205c   0x000000c8   Zero   RW          362    .bss                usart.o
    0x20002124   0x000000fa   Zero   RW          639    .bss                lora_app.o
    0x2000221e   0x0000001e   Zero   RW          727    .bss                rfid.o
    0x2000223c   0x00000060   Zero   RW          994    .bss                c_w.l(libspace.o)
    0x2000229c   0x00000004   PAD
    0x200022a0   0x00000200   Zero   RW          429    HEAP                startup_stm32f10x_hd.o
    0x200024a0   0x00000400   Zero   RW          428    STACK               startup_stm32f10x_hd.o


==============================================================================

Image component sizes


      Code (inc. data)   RO Data    RW Data    ZI Data      Debug   Object Name

      2752        732         11         29        494       5148   app_cloud.o
       756         34         12         12         10       3368   bsp_rtc.o
       292         12          0          5        255       1951   bsp_uart4.o
       284         20          0          6          0       1359   buzzer.o
         0          0          0          0          0         32   core_cm3.o
       132         18          0          0          0        881   delay.o
      1028        444         13          0          0       1903   hal_wifitocloud.o
      1724        680          0        256       3600       4430   hardwarevariables.o
      1936        476          0        177        250       5534   lora_app.o
       520         24          0          5          0       2859   lora_ui.o
        88         14          0          0          0     247767   main.o
       220         22          0          0          0      12205   misc.o
      1080         66          4         76         30       4584   rfid.o
        64         26        304          0       1536        776   startup_stm32f10x_hd.o
       196          8          0          0          0       3440   stm32f10x_bkp.o
       284         10          0          0          0       4419   stm32f10x_exti.o
       860         38          0          0          0      14021   stm32f10x_gpio.o
       652        104          0          0          0       2242   stm32f10x_it.o
       204         14          0          0          0       1907   stm32f10x_pwr.o
       932         36          0         20          0      17552   stm32f10x_rcc.o
       328          4          0          0          0       2654   stm32f10x_rtc.o
      3610         88          0          0          0      42492   stm32f10x_tim.o
      1032         22          0          0          0      14424   stm32f10x_usart.o
      1126         52          0          0          0       5317   sys.o
       480         38          0         20          0       1715   system_stm32f10x.o
       184          8          0          4          0       1933   systick.o
       356         14          0          0          0       1516   timer.o
       192          8          0          6        200       2909   usart.o
       504         38          0          8       1640       2197   usart2.o
       244         18          0          2       1640       1661   usart3.o
      2064        634          0          0          0       5507   wifitocloud.o

    ----------------------------------------------------------------------
     24128       3702        376        640       9660     418703   Object Totals
         0          0         32          0          0          0   (incl. Generated)
         4          0          0         14          5          0   (incl. Padding)

    ----------------------------------------------------------------------

      Code (inc. data)   RO Data    RW Data    ZI Data      Debug   Library Member Name

        24          4          0          0          0         84   __2printf.o
        44          6          0          0          0         84   __2sprintf.o
        90          0          0          0          0          0   __dczerorl2.o
         8          0          0          0          0         68   __main.o
       392          4         17          0          0         92   __printf_flags_ss_wp.o
        14          0          0          0          0         68   __printf_wp.o
         0          0          0          0          0          0   __rtentry.o
        12          0          0          0          0          0   __rtentry2.o
         6          0          0          0          0          0   __rtentry4.o
        52          8          0          0          0          0   __scatter.o
        28          0          0          0          0          0   __scatter_zi.o
         6          0          0          0          0          0   _printf_a.o
         6          0          0          0          0          0   _printf_c.o
        44          0          0          0          0        108   _printf_char.o
        48          6          0          0          0         96   _printf_char_common.o
        36          4          0          0          0         80   _printf_char_file.o
        40          0          0          0          0         68   _printf_charcount.o
         6          0          0          0          0          0   _printf_d.o
       120         16          0          0          0         92   _printf_dec.o
         6          0          0          0          0          0   _printf_e.o
         6          0          0          0          0          0   _printf_f.o
      1050          0          0          0          0        216   _printf_fp_dec.o
       764         10         38          0          0        100   _printf_fp_hex.o
       128         16          0          0          0         84   _printf_fp_infnan.o
         6          0          0          0          0          0   _printf_g.o
       148          4         40          0          0        160   _printf_hex_int_ll_ptr.o
         6          0          0          0          0          0   _printf_i.o
       178          0          0          0          0         88   _printf_intcommon.o
        10          0          0          0          0          0   _printf_l.o
         6          0          0          0          0          0   _printf_lc.o
        10          0          0          0          0          0   _printf_ll.o
         6          0          0          0          0          0   _printf_lld.o
         6          0          0          0          0          0   _printf_lli.o
         6          0          0          0          0          0   _printf_llo.o
         6          0          0          0          0          0   _printf_llu.o
         6          0          0          0          0          0   _printf_llx.o
       124         16          0          0          0         92   _printf_longlong_dec.o
         6          0          0          0          0          0   _printf_ls.o
         6          0          0          0          0          0   _printf_n.o
         6          0          0          0          0          0   _printf_o.o
       112          8          0          0          0        124   _printf_oct_int_ll.o
         6          0          0          0          0          0   _printf_p.o
        78          0          0          0          0        108   _printf_pad.o
         0          0          0          0          0          0   _printf_percent.o
         4          0          0          0          0          0   _printf_percent_end.o
         6          0          0          0          0          0   _printf_s.o
        82          0          0          0          0         80   _printf_str.o
        36          0          0          0          0         84   _printf_truncate.o
         6          0          0          0          0          0   _printf_u.o
        44          0          0          0          0        108   _printf_wchar.o
       188          6          8          0          0         92   _printf_wctomb.o
         6          0          0          0          0          0   _printf_x.o
        10          0          0          0          0         68   _sputc.o
        64          0          0          0          0         92   _wcrtomb.o
       220          4        148          0          0         96   bigflt0.o
      1910        128          0          0          0        672   btod.o
        12          0          0          0          0         72   exit.o
         8          0          0          0          0         68   ferror.o
         6          0          0          0          0        152   heapauxi.o
        44         10        272          0          0         76   lc_ctype_c.o
        44         10         28          0          0         76   lc_numeric_c.o
         2          0          0          0          0          0   libinit.o
        30          0          0          0          0          0   libinit2.o
         2          0          0          0          0          0   libshutdown.o
         2          0          0          0          0          0   libshutdown2.o
         8          4          0          0         96         68   libspace.o
       138          0          0          0          0         80   lludiv10.o
        16          4          0          0          0         76   rt_ctype_table.o
         8          4          0          0          0         68   rt_locale_intlibspace.o
        68          0          0          0          0         68   rt_memclr.o
        78          0          0          0          0         80   rt_memclr_w.o
       138          0          0          0          0         68   rt_memcpy_v6.o
       100          0          0          0          0         80   rt_memcpy_w.o
         2          0          0          0          0          0   rtexit.o
        10          0          0          0          0          0   rtexit2.o
        24          0          0          0          0         68   strcat.o
       128          0          0          0          0         68   strcmpv7m.o
        62          0          0          0          0         76   strlen.o
        22          0          0          0          0         68   strrchr.o
        36          0          0          0          0         80   strstr.o
        74          0          0          0          0         80   sys_stackheap_outer.o
         2          0          0          0          0         68   use_no_semi.o
         2          0          0          0          0         68   use_no_semi_2.o
        36          4          0          0          0         76   vsprintf.o
         4          0          0          0          0         68   printf1.o
         4          0          0          0          0         68   printf2.o
         0          0          0          0          0          0   usenofp.o
        40          0          0          0          0         68   fpclassify.o

    ----------------------------------------------------------------------
      7400        276        556          0        100       4992   Library Totals
        12          0          5          0          4          0   (incl. Padding)

    ----------------------------------------------------------------------

      Code (inc. data)   RO Data    RW Data    ZI Data      Debug   Library Name

      7340        276        551          0         96       4788   c_w.l
         8          0          0          0          0        136   fz_ws.l
        40          0          0          0          0         68   m_ws.l

    ----------------------------------------------------------------------
      7400        276        556          0        100       4992   Library Totals

    ----------------------------------------------------------------------

==============================================================================


      Code (inc. data)   RO Data    RW Data    ZI Data      Debug   

     31528       3978        932        640       9760     417971   Grand Totals
     31528       3978        932        136       9760     417971   ELF Image Totals (compressed)
     31528       3978        932        136          0          0   ROM Totals

==============================================================================

    Total RO  Size (Code + RO Data)                32460 (  31.70kB)
    Total RW  Size (RW Data + ZI Data)             10400 (  10.16kB)
    Total ROM Size (Code + RO Data + RW Data)      32596 (  31.83kB)

==============================================================================

